Archive member included to satisfy reference by file (symbol)

c:/mounriver/mounriver_studio/toolchain/risc-v embedded gcc/bin/../lib/gcc/riscv-none-embed/8.2.0/../../../../riscv-none-embed/lib/rv32ecxw/ilp32e\libprintf.a(wchprintf.o)
                              ./User/main.o (printf)
c:/mounriver/mounriver_studio/toolchain/risc-v embedded gcc/bin/../lib/gcc/riscv-none-embed/8.2.0/rv32ecxw/ilp32e\libgcc.a(save-restore.o)
                              ./brd/sparrow_brd.o (__riscv_save_2)
c:/mounriver/mounriver_studio/toolchain/risc-v embedded gcc/bin/../lib/gcc/riscv-none-embed/8.2.0/rv32ecxw/ilp32e\libgcc.a(muldi3.o)
                              ./Debug/debug.o (__mulsi3)
c:/mounriver/mounriver_studio/toolchain/risc-v embedded gcc/bin/../lib/gcc/riscv-none-embed/8.2.0/rv32ecxw/ilp32e\libgcc.a(div.o)
                              ./Peripheral/src/ch32v00x_usart.o (__divsi3)
c:/mounriver/mounriver_studio/toolchain/risc-v embedded gcc/bin/../lib/gcc/riscv-none-embed/8.2.0/../../../../riscv-none-embed/lib/rv32ecxw/ilp32e\libg_nano.a(lib_a-malloc.o)
                              ./User/ringbuffer.o (malloc)
c:/mounriver/mounriver_studio/toolchain/risc-v embedded gcc/bin/../lib/gcc/riscv-none-embed/8.2.0/../../../../riscv-none-embed/lib/rv32ecxw/ilp32e\libg_nano.a(lib_a-memset.o)
                              ./User/ringbuffer.o (memset)
c:/mounriver/mounriver_studio/toolchain/risc-v embedded gcc/bin/../lib/gcc/riscv-none-embed/8.2.0/../../../../riscv-none-embed/lib/rv32ecxw/ilp32e\libg_nano.a(lib_a-nano-freer.o)
                              c:/mounriver/mounriver_studio/toolchain/risc-v embedded gcc/bin/../lib/gcc/riscv-none-embed/8.2.0/../../../../riscv-none-embed/lib/rv32ecxw/ilp32e\libg_nano.a(lib_a-malloc.o) (_free_r)
c:/mounriver/mounriver_studio/toolchain/risc-v embedded gcc/bin/../lib/gcc/riscv-none-embed/8.2.0/../../../../riscv-none-embed/lib/rv32ecxw/ilp32e\libg_nano.a(lib_a-nano-mallocr.o)
                              c:/mounriver/mounriver_studio/toolchain/risc-v embedded gcc/bin/../lib/gcc/riscv-none-embed/8.2.0/../../../../riscv-none-embed/lib/rv32ecxw/ilp32e\libg_nano.a(lib_a-malloc.o) (_malloc_r)
c:/mounriver/mounriver_studio/toolchain/risc-v embedded gcc/bin/../lib/gcc/riscv-none-embed/8.2.0/../../../../riscv-none-embed/lib/rv32ecxw/ilp32e\libg_nano.a(lib_a-sbrkr.o)
                              c:/mounriver/mounriver_studio/toolchain/risc-v embedded gcc/bin/../lib/gcc/riscv-none-embed/8.2.0/../../../../riscv-none-embed/lib/rv32ecxw/ilp32e\libg_nano.a(lib_a-nano-mallocr.o) (_sbrk_r)
c:/mounriver/mounriver_studio/toolchain/risc-v embedded gcc/bin/../lib/gcc/riscv-none-embed/8.2.0/../../../../riscv-none-embed/lib/rv32ecxw/ilp32e\libg_nano.a(lib_a-impure.o)
                              c:/mounriver/mounriver_studio/toolchain/risc-v embedded gcc/bin/../lib/gcc/riscv-none-embed/8.2.0/../../../../riscv-none-embed/lib/rv32ecxw/ilp32e\libg_nano.a(lib_a-malloc.o) (_impure_ptr)
c:/mounriver/mounriver_studio/toolchain/risc-v embedded gcc/bin/../lib/gcc/riscv-none-embed/8.2.0/../../../../riscv-none-embed/lib/rv32ecxw/ilp32e\libg_nano.a(lib_a-mlock.o)
                              c:/mounriver/mounriver_studio/toolchain/risc-v embedded gcc/bin/../lib/gcc/riscv-none-embed/8.2.0/../../../../riscv-none-embed/lib/rv32ecxw/ilp32e\libg_nano.a(lib_a-nano-freer.o) (__malloc_lock)
c:/mounriver/mounriver_studio/toolchain/risc-v embedded gcc/bin/../lib/gcc/riscv-none-embed/8.2.0/../../../../riscv-none-embed/lib/rv32ecxw/ilp32e\libg_nano.a(lib_a-reent.o)
                              c:/mounriver/mounriver_studio/toolchain/risc-v embedded gcc/bin/../lib/gcc/riscv-none-embed/8.2.0/../../../../riscv-none-embed/lib/rv32ecxw/ilp32e\libg_nano.a(lib_a-sbrkr.o) (errno)

Allocating common symbols
Common symbol       size              file

errno               0x4               c:/mounriver/mounriver_studio/toolchain/risc-v embedded gcc/bin/../lib/gcc/riscv-none-embed/8.2.0/../../../../riscv-none-embed/lib/rv32ecxw/ilp32e\libg_nano.a(lib_a-reent.o)

Discarded input sections

 .text          0x0000000000000000        0x0 ./brd/sparrow_brd.o
 .data          0x0000000000000000        0x0 ./brd/sparrow_brd.o
 .bss           0x0000000000000000        0x0 ./brd/sparrow_brd.o
 .text.set_led  0x0000000000000000       0x26 ./brd/sparrow_brd.o
 .text.get_key  0x0000000000000000       0x1e ./brd/sparrow_brd.o
 .text          0x0000000000000000        0x0 ./User/ch32v00x_it.o
 .data          0x0000000000000000        0x0 ./User/ch32v00x_it.o
 .bss           0x0000000000000000        0x0 ./User/ch32v00x_it.o
 .text          0x0000000000000000        0x0 ./User/main.o
 .data          0x0000000000000000        0x0 ./User/main.o
 .bss           0x0000000000000000        0x0 ./User/main.o
 .text          0x0000000000000000        0x0 ./User/ringbuffer.o
 .data          0x0000000000000000        0x0 ./User/ringbuffer.o
 .bss           0x0000000000000000        0x0 ./User/ringbuffer.o
 .text.ringbuffer_clr
[...]
Memory Configuration

Name             Origin             Length             Attributes
FLASH            0x0000000000000000 0x0000000000004000 xr
RAM              0x0000000020000000 0x0000000000000800 xrw
*default*        0x0000000000000000 0xffffffffffffffff

Linker script and memory map

LOAD ./brd/sparrow_brd.o
LOAD ./User/ch32v00x_it.o
LOAD ./User/main.o
LOAD ./User/ringbuffer.o
LOAD ./User/softuart.o
LOAD ./User/system_ch32v00x.o
LOAD ./User/timers.o
LOAD ./User/uart.o
LOAD ./Startup/startup_ch32v00x.o
LOAD ./Peripheral/src/ch32v00x_adc.o
LOAD ./Peripheral/src/ch32v00x_dbgmcu.o
LOAD ./Peripheral/src/ch32v00x_dma.o
LOAD ./Peripheral/src/ch32v00x_exti.o
LOAD ./Peripheral/src/ch32v00x_flash.o
LOAD ./Peripheral/src/ch32v00x_gpio.o
LOAD ./Peripheral/src/ch32v00x_i2c.o
LOAD ./Peripheral/src/ch32v00x_iwdg.o
LOAD ./Peripheral/src/ch32v00x_misc.o
LOAD ./Peripheral/src/ch32v00x_opa.o
LOAD ./Peripheral/src/ch32v00x_pwr.o
LOAD ./Peripheral/src/ch32v00x_rcc.o
LOAD ./Peripheral/src/ch32v00x_spi.o
LOAD ./Peripheral/src/ch32v00x_tim.o
LOAD ./Peripheral/src/ch32v00x_usart.o
LOAD ./Peripheral/src/ch32v00x_wwdg.o
LOAD ./Debug/debug.o
LOAD ./Core/core_riscv.o
LOAD c:/mounriver/mounriver_studio/toolchain/risc-v embedded gcc/bin/../lib/gcc/riscv-none-embed/8.2.0/../../../../riscv-none-embed/lib/rv32ecxw/ilp32e\libprintf.a
LOAD c:/mounriver/mounriver_studio/toolchain/risc-v embedded gcc/bin/../lib/gcc/riscv-none-embed/8.2.0/rv32ecxw/ilp32e\libgcc.a
LOAD c:/mounriver/mounriver_studio/toolchain/risc-v embedded gcc/bin/../lib/gcc/riscv-none-embed/8.2.0/../../../../riscv-none-embed/lib/rv32ecxw/ilp32e\libg_nano.a
LOAD c:/mounriver/mounriver_studio/toolchain/risc-v embedded gcc/bin/../lib/gcc/riscv-none-embed/8.2.0/../../../../riscv-none-embed/lib/rv32ecxw/ilp32e\libc_nano.a
LOAD c:/mounriver/mounriver_studio/toolchain/risc-v embedded gcc/bin/../lib/gcc/riscv-none-embed/8.2.0/rv32ecxw/ilp32e\libgcc.a
START GROUP
LOAD c:/mounriver/mounriver_studio/toolchain/risc-v embedded gcc/bin/../lib/gcc/riscv-none-embed/8.2.0/rv32ecxw/ilp32e\libgcc.a
LOAD c:/mounriver/mounriver_studio/toolchain/risc-v embedded gcc/bin/../lib/gcc/riscv-none-embed/8.2.0/../../../../riscv-none-embed/lib/rv32ecxw/ilp32e\libc_nano.a
LOAD c:/mounriver/mounriver_studio/toolchain/risc-v embedded gcc/bin/../lib/gcc/riscv-none-embed/8.2.0/../../../../riscv-none-embed/lib/rv32ecxw/ilp32e\libnosys.a
END GROUP
START GROUP
LOAD c:/mounriver/mounriver_studio/toolchain/risc-v embedded gcc/bin/../lib/gcc/riscv-none-embed/8.2.0/rv32ecxw/ilp32e\libgcc.a
LOAD c:/mounriver/mounriver_studio/toolchain/risc-v embedded gcc/bin/../lib/gcc/riscv-none-embed/8.2.0/../../../../riscv-none-embed/lib/rv32ecxw/ilp32e\libc_nano.a
LOAD c:/mounriver/mounriver_studio/toolchain/risc-v embedded gcc/bin/../lib/gcc/riscv-none-embed/8.2.0/../../../../riscv-none-embed/lib/rv32ecxw/ilp32e\libnosys.a
END GROUP
                0x0000000000000100                __stack_size = 0x100
                [!provide]                        PROVIDE (_stack_size = __stack_size)

.init           0x0000000000000000       0xa0
                0x0000000000000000                _sinit = .
                0x0000000000000000                . = ALIGN (0x4)
 *(SORT_NONE(.init))
 .init          0x0000000000000000       0x9e ./Startup/startup_ch32v00x.o
                0x0000000000000000                _start
                0x00000000000000a0                . = ALIGN (0x4)
 *fill*         0x000000000000009e        0x2 
                0x00000000000000a0                _einit = .

.highcodelalign
                0x00000000000000a0        0x0
                0x00000000000000a0                . = ALIGN (0x4)
                0x00000000000000a0                PROVIDE (_highcode_lma = .)

.highcode       0x0000000020000000        0x0 load address 0x00000000000000a0
                0x0000000020000000                . = ALIGN (0x4)
                0x0000000020000000                PROVIDE (_highcode_vma_start = .)
 *(.highcode)
 *(.highcode.*)
                0x0000000020000000                . = ALIGN (0x4)
                0x0000000020000000                PROVIDE (_highcode_vma_end = .)

.text           0x00000000000000a0     0x12c4
                0x00000000000000a0                . = ALIGN (0x4)
 *(.text)
 .text          0x00000000000000a0       0x14 c:/mounriver/mounriver_studio/toolchain/risc-v embedded gcc/bin/../lib/gcc/riscv-none-embed/8.2.0/rv32ecxw/ilp32e\libgcc.a(save-restore.o)
                0x00000000000000a0                __riscv_save_1
                0x00000000000000a0                __riscv_save_2
                0x00000000000000a0                __riscv_save_0
                0x00000000000000aa                __riscv_restore_0
                0x00000000000000aa                __riscv_restore_1
                0x00000000000000aa                __riscv_restore_2
 .text          0x00000000000000b4       0x16 c:/mounriver/mounriver_studio/toolchain/risc-v embedded gcc/bin/../lib/gcc/riscv-none-embed/8.2.0/rv32ecxw/ilp32e\libgcc.a(muldi3.o)
                0x00000000000000b4                __mulsi3
 *fill*         0x00000000000000ca        0x2 
 .text          0x00000000000000cc       0x7e c:/mounriver/mounriver_studio/toolchain/risc-v embedded gcc/bin/../lib/gcc/riscv-none-embed/8.2.0/rv32ecxw/ilp32e\libgcc.a(div.o)
                0x00000000000000cc                __divsi3
                0x00000000000000d4                __udivsi3
                0x0000000000000100                __umodsi3
                0x0000000000000124                __modsi3
 .text          0x000000000000014a       0xa8 c:/mounriver/mounriver_studio/toolchain/risc-v embedded gcc/bin/../lib/gcc/riscv-none-embed/8.2.0/../../../../riscv-none-embed/lib/rv32ecxw/ilp32e\libg_nano.a(lib_a-memset.o)
                0x000000000000014a                memset
 *(.text.*)
 .text.init_gpio
                0x00000000000001f2       0x68 ./brd/sparrow_brd.o
                0x00000000000001f2                init_gpio
 .text.init_hw  0x000000000000025a       0x18 ./brd/sparrow_brd.o
                0x000000000000025a                init_hw
 .text.NMI_Handler
                0x0000000000000272        0x2 ./User/ch32v00x_it.o
                0x0000000000000272                NMI_Handler
 .text.HardFault_Handler
                0x0000000000000274       0x10 ./User/ch32v00x_it.o
                0x0000000000000274                HardFault_Handler
 .text.startup.main
                0x0000000000000284       0x50 ./User/main.o
                0x0000000000000284                main
 .text.ringbuffer_init
                0x00000000000002d4       0x2c ./User/ringbuffer.o
                0x00000000000002d4                ringbuffer_init
 .text.ringbuffer_putc
                0x0000000000000300       0x20 ./User/ringbuffer.o
                0x0000000000000300                ringbuffer_putc
 .text.ringbuffer_getc
                0x0000000000000320       0x36 ./User/ringbuffer.o
                0x0000000000000320                ringbuffer_getc
 .text.get_ringbuffer_cnt
                0x0000000000000356       0x18 ./User/ringbuffer.o
                0x0000000000000356                get_ringbuffer_cnt
 .text.SoftUartTxInit
                0x000000000000036e       0x2e ./User/softuart.o
                0x000000000000036e                SoftUartTxInit
 .text.SoftUartTransmitBit
                0x000000000000039c        0xe ./User/softuart.o
                0x000000000000039c                SoftUartTransmitBit
 .text.SoftUartTxProcess
                0x00000000000003aa       0x7a ./User/softuart.o
                0x00000000000003aa                SoftUartTxProcess
 .text.SoftUartWaitUntilTxComplate
                0x0000000000000424        0x8 ./User/softuart.o
                0x0000000000000424                SoftUartWaitUntilTxComplate
 .text.SUartPutChar
                0x000000000000042c       0x26 ./User/softuart.o
                0x000000000000042c                SUartPutChar
 .text.send_char_suart
                0x0000000000000452        0xe ./User/softuart.o
                0x0000000000000452                send_char_suart
 .text.SoftUartHandler
                0x0000000000000460       0x32 ./User/softuart.o
                0x0000000000000460                SoftUartHandler
 .text.TIM1_UP_IRQHandler
                0x0000000000000492       0x24 ./User/softuart.o
                0x0000000000000492                TIM1_UP_IRQHandler
 .text.SystemInit
                0x00000000000004b6      0x132 ./User/system_ch32v00x.o
                0x00000000000004b6                SystemInit
 .text.SystemCoreClockUpdate
                0x00000000000005e8       0x68 ./User/system_ch32v00x.o
                0x00000000000005e8                SystemCoreClockUpdate
 .text.TIM1_Config
                0x0000000000000650       0x5a ./User/timers.o
                0x0000000000000650                TIM1_Config
 .text.USART1_IRQHandler
                0x00000000000006aa       0x20 ./User/uart.o
                0x00000000000006aa                USART1_IRQHandler
 .text.USART1_CFG
                0x00000000000006ca       0x66 ./User/uart.o
                0x00000000000006ca                USART1_CFG
 .text.vector_handler
                0x0000000000000730        0x2 ./Startup/startup_ch32v00x.o
                0x0000000000000730                TIM1_CC_IRQHandler
                0x0000000000000730                SysTick_Handler
                0x0000000000000730                PVD_IRQHandler
                0x0000000000000730                SPI1_IRQHandler
                0x0000000000000730                AWU_IRQHandler
                0x0000000000000730                EXTI7_0_IRQHandler
                0x0000000000000730                DMA1_Channel4_IRQHandler
                0x0000000000000730                ADC1_IRQHandler
                0x0000000000000730                DMA1_Channel7_IRQHandler
                0x0000000000000730                I2C1_EV_IRQHandler
                0x0000000000000730                DMA1_Channel6_IRQHandler
                0x0000000000000730                RCC_IRQHandler
                0x0000000000000730                TIM1_TRG_COM_IRQHandler
                0x0000000000000730                DMA1_Channel1_IRQHandler
                0x0000000000000730                DMA1_Channel5_IRQHandler
                0x0000000000000730                DMA1_Channel3_IRQHandler
                0x0000000000000730                WWDG_IRQHandler
                0x0000000000000730                TIM2_IRQHandler
                0x0000000000000730                SW_Handler
                0x0000000000000730                TIM1_BRK_IRQHandler
                0x0000000000000730                DMA1_Channel2_IRQHandler
                0x0000000000000730                FLASH_IRQHandler
                0x0000000000000730                I2C1_ER_IRQHandler
 .text.handle_reset
                0x0000000000000732       0xa8 ./Startup/startup_ch32v00x.o
                0x0000000000000732                handle_reset
 .text.DBGMCU_GetCHIPID
                0x00000000000007da        0xa ./Peripheral/src/ch32v00x_dbgmcu.o
                0x00000000000007da                DBGMCU_GetCHIPID
 .text.GPIO_Init
                0x00000000000007e4       0x7c ./Peripheral/src/ch32v00x_gpio.o
                0x00000000000007e4                GPIO_Init
 .text.GPIO_WriteBit
                0x0000000000000860        0xa ./Peripheral/src/ch32v00x_gpio.o
                0x0000000000000860                GPIO_WriteBit
 .text.NVIC_PriorityGroupConfig
                0x000000000000086a        0x6 ./Peripheral/src/ch32v00x_misc.o
                0x000000000000086a                NVIC_PriorityGroupConfig
 .text.NVIC_Init
                0x0000000000000870       0x62 ./Peripheral/src/ch32v00x_misc.o
                0x0000000000000870                NVIC_Init
 .text.RCC_AdjustHSICalibrationValue
                0x00000000000008d2       0x12 ./Peripheral/src/ch32v00x_rcc.o
                0x00000000000008d2                RCC_AdjustHSICalibrationValue
 .text.RCC_GetClocksFreq
                0x00000000000008e4       0xa2 ./Peripheral/src/ch32v00x_rcc.o
                0x00000000000008e4                RCC_GetClocksFreq
 .text.RCC_APB2PeriphClockCmd
                0x0000000000000986       0x1e ./Peripheral/src/ch32v00x_rcc.o
                0x0000000000000986                RCC_APB2PeriphClockCmd
 .text.TIM_TimeBaseInit
                0x00000000000009a4       0x4e ./Peripheral/src/ch32v00x_tim.o
                0x00000000000009a4                TIM_TimeBaseInit
 .text.TIM_Cmd  0x00000000000009f2       0x18 ./Peripheral/src/ch32v00x_tim.o
                0x00000000000009f2                TIM_Cmd
 .text.TIM_ITConfig
                0x0000000000000a0a       0x12 ./Peripheral/src/ch32v00x_tim.o
                0x0000000000000a0a                TIM_ITConfig
 .text.TIM_GetFlagStatus
                0x0000000000000a1c        0xa ./Peripheral/src/ch32v00x_tim.o
                0x0000000000000a1c                TIM_GetFlagStatus
 .text.TIM_ClearITPendingBit
                0x0000000000000a26        0xc ./Peripheral/src/ch32v00x_tim.o
                0x0000000000000a26                TIM_ClearITPendingBit
 .text.USART_Init
                0x0000000000000a32       0xcc ./Peripheral/src/ch32v00x_usart.o
                0x0000000000000a32                USART_Init
 .text.USART_Cmd
                0x0000000000000afe       0x16 ./Peripheral/src/ch32v00x_usart.o
                0x0000000000000afe                USART_Cmd
 .text.USART_GetITStatus
                0x0000000000000b14       0x3c ./Peripheral/src/ch32v00x_usart.o
                0x0000000000000b14                USART_GetITStatus
 .text.Delay_Init
                0x0000000000000b50       0x34 ./Debug/debug.o
                0x0000000000000b50                Delay_Init
 .text.Delay_Ms
                0x0000000000000b84       0x3a ./Debug/debug.o
                0x0000000000000b84                Delay_Ms
 .text._write   0x0000000000000bbe       0x2c ./Debug/debug.o
                0x0000000000000bbe                _write
 .text._sbrk    0x0000000000000bea       0x26 ./Debug/debug.o
                0x0000000000000bea                _sbrk
 .text.printchar
                0x0000000000000c10       0x48 c:/mounriver/mounriver_studio/toolchain/risc-v embedded gcc/bin/../lib/gcc/riscv-none-embed/8.2.0/../../../../riscv-none-embed/lib/rv32ecxw/ilp32e\libprintf.a(wchprintf.o)
                0x0000000000000c10                printchar
 .text.prints   0x0000000000000c58       0xe6 c:/mounriver/mounriver_studio/toolchain/risc-v embedded gcc/bin/../lib/gcc/riscv-none-embed/8.2.0/../../../../riscv-none-embed/lib/rv32ecxw/ilp32e\libprintf.a(wchprintf.o)
                0x0000000000000c58                prints
 .text.printInt
                0x0000000000000d3e      0x10e c:/mounriver/mounriver_studio/toolchain/risc-v embedded gcc/bin/../lib/gcc/riscv-none-embed/8.2.0/../../../../riscv-none-embed/lib/rv32ecxw/ilp32e\libprintf.a(wchprintf.o)
                0x0000000000000d3e                printInt
 .text.printLongLongInt
                0x0000000000000e4c        0x4 c:/mounriver/mounriver_studio/toolchain/risc-v embedded gcc/bin/../lib/gcc/riscv-none-embed/8.2.0/../../../../riscv-none-embed/lib/rv32ecxw/ilp32e\libprintf.a(wchprintf.o)
                0x0000000000000e4c                printLongLongInt
 .text.printDouble
                0x0000000000000e50        0x4 c:/mounriver/mounriver_studio/toolchain/risc-v embedded gcc/bin/../lib/gcc/riscv-none-embed/8.2.0/../../../../riscv-none-embed/lib/rv32ecxw/ilp32e\libprintf.a(wchprintf.o)
                0x0000000000000e50                printDouble
 .text.print    0x0000000000000e54      0x352 c:/mounriver/mounriver_studio/toolchain/risc-v embedded gcc/bin/../lib/gcc/riscv-none-embed/8.2.0/../../../../riscv-none-embed/lib/rv32ecxw/ilp32e\libprintf.a(wchprintf.o)
                0x0000000000000e54                print
 .text.printf   0x00000000000011a6       0x22 c:/mounriver/mounriver_studio/toolchain/risc-v embedded gcc/bin/../lib/gcc/riscv-none-embed/8.2.0/../../../../riscv-none-embed/lib/rv32ecxw/ilp32e\libprintf.a(wchprintf.o)
                0x00000000000011a6                printf
 .text.puts     0x00000000000011c8       0x4a c:/mounriver/mounriver_studio/toolchain/risc-v embedded gcc/bin/../lib/gcc/riscv-none-embed/8.2.0/../../../../riscv-none-embed/lib/rv32ecxw/ilp32e\libprintf.a(wchprintf.o)
                0x00000000000011c8                puts
 .text.malloc   0x0000000000001212        0xe c:/mounriver/mounriver_studio/toolchain/risc-v embedded gcc/bin/../lib/gcc/riscv-none-embed/8.2.0/../../../../riscv-none-embed/lib/rv32ecxw/ilp32e\libg_nano.a(lib_a-malloc.o)
                0x0000000000001212                malloc
 .text._malloc_r
                0x0000000000001220       0xd4 c:/mounriver/mounriver_studio/toolchain/risc-v embedded gcc/bin/../lib/gcc/riscv-none-embed/8.2.0/../../../../riscv-none-embed/lib/rv32ecxw/ilp32e\libg_nano.a(lib_a-nano-mallocr.o)
                0x0000000000001220                _malloc_r
 .text._sbrk_r  0x00000000000012f4       0x2a c:/mounriver/mounriver_studio/toolchain/risc-v embedded gcc/bin/../lib/gcc/riscv-none-embed/8.2.0/../../../../riscv-none-embed/lib/rv32ecxw/ilp32e\libg_nano.a(lib_a-sbrkr.o)
                0x00000000000012f4                _sbrk_r
 .text.__malloc_lock
                0x000000000000131e        0x2 c:/mounriver/mounriver_studio/toolchain/risc-v embedded gcc/bin/../lib/gcc/riscv-none-embed/8.2.0/../../../../riscv-none-embed/lib/rv32ecxw/ilp32e\libg_nano.a(lib_a-mlock.o)
                0x000000000000131e                __malloc_lock
 .text.__malloc_unlock
                0x0000000000001320        0x2 c:/mounriver/mounriver_studio/toolchain/risc-v embedded gcc/bin/../lib/gcc/riscv-none-embed/8.2.0/../../../../riscv-none-embed/lib/rv32ecxw/ilp32e\libg_nano.a(lib_a-mlock.o)
                0x0000000000001320                __malloc_unlock
 *(.rodata)
 *(.rodata*)
 *fill*         0x0000000000001322        0x2 
 .rodata.main.str1.4
                0x0000000000001324       0x38 ./User/main.o
 .rodata.print.str1.4
                0x000000000000135c        0x8 c:/mounriver/mounriver_studio/toolchain/risc-v embedded gcc/bin/../lib/gcc/riscv-none-embed/8.2.0/../../../../riscv-none-embed/lib/rv32ecxw/ilp32e\libprintf.a(wchprintf.o)
                                          0x7 (size before relaxing)
 *(.gnu.linkonce.t.*)
                0x0000000000001364                . = ALIGN (0x4)

.rela.dyn       0x0000000000001364        0x0
 .rela.text.startup.main
                0x0000000000001364        0x0 ./brd/sparrow_brd.o
 .rela.init     0x0000000000001364        0x0 ./brd/sparrow_brd.o
 .rela.text.handle_reset
                0x0000000000001364        0x0 ./brd/sparrow_brd.o
 .rela.text._sbrk
                0x0000000000001364        0x0 ./brd/sparrow_brd.o
 .rela.data.curbrk.4090
                0x0000000000001364        0x0 ./brd/sparrow_brd.o
 .rela.text.prints
                0x0000000000001364        0x0 ./brd/sparrow_brd.o
 .rela.text.printInt
                0x0000000000001364        0x0 ./brd/sparrow_brd.o
 .rela.text.print
                0x0000000000001364        0x0 ./brd/sparrow_brd.o
 .rela.text.printf
                0x0000000000001364        0x0 ./brd/sparrow_brd.o
 .rela.text._sbrk_r
                0x0000000000001364        0x0 ./brd/sparrow_brd.o
 .rela.data.impure_data
                0x0000000000001364        0x0 ./brd/sparrow_brd.o

.fini           0x0000000000001364        0x0
 *(SORT_NONE(.fini))
                0x0000000000001364                . = ALIGN (0x4)
                [!provide]                        PROVIDE (_etext = .)
                [!provide]                        PROVIDE (_eitcm = .)

.preinit_array  0x0000000000001364        0x0
                [!provide]                        PROVIDE (__preinit_array_start = .)
 *(.preinit_array)
                [!provide]                        PROVIDE (__preinit_array_end = .)

.init_array     0x0000000000001364        0x0
                [!provide]                        PROVIDE (__init_array_start = .)
 *(SORT_BY_INIT_PRIORITY(.init_array.*) SORT_BY_INIT_PRIORITY(.ctors.*))
 *(.init_array EXCLUDE_FILE(*crtend?.o *crtend.o *crtbegin?.o *crtbegin.o) .ctors)
                [!provide]                        PROVIDE (__init_array_end = .)

.fini_array     0x0000000000001364        0x0
                [!provide]                        PROVIDE (__fini_array_start = .)
 *(SORT_BY_INIT_PRIORITY(.fini_array.*) SORT_BY_INIT_PRIORITY(.dtors.*))
 *(.fini_array EXCLUDE_FILE(*crtend?.o *crtend.o *crtbegin?.o *crtbegin.o) .dtors)
                [!provide]                        PROVIDE (__fini_array_end = .)

.ctors
 *crtbegin.o(.ctors)
 *crtbegin?.o(.ctors)
 *(EXCLUDE_FILE(*crtend?.o *crtend.o) .ctors)
 *(SORT_BY_NAME(.ctors.*))
 *(.ctors)

.dtors
 *crtbegin.o(.dtors)
 *crtbegin?.o(.dtors)
 *(EXCLUDE_FILE(*crtend?.o *crtend.o) .dtors)
 *(SORT_BY_NAME(.dtors.*))
 *(.dtors)

.dalign         0x0000000020000000        0x0 load address 0x0000000000001364
                0x0000000020000000                . = ALIGN (0x4)
                0x0000000020000000                PROVIDE (_data_vma = .)

.dlalign        0x0000000000001364        0x0
                0x0000000000001364                . = ALIGN (0x4)
                0x0000000000001364                PROVIDE (_data_lma = .)

.data           0x0000000020000000       0xa8 load address 0x0000000000001364
                0x0000000020000000                . = ALIGN (0x4)
 *(.gnu.linkonce.r.*)
 *(.data .data.*)
 .data.AHBPrescTable
                0x0000000020000000       0x10 ./User/system_ch32v00x.o
                0x0000000020000000                AHBPrescTable
 .data.SystemCoreClock
                0x0000000020000010        0x4 ./User/system_ch32v00x.o
                0x0000000020000010                SystemCoreClock
 .data.ADCPrescTable
                0x0000000020000014       0x14 ./Peripheral/src/ch32v00x_rcc.o
 .data.APBAHBPrescTable
                0x0000000020000028       0x10 ./Peripheral/src/ch32v00x_rcc.o
 .data.curbrk.4090
                0x0000000020000038        0x4 ./Debug/debug.o
 .data.impure_data
                0x000000002000003c       0x60 c:/mounriver/mounriver_studio/toolchain/risc-v embedded gcc/bin/../lib/gcc/riscv-none-embed/8.2.0/../../../../riscv-none-embed/lib/rv32ecxw/ilp32e\libg_nano.a(lib_a-impure.o)
 *(.gnu.linkonce.d.*)
                0x00000000200000a0                . = ALIGN (0x8)
 *fill*         0x000000002000009c        0x4 
                0x00000000200008a0                PROVIDE (__global_pointer$ = (. + 0x800))
 *(.sdata .sdata.*)
 .sdata._impure_ptr
                0x00000000200000a0        0x4 c:/mounriver/mounriver_studio/toolchain/risc-v embedded gcc/bin/../lib/gcc/riscv-none-embed/8.2.0/../../../../riscv-none-embed/lib/rv32ecxw/ilp32e\libg_nano.a(lib_a-impure.o)
                0x00000000200000a0                _impure_ptr
 *(.sdata2*)
 *(.gnu.linkonce.s.*)
                0x00000000200000a8                . = ALIGN (0x8)
 *fill*         0x00000000200000a4        0x4 
 *(.srodata.cst16)
 *(.srodata.cst8)
 *(.srodata.cst4)
 *(.srodata.cst2)
 *(.srodata .srodata.*)
                0x00000000200000a8                . = ALIGN (0x4)
                0x00000000200000a8                PROVIDE (_edata = .)

.bss            0x00000000200000a8       0x58 load address 0x000000000000140c
                0x00000000200000a8                . = ALIGN (0x4)
                0x00000000200000a8                PROVIDE (_sbss = .)
 *(.sbss*)
 .sbss.__malloc_free_list
                0x00000000200000a8        0x4 c:/mounriver/mounriver_studio/toolchain/risc-v embedded gcc/bin/../lib/gcc/riscv-none-embed/8.2.0/../../../../riscv-none-embed/lib/rv32ecxw/ilp32e\libg_nano.a(lib_a-nano-mallocr.o)
                0x00000000200000a8                __malloc_free_list
 .sbss.__malloc_sbrk_start
                0x00000000200000ac        0x4 c:/mounriver/mounriver_studio/toolchain/risc-v embedded gcc/bin/../lib/gcc/riscv-none-embed/8.2.0/../../../../riscv-none-embed/lib/rv32ecxw/ilp32e\libg_nano.a(lib_a-nano-mallocr.o)
                0x00000000200000ac                __malloc_sbrk_start
 *(.gnu.linkonce.sb.*)
 *(.bss*)
 .bss.SUBuffer  0x00000000200000b0       0x20 ./User/softuart.o
                0x00000000200000b0                SUBuffer
 .bss.SU_Timer  0x00000000200000d0        0x1 ./User/softuart.o
                0x00000000200000d0                SU_Timer
 *fill*         0x00000000200000d1        0x3 
 .bss.SUart     0x00000000200000d4       0x20 ./User/softuart.o
                0x00000000200000d4                SUart
 .bss.NVIC_Priority_Group
                0x00000000200000f4        0x4 ./Peripheral/src/ch32v00x_misc.o
                0x00000000200000f4                NVIC_Priority_Group
 .bss.p_ms      0x00000000200000f8        0x2 ./Debug/debug.o
 .bss.p_us      0x00000000200000fa        0x1 ./Debug/debug.o
 *(.gnu.linkonce.b.*)
 *(COMMON*)
 *fill*         0x00000000200000fb        0x1 
 COMMON         0x00000000200000fc        0x4 c:/mounriver/mounriver_studio/toolchain/risc-v embedded gcc/bin/../lib/gcc/riscv-none-embed/8.2.0/../../../../riscv-none-embed/lib/rv32ecxw/ilp32e\libg_nano.a(lib_a-reent.o)
                0x00000000200000fc                errno
                0x0000000020000100                . = ALIGN (0x4)
                0x0000000020000100                PROVIDE (_ebss = .)
                0x0000000020000100                PROVIDE (_end = _ebss)
                [!provide]                        PROVIDE (end = .)

.stack          0x0000000020000700      0x100
                0x0000000020000700                PROVIDE (_heap_end = .)
                0x0000000020000700                . = ALIGN (0x4)
                [!provide]                        PROVIDE (_susrstack = .)
                0x0000000020000800                . = (. + __stack_size)
 *fill*         0x0000000020000700      0x100 
                0x0000000020000800                PROVIDE (_eusrstack = .)
OUTPUT(sparrow_key.elf elf32-littleriscv)

.debug_info     0x0000000000000000     0xf284
 .debug_info    0x0000000000000000      0xddb ./brd/sparrow_brd.o
 .debug_info    0x0000000000000ddb      0xbc0 ./User/ch32v00x_it.o
 .debug_info    0x000000000000199b      0xc40 ./User/main.o
 .debug_info    0x00000000000025db      0xb59 ./User/ringbuffer.o
 .debug_info    0x0000000000003134     0x1215 ./User/softuart.o
 .debug_info    0x0000000000004349      0xc94 ./User/system_ch32v00x.o
 .debug_info    0x0000000000004fdd      0xfc0 ./User/timers.o
 .debug_info    0x0000000000005f9d      0xdca ./User/uart.o
 .debug_info    0x0000000000006d67       0x22 ./Startup/startup_ch32v00x.o
 .debug_info    0x0000000000006d89      0xa94 ./Peripheral/src/ch32v00x_dbgmcu.o
 .debug_info    0x000000000000781d     0x1034 ./Peripheral/src/ch32v00x_gpio.o
 .debug_info    0x0000000000008851      0xdc5 ./Peripheral/src/ch32v00x_misc.o
 .debug_info    0x0000000000009616     0x108c ./Peripheral/src/ch32v00x_rcc.o
 .debug_info    0x000000000000a6a2     0x297f ./Peripheral/src/ch32v00x_tim.o
 .debug_info    0x000000000000d021     0x1351 ./Peripheral/src/ch32v00x_usart.o
 .debug_info    0x000000000000e372      0xf12 ./Debug/debug.o

.debug_abbrev   0x0000000000000000     0x2c4c
 .debug_abbrev  0x0000000000000000      0x274 ./brd/sparrow_brd.o
 .debug_abbrev  0x0000000000000274      0x22c ./User/ch32v00x_it.o
 .debug_abbrev  0x00000000000004a0      0x22d ./User/main.o
 .debug_abbrev  0x00000000000006cd      0x2aa ./User/ringbuffer.o
 .debug_abbrev  0x0000000000000977      0x3a0 ./User/softuart.o
 .debug_abbrev  0x0000000000000d17      0x2ee ./User/system_ch32v00x.o
 .debug_abbrev  0x0000000000001005      0x2a0 ./User/timers.o
 .debug_abbrev  0x00000000000012a5      0x2fa ./User/uart.o
 .debug_abbrev  0x000000000000159f       0x12 ./Startup/startup_ch32v00x.o
 .debug_abbrev  0x00000000000015b1      0x2f7 ./Peripheral/src/ch32v00x_dbgmcu.o
 .debug_abbrev  0x00000000000018a8      0x309 ./Peripheral/src/ch32v00x_gpio.o
 .debug_abbrev  0x0000000000001bb1      0x2e1 ./Peripheral/src/ch32v00x_misc.o
 .debug_abbrev  0x0000000000001e92      0x389 ./Peripheral/src/ch32v00x_rcc.o
 .debug_abbrev  0x000000000000221b      0x408 ./Peripheral/src/ch32v00x_tim.o
 .debug_abbrev  0x0000000000002623      0x323 ./Peripheral/src/ch32v00x_usart.o
 .debug_abbrev  0x0000000000002946      0x306 ./Debug/debug.o

.debug_loc      0x0000000000000000     0x33fc
 .debug_loc     0x0000000000000000       0x21 ./brd/sparrow_brd.o
 .debug_loc     0x0000000000000021      0x1c3 ./User/ringbuffer.o
 .debug_loc     0x00000000000001e4      0x30d ./User/softuart.o
 .debug_loc     0x00000000000004f1       0x55 ./User/system_ch32v00x.o
 .debug_loc     0x0000000000000546       0x13 ./User/uart.o
 .debug_loc     0x0000000000000559       0x7c ./Peripheral/src/ch32v00x_dbgmcu.o
 .debug_loc     0x00000000000005d5      0x5e2 ./Peripheral/src/ch32v00x_gpio.o
 .debug_loc     0x0000000000000bb7       0x47 ./Peripheral/src/ch32v00x_misc.o
 .debug_loc     0x0000000000000bfe      0x5e3 ./Peripheral/src/ch32v00x_rcc.o
 .debug_loc     0x00000000000011e1     0x1936 ./Peripheral/src/ch32v00x_tim.o
 .debug_loc     0x0000000000002b17      0x735 ./Peripheral/src/ch32v00x_usart.o
 .debug_loc     0x000000000000324c      0x1b0 ./Debug/debug.o

.debug_aranges  0x0000000000000000      0x808
 .debug_aranges
                0x0000000000000000       0x38 ./brd/sparrow_brd.o
 .debug_aranges
                0x0000000000000038       0x28 ./User/ch32v00x_it.o
 .debug_aranges
                0x0000000000000060       0x20 ./User/main.o
 .debug_aranges
                0x0000000000000080       0x40 ./User/ringbuffer.o
 .debug_aranges
                0x00000000000000c0       0x70 ./User/softuart.o
 .debug_aranges
                0x0000000000000130       0x28 ./User/system_ch32v00x.o
 .debug_aranges
                0x0000000000000158       0x28 ./User/timers.o
 .debug_aranges
                0x0000000000000180       0x48 ./User/uart.o
 .debug_aranges
                0x00000000000001c8       0x30 ./Startup/startup_ch32v00x.o
 .debug_aranges
                0x00000000000001f8       0x48 ./Peripheral/src/ch32v00x_dbgmcu.o
 .debug_aranges
                0x0000000000000240       0x98 ./Peripheral/src/ch32v00x_gpio.o
 .debug_aranges
                0x00000000000002d8       0x28 ./Peripheral/src/ch32v00x_misc.o
 .debug_aranges
                0x0000000000000300       0xe0 ./Peripheral/src/ch32v00x_rcc.o
 .debug_aranges
                0x00000000000003e0      0x2d8 ./Peripheral/src/ch32v00x_tim.o
 .debug_aranges
                0x00000000000006b8      0x100 ./Peripheral/src/ch32v00x_usart.o
 .debug_aranges
                0x00000000000007b8       0x50 ./Debug/debug.o

.debug_ranges   0x0000000000000000      0x7c8
 .debug_ranges  0x0000000000000000       0x28 ./brd/sparrow_brd.o
 .debug_ranges  0x0000000000000028       0x18 ./User/ch32v00x_it.o
 .debug_ranges  0x0000000000000040       0x10 ./User/main.o
 .debug_ranges  0x0000000000000050       0x30 ./User/ringbuffer.o
 .debug_ranges  0x0000000000000080       0x80 ./User/softuart.o
 .debug_ranges  0x0000000000000100       0x50 ./User/system_ch32v00x.o
 .debug_ranges  0x0000000000000150       0x18 ./User/timers.o
 .debug_ranges  0x0000000000000168       0x38 ./User/uart.o
 .debug_ranges  0x00000000000001a0       0x28 ./Startup/startup_ch32v00x.o
 .debug_ranges  0x00000000000001c8       0x50 ./Peripheral/src/ch32v00x_dbgmcu.o
 .debug_ranges  0x0000000000000218       0x88 ./Peripheral/src/ch32v00x_gpio.o
 .debug_ranges  0x00000000000002a0       0x30 ./Peripheral/src/ch32v00x_misc.o
 .debug_ranges  0x00000000000002d0       0xd0 ./Peripheral/src/ch32v00x_rcc.o
 .debug_ranges  0x00000000000003a0      0x2f8 ./Peripheral/src/ch32v00x_tim.o
 .debug_ranges  0x0000000000000698       0xf0 ./Peripheral/src/ch32v00x_usart.o
 .debug_ranges  0x0000000000000788       0x40 ./Debug/debug.o

.debug_line     0x0000000000000000     0x8fc5
 .debug_line    0x0000000000000000      0x4b3 ./brd/sparrow_brd.o
 .debug_line    0x00000000000004b3      0x292 ./User/ch32v00x_it.o
 .debug_line    0x0000000000000745      0x394 ./User/main.o
 .debug_line    0x0000000000000ad9      0x497 ./User/ringbuffer.o
 .debug_line    0x0000000000000f70      0x803 ./User/softuart.o
 .debug_line    0x0000000000001773      0x6bc ./User/system_ch32v00x.o
 .debug_line    0x0000000000001e2f      0x3e7 ./User/timers.o
 .debug_line    0x0000000000002216      0x52d ./User/uart.o
 .debug_line    0x0000000000002743      0x148 ./Startup/startup_ch32v00x.o
 .debug_line    0x000000000000288b      0x36d ./Peripheral/src/ch32v00x_dbgmcu.o
 .debug_line    0x0000000000002bf8      0xbe3 ./Peripheral/src/ch32v00x_gpio.o
 .debug_line    0x00000000000037db      0x3ca ./Peripheral/src/ch32v00x_misc.o
 .debug_line    0x0000000000003ba5      0xdea ./Peripheral/src/ch32v00x_rcc.o
 .debug_line    0x000000000000498f     0x3045 ./Peripheral/src/ch32v00x_tim.o
 .debug_line    0x00000000000079d4      0xef4 ./Peripheral/src/ch32v00x_usart.o
 .debug_line    0x00000000000088c8      0x6fd ./Debug/debug.o

.debug_str      0x0000000000000000     0x24e1
 .debug_str     0x0000000000000000      0x7d9 ./brd/sparrow_brd.o
                                        0x864 (size before relaxing)
 .debug_str     0x00000000000007d9       0xe2 ./User/ch32v00x_it.o
                                        0x67b (size before relaxing)
 .debug_str     0x00000000000008bb       0x8e ./User/main.o
                                        0x71c (size before relaxing)
 .debug_str     0x0000000000000949       0xa7 ./User/ringbuffer.o
                                        0x67c (size before relaxing)
 .debug_str     0x00000000000009f0      0x21c ./User/softuart.o
                                        0x996 (size before relaxing)
 .debug_str     0x0000000000000c0c      0x123 ./User/system_ch32v00x.o
                                        0x73e (size before relaxing)
 .debug_str     0x0000000000000d2f      0x2de ./User/timers.o
                                        0xab9 (size before relaxing)
 .debug_str     0x000000000000100d      0x11c ./User/uart.o
                                        0x894 (size before relaxing)
 .debug_str     0x0000000000001129       0x2a ./Startup/startup_ch32v00x.o
                                         0x5a (size before relaxing)
 .debug_str     0x0000000000001153       0x87 ./Peripheral/src/ch32v00x_dbgmcu.o
                                        0x63c (size before relaxing)
 .debug_str     0x00000000000011da      0x1a7 ./Peripheral/src/ch32v00x_gpio.o
                                        0x939 (size before relaxing)
 .debug_str     0x0000000000001381       0x9c ./Peripheral/src/ch32v00x_misc.o
                                        0x901 (size before relaxing)
 .debug_str     0x000000000000141d      0x2c7 ./Peripheral/src/ch32v00x_rcc.o
                                        0x9a7 (size before relaxing)
 .debug_str     0x00000000000016e4      0xa0d ./Peripheral/src/ch32v00x_tim.o
                                       0x1261 (size before relaxing)
 .debug_str     0x00000000000020f1      0x362 ./Peripheral/src/ch32v00x_usart.o
                                        0xaf6 (size before relaxing)
 .debug_str     0x0000000000002453       0x8e ./Debug/debug.o
                                        0x8f2 (size before relaxing)

.comment        0x0000000000000000       0x33
 .comment       0x0000000000000000       0x33 ./brd/sparrow_brd.o
                                         0x34 (size before relaxing)
 .comment       0x0000000000000033       0x34 ./User/ch32v00x_it.o
 .comment       0x0000000000000033       0x34 ./User/main.o
 .comment       0x0000000000000033       0x34 ./User/ringbuffer.o
 .comment       0x0000000000000033       0x34 ./User/softuart.o
 .comment       0x0000000000000033       0x34 ./User/system_ch32v00x.o
 .comment       0x0000000000000033       0x34 ./User/timers.o
 .comment       0x0000000000000033       0x34 ./User/uart.o
 .comment       0x0000000000000033       0x34 ./Peripheral/src/ch32v00x_dbgmcu.o
 .comment       0x0000000000000033       0x34 ./Peripheral/src/ch32v00x_gpio.o
 .comment       0x0000000000000033       0x34 ./Peripheral/src/ch32v00x_misc.o
 .comment       0x0000000000000033       0x34 ./Peripheral/src/ch32v00x_rcc.o
 .comment       0x0000000000000033       0x34 ./Peripheral/src/ch32v00x_tim.o
 .comment       0x0000000000000033       0x34 ./Peripheral/src/ch32v00x_usart.o
 .comment       0x0000000000000033       0x34 ./Debug/debug.o
 .comment       0x0000000000000033       0x34 c:/mounriver/mounriver_studio/toolchain/risc-v embedded gcc/bin/../lib/gcc/riscv-none-embed/8.2.0/../../../../riscv-none-embed/lib/rv32ecxw/ilp32e\libprintf.a(wchprintf.o)

.debug_frame    0x0000000000000000     0x1200
 .debug_frame   0x0000000000000000       0x8c ./brd/sparrow_brd.o
 .debug_frame   0x000000000000008c       0x30 ./User/ch32v00x_it.o
 .debug_frame   0x00000000000000bc       0x28 ./User/main.o
 .debug_frame   0x00000000000000e4       0x90 ./User/ringbuffer.o
 .debug_frame   0x0000000000000174      0x15c ./User/softuart.o
 .debug_frame   0x00000000000002d0       0x58 ./User/system_ch32v00x.o
 .debug_frame   0x0000000000000328       0x44 ./User/timers.o
 .debug_frame   0x000000000000036c       0x90 ./User/uart.o
 .debug_frame   0x00000000000003fc       0x70 ./Peripheral/src/ch32v00x_dbgmcu.o
 .debug_frame   0x000000000000046c      0x154 ./Peripheral/src/ch32v00x_gpio.o
 .debug_frame   0x00000000000005c0       0x30 ./Peripheral/src/ch32v00x_misc.o
 .debug_frame   0x00000000000005f0      0x1dc ./Peripheral/src/ch32v00x_rcc.o
 .debug_frame   0x00000000000007cc      0x624 ./Peripheral/src/ch32v00x_tim.o
 .debug_frame   0x0000000000000df0      0x204 ./Peripheral/src/ch32v00x_usart.o
 .debug_frame   0x0000000000000ff4       0xe0 ./Debug/debug.o
 .debug_frame   0x00000000000010d4       0x30 c:/mounriver/mounriver_studio/toolchain/risc-v embedded gcc/bin/../lib/gcc/riscv-none-embed/8.2.0/../../../../riscv-none-embed/lib/rv32ecxw/ilp32e\libg_nano.a(lib_a-malloc.o)
 .debug_frame   0x0000000000001104       0x38 c:/mounriver/mounriver_studio/toolchain/risc-v embedded gcc/bin/../lib/gcc/riscv-none-embed/8.2.0/../../../../riscv-none-embed/lib/rv32ecxw/ilp32e\libg_nano.a(lib_a-nano-mallocr.o)
 .debug_frame   0x000000000000113c       0x30 c:/mounriver/mounriver_studio/toolchain/risc-v embedded gcc/bin/../lib/gcc/riscv-none-embed/8.2.0/../../../../riscv-none-embed/lib/rv32ecxw/ilp32e\libg_nano.a(lib_a-sbrkr.o)
 .debug_frame   0x000000000000116c       0x30 c:/mounriver/mounriver_studio/toolchain/risc-v embedded gcc/bin/../lib/gcc/riscv-none-embed/8.2.0/../../../../riscv-none-embed/lib/rv32ecxw/ilp32e\libg_nano.a(lib_a-mlock.o)
 .debug_frame   0x000000000000119c       0x64 c:/mounriver/mounriver_studio/toolchain/risc-v embedded gcc/bin/../lib/gcc/riscv-none-embed/8.2.0/../../../../riscv-none-embed/lib/rv32ecxw/ilp32e\libg_nano.a(lib_a-reent.o)
