Copyright 1986-2016 Xilinx, Inc. All Rights Reserved.
-----------------------------------------------------------------------------------------------------------------------
| Tool Version : Vivado v.2016.4 (win64) Build 1733598 Wed Dec 14 22:35:39 MST 2016
| Date         : Thu Apr 13 20:03:16 2017
| Host         : vova-PC running 64-bit Service Pack 1  (build 7601)
| Command      : report_utilization -file red_pitaya_top_utilization_synth.rpt -pb red_pitaya_top_utilization_synth.pb
| Design       : red_pitaya_top
| Device       : 7z010clg400-1
| Design State : Synthesized
-----------------------------------------------------------------------------------------------------------------------

Utilization Design Information

Table of Contents
-----------------
1. Slice Logic
1.1 Summary of Registers by Type
2. Memory
3. DSP
4. IO and GT Specific
5. Clocking
6. Specific Feature
7. Primitives
8. Black Boxes
9. Instantiated Netlists

1. Slice Logic
--------------

+----------------------------+------+-------+-----------+-------+
|          Site Type         | Used | Fixed | Available | Util% |
+----------------------------+------+-------+-----------+-------+
| Slice LUTs*                | 3460 |     0 |     17600 | 19.66 |
|   LUT as Logic             | 3299 |     0 |     17600 | 18.74 |
|   LUT as Memory            |  161 |     0 |      6000 |  2.68 |
|     LUT as Distributed RAM |  160 |     0 |           |       |
|     LUT as Shift Register  |    1 |     0 |           |       |
| Slice Registers            | 3747 |     0 |     35200 | 10.64 |
|   Register as Flip Flop    | 3747 |     0 |     35200 | 10.64 |
|   Register as Latch        |    0 |     0 |     35200 |  0.00 |
| F7 Muxes                   |   16 |     0 |      8800 |  0.18 |
| F8 Muxes                   |    0 |     0 |      4400 |  0.00 |
+----------------------------+------+-------+-----------+-------+
* Warning! The Final LUT count, after physical optimizations and full implementation, is typically lower. Run opt_design after synthesis, if not already completed, for a more realistic count.


1.1 Summary of Registers by Type
--------------------------------

+-------+--------------+-------------+--------------+
| Total | Clock Enable | Synchronous | Asynchronous |
+-------+--------------+-------------+--------------+
| 0     |            _ |           - |            - |
| 0     |            _ |           - |          Set |
| 0     |            _ |           - |        Reset |
| 0     |            _ |         Set |            - |
| 0     |            _ |       Reset |            - |
| 0     |          Yes |           - |            - |
| 0     |          Yes |           - |          Set |
| 0     |          Yes |           - |        Reset |
| 166   |          Yes |         Set |            - |
| 3581  |          Yes |       Reset |            - |
+-------+--------------+-------------+--------------+


2. Memory
---------

+-------------------+------+-------+-----------+-------+
|     Site Type     | Used | Fixed | Available | Util% |
+-------------------+------+-------+-----------+-------+
| Block RAM Tile    |   30 |     0 |        60 | 50.00 |
|   RAMB36/FIFO*    |   30 |     0 |        60 | 50.00 |
|     RAMB36E1 only |   30 |       |           |       |
|   RAMB18          |    0 |     0 |       120 |  0.00 |
+-------------------+------+-------+-----------+-------+
* Note: Each Block RAM Tile only has one FIFO logic available and therefore can accommodate only one FIFO36E1 or one FIFO18E1. However, if a FIFO18E1 occupies a Block RAM Tile, that tile can still accommodate a RAMB18E1


3. DSP
------

+----------------+------+-------+-----------+-------+
|    Site Type   | Used | Fixed | Available | Util% |
+----------------+------+-------+-----------+-------+
| DSPs           |   10 |     0 |        80 | 12.50 |
|   DSP48E1 only |   10 |       |           |       |
+----------------+------+-------+-----------+-------+


4. IO and GT Specific
---------------------

+-----------------------------+------+-------+-----------+-------+
|          Site Type          | Used | Fixed | Available | Util% |
+-----------------------------+------+-------+-----------+-------+
| Bonded IOB                  |   93 |     0 |       100 | 93.00 |
| Bonded IPADs                |    0 |     0 |         2 |  0.00 |
| Bonded IOPADs               |    0 |     0 |       130 |  0.00 |
| PHY_CONTROL                 |    0 |     0 |         2 |  0.00 |
| PHASER_REF                  |    0 |     0 |         2 |  0.00 |
| OUT_FIFO                    |    0 |     0 |         8 |  0.00 |
| IN_FIFO                     |    0 |     0 |         8 |  0.00 |
| IDELAYCTRL                  |    0 |     0 |         2 |  0.00 |
| IBUFDS                      |    1 |     0 |        96 |  1.04 |
| PHASER_OUT/PHASER_OUT_PHY   |    0 |     0 |         8 |  0.00 |
| PHASER_IN/PHASER_IN_PHY     |    0 |     0 |         8 |  0.00 |
| IDELAYE2/IDELAYE2_FINEDELAY |    0 |     0 |       100 |  0.00 |
| ILOGIC                      |    0 |     0 |       100 |  0.00 |
| OLOGIC                      |   18 |     0 |       100 | 18.00 |
|   ODDR                      |   18 |       |           |       |
+-----------------------------+------+-------+-----------+-------+


5. Clocking
-----------

+------------+------+-------+-----------+-------+
|  Site Type | Used | Fixed | Available | Util% |
+------------+------+-------+-----------+-------+
| BUFGCTRL   |   10 |     0 |        32 | 31.25 |
| BUFIO      |    0 |     0 |         8 |  0.00 |
| MMCME2_ADV |    0 |     0 |         2 |  0.00 |
| PLLE2_ADV  |    1 |     0 |         2 | 50.00 |
| BUFMRCE    |    0 |     0 |         4 |  0.00 |
| BUFHCE     |    0 |     0 |        48 |  0.00 |
| BUFR       |    0 |     0 |         8 |  0.00 |
+------------+------+-------+-----------+-------+


6. Specific Feature
-------------------

+-------------+------+-------+-----------+--------+
|  Site Type  | Used | Fixed | Available |  Util% |
+-------------+------+-------+-----------+--------+
| BSCANE2     |    0 |     0 |         4 |   0.00 |
| CAPTUREE2   |    0 |     0 |         1 |   0.00 |
| DNA_PORT    |    1 |     0 |         1 | 100.00 |
| EFUSE_USR   |    0 |     0 |         1 |   0.00 |
| FRAME_ECCE2 |    0 |     0 |         1 |   0.00 |
| ICAPE2      |    0 |     0 |         2 |   0.00 |
| STARTUPE2   |    0 |     0 |         1 |   0.00 |
| XADC        |    0 |     0 |         1 |   0.00 |
+-------------+------+-------+-----------+--------+


7. Primitives
-------------

+-----------+------+---------------------+
|  Ref Name | Used | Functional Category |
+-----------+------+---------------------+
| FDRE      | 3581 |        Flop & Latch |
| LUT6      | 1087 |                 LUT |
| LUT5      |  666 |                 LUT |
| LUT4      |  648 |                 LUT |
| LUT1      |  555 |                 LUT |
| LUT3      |  497 |                 LUT |
| LUT2      |  431 |                 LUT |
| CARRY4    |  325 |          CarryLogic |
| RAMD32    |  240 |  Distributed Memory |
| FDSE      |  166 |        Flop & Latch |
| RAMS32    |   80 |  Distributed Memory |
| IBUF      |   54 |                  IO |
| OBUF      |   35 |                  IO |
| RAMB36E1  |   30 |        Block Memory |
| ODDR      |   18 |                  IO |
| OBUFT     |   18 |                  IO |
| MUXF7     |   16 |               MuxFx |
| DSP48E1   |   10 |    Block Arithmetic |
| BUFG      |   10 |               Clock |
| SRL16E    |    1 |  Distributed Memory |
| PLLE2_ADV |    1 |               Clock |
| IBUFDS    |    1 |                  IO |
| DNA_PORT  |    1 |              Others |
+-----------+------+---------------------+


8. Black Boxes
--------------

+-----------------------------------+------+
|              Ref Name             | Used |
+-----------------------------------+------+
| system_xlconstant_0               |    1 |
| system_xadc_0                     |    1 |
| system_processing_system7_0       |    1 |
| system_proc_sys_reset_0           |    1 |
| system_axi_protocol_converter_0_0 |    1 |
+-----------------------------------+------+


9. Instantiated Netlists
------------------------

+----------+------+
| Ref Name | Used |
+----------+------+


