Copyright 1986-2019 Xilinx, Inc. All Rights Reserved.
----------------------------------------------------------------------------------------------------------------------------------------------------------------
| Tool Version     : Vivado v.2019.1 (win64) Build 2552052 Fri May 24 14:49:42 MDT 2019
| Date             : Wed Sep  4 17:37:03 2019
| Host             : vova-PC running 64-bit Service Pack 1  (build 7601)
| Command          : report_power -file red_pitaya_top_power_routed.rpt -pb red_pitaya_top_power_summary_routed.pb -rpx red_pitaya_top_power_routed.rpx
| Design           : red_pitaya_top
| Device           : xc7z010clg400-1
| Design State     : routed
| Grade            : commercial
| Process          : typical
| Characterization : Production
----------------------------------------------------------------------------------------------------------------------------------------------------------------

Power Report

Table of Contents
-----------------
1. Summary
1.1 On-Chip Components
1.2 Power Supply Summary
1.3 Confidence Level
2. Settings
2.1 Environment
2.2 Clock Constraints
3. Detailed Reports
3.1 By Hierarchy

1. Summary
----------

+--------------------------+--------------+
| Total On-Chip Power (W)  | 1.963        |
| Design Power Budget (W)  | Unspecified* |
| Power Budget Margin (W)  | NA           |
| Dynamic (W)              | 1.828        |
| Device Static (W)        | 0.135        |
| Effective TJA (C/W)      | 11.5         |
| Max Ambient (C)          | 62.4         |
| Junction Temperature (C) | 47.6         |
| Confidence Level         | Low          |
| Setting File             | ---          |
| Simulation Activity File | ---          |
| Design Nets Matched      | NA           |
+--------------------------+--------------+
* Specify Design Power Budget using, set_operating_conditions -design_power_budget <value in Watts>


1.1 On-Chip Components
----------------------

+--------------------------+-----------+----------+-----------+-----------------+
| On-Chip                  | Power (W) | Used     | Available | Utilization (%) |
+--------------------------+-----------+----------+-----------+-----------------+
| Clocks                   |     0.029 |       14 |       --- |             --- |
| Slice Logic              |     0.018 |     9691 |       --- |             --- |
|   LUT as Logic           |     0.015 |     3480 |     17600 |           19.77 |
|   CARRY4                 |     0.001 |      343 |      4400 |            7.80 |
|   Register               |     0.001 |     4446 |     35200 |           12.63 |
|   LUT as Distributed RAM |    <0.001 |      160 |      6000 |            2.67 |
|   F7/F8 Muxes            |    <0.001 |       28 |     17600 |            0.16 |
|   LUT as Shift Register  |    <0.001 |       48 |      6000 |            0.80 |
|   Others                 |     0.000 |      245 |       --- |             --- |
| Signals                  |     0.027 |     7766 |       --- |             --- |
| Block RAM                |     0.104 |       30 |        60 |           50.00 |
| PLL                      |     0.097 |        1 |         2 |           50.00 |
| DSPs                     |     0.011 |       10 |        80 |           12.50 |
| I/O                      |     0.246 |       91 |       100 |           91.00 |
| XADC                     |     0.004 |        1 |       --- |             --- |
| PS7                      |     1.292 |        1 |       --- |             --- |
| Static Power             |     0.135 |          |           |                 |
| Total                    |     1.963 |          |           |                 |
+--------------------------+-----------+----------+-----------+-----------------+


1.2 Power Supply Summary
------------------------

+-----------+-------------+-----------+-------------+------------+
| Source    | Voltage (V) | Total (A) | Dynamic (A) | Static (A) |
+-----------+-------------+-----------+-------------+------------+
| Vccint    |       1.000 |     0.199 |       0.190 |      0.009 |
| Vccaux    |       1.800 |     0.065 |       0.056 |      0.009 |
| Vcco33    |       3.300 |     0.072 |       0.071 |      0.001 |
| Vcco25    |       2.500 |     0.000 |       0.000 |      0.000 |
| Vcco18    |       1.800 |     0.002 |       0.001 |      0.001 |
| Vcco15    |       1.500 |     0.000 |       0.000 |      0.000 |
| Vcco135   |       1.350 |     0.000 |       0.000 |      0.000 |
| Vcco12    |       1.200 |     0.000 |       0.000 |      0.000 |
| Vccaux_io |       1.800 |     0.000 |       0.000 |      0.000 |
| Vccbram   |       1.000 |     0.011 |       0.009 |      0.003 |
| MGTAVcc   |       1.000 |     0.000 |       0.000 |      0.000 |
| MGTAVtt   |       1.200 |     0.000 |       0.000 |      0.000 |
| MGTVccaux |       1.800 |     0.000 |       0.000 |      0.000 |
| Vccpint   |       1.000 |     0.711 |       0.678 |      0.033 |
| Vccpaux   |       1.800 |     0.037 |       0.027 |      0.010 |
| Vccpll    |       1.800 |     0.017 |       0.014 |      0.003 |
| Vcco_ddr  |       1.500 |     0.356 |       0.354 |      0.002 |
| Vcco_mio0 |       3.300 |     0.002 |       0.001 |      0.001 |
| Vcco_mio1 |       2.500 |     0.003 |       0.002 |      0.001 |
| Vccadc    |       1.800 |     0.022 |       0.002 |      0.020 |
+-----------+-------------+-----------+-------------+------------+


1.3 Confidence Level
--------------------

+-----------------------------+------------+--------------------------------------------------------+------------------------------------------------------------------------------------------------------------+
| User Input Data             | Confidence | Details                                                | Action                                                                                                     |
+-----------------------------+------------+--------------------------------------------------------+------------------------------------------------------------------------------------------------------------+
| Design implementation state | High       | Design is routed                                       |                                                                                                            |
| Clock nodes activity        | High       | User specified more than 95% of clocks                 |                                                                                                            |
| I/O nodes activity          | Low        | More than 75% of inputs are missing user specification | Provide missing input activity with simulation results or by editing the "By Resource Type -> I/Os" view   |
| Internal nodes activity     | Medium     | User specified less than 25% of internal nodes         | Provide missing internal nodes activity with simulation results or by editing the "By Resource Type" views |
| Device models               | High       | Device models are Production                           |                                                                                                            |
|                             |            |                                                        |                                                                                                            |
| Overall confidence level    | Low        |                                                        |                                                                                                            |
+-----------------------------+------------+--------------------------------------------------------+------------------------------------------------------------------------------------------------------------+


2. Settings
-----------

2.1 Environment
---------------

+-----------------------+------------------------+
| Ambient Temp (C)      | 25.0                   |
| ThetaJA (C/W)         | 11.5                   |
| Airflow (LFM)         | 250                    |
| Heat Sink             | none                   |
| ThetaSA (C/W)         | 0.0                    |
| Board Selection       | medium (10"x10")       |
| # of Board Layers     | 8to11 (8 to 11 Layers) |
| Board Temperature (C) | 25.0                   |
+-----------------------+------------------------+


2.2 Clock Constraints
---------------------

+----------------+------------------------------------------------------------+-----------------+
| Clock          | Domain                                                     | Constraint (ns) |
+----------------+------------------------------------------------------------+-----------------+
| adc_clk        | adc_clk_i[1]                                               |             8.0 |
| clk_fb         | pll/clk_fb                                                 |             8.0 |
| clk_fpga_3     | ps/system_i/processing_system7/inst/FCLK_CLK_unbuffered[3] |             5.0 |
| pll_adc_clk    | pll/pll_adc_clk                                            |             8.0 |
| pll_dac_clk_1x | pll/pll_dac_clk_1x                                         |             8.0 |
| pll_dac_clk_2p | pll/pll_dac_clk_2p                                         |             4.0 |
| pll_dac_clk_2x | pll/pll_dac_clk_2x                                         |             4.0 |
| pll_pwm_clk    | pll/pll_pwm_clk                                            |             4.0 |
+----------------+------------------------------------------------------------+-----------------+


3. Detailed Reports
-------------------

3.1 By Hierarchy
----------------

+--------------------------------+-----------+
| Name                           | Power (W) |
+--------------------------------+-----------+
| red_pitaya_top                 |     1.828 |
|   e_def                        |     0.078 |
|     ch[0]                      |     0.038 |
|     ch[1]                      |     0.037 |
|   i_iobufn[1]                  |     0.003 |
|   i_iobufn[2]                  |     0.003 |
|   i_iobufn[3]                  |     0.003 |
|   i_iobufn[4]                  |     0.003 |
|   i_iobufn[5]                  |     0.003 |
|   i_iobufn[6]                  |     0.003 |
|   i_iobufn[7]                  |     0.003 |
|   i_pid                        |     0.001 |
|   i_scope                      |     0.073 |
|     i_dfilt1_cha               |     0.009 |
|     i_dfilt1_chb               |     0.009 |
|     i_wr0                      |     0.005 |
|     i_wr1                      |     0.004 |
|   pll                          |     0.097 |
|   ps                           |     1.321 |
|     axi_master[0]              |     0.002 |
|     axi_master[1]              |     0.002 |
|     axi_slave_gp0              |     0.004 |
|     system_i                   |     1.312 |
|       axi_protocol_converter_0 |     0.011 |
|       processing_system7       |     1.293 |
|       xadc                     |     0.008 |
|   pwm[1]                       |     0.001 |
|   pwm[2]                       |     0.001 |
|   pwm[3]                       |     0.001 |
+--------------------------------+-----------+


