Copyright 1986-2019 Xilinx, Inc. All Rights Reserved.
-------------------------------------------------------------------------------------------
| Tool Version : Vivado v.2019.1 (win64) Build 2552052 Fri May 24 14:49:42 MDT 2019
| Date         : Wed Sep  4 17:36:09 2019
| Host         : vova-PC running 64-bit Service Pack 1  (build 7601)
| Command      : report_control_sets -verbose -file red_pitaya_top_control_sets_placed.rpt
| Design       : red_pitaya_top
| Device       : xc7z010
-------------------------------------------------------------------------------------------

Control Set Information

Table of Contents
-----------------
1. Summary
2. Histogram
3. Flip-Flop Distribution
4. Detailed Control Set Information

1. Summary
----------

+----------------------------------------------------------+-------+
|                          Status                          | Count |
+----------------------------------------------------------+-------+
| Total control sets                                       |   207 |
|    Minimum number of control sets                        |   207 |
|    Addition due to synthesis replication                 |     0 |
|    Addition due to physical synthesis replication        |     0 |
| Unused register locations in slices containing registers |   546 |
+----------------------------------------------------------+-------+
* Control sets can be merged at opt_design using control_set_merge or merge_equivalent_drivers
** Run report_qor_suggestions for automated merging and remapping suggestions


2. Histogram
------------

+--------------------+-------+
|       Fanout       | Count |
+--------------------+-------+
| Total control sets |   207 |
| >= 0 to < 4        |     5 |
| >= 4 to < 6        |    32 |
| >= 6 to < 8        |     4 |
| >= 8 to < 10       |    18 |
| >= 10 to < 12      |     2 |
| >= 12 to < 14      |     6 |
| >= 14 to < 16      |    35 |
| >= 16              |   105 |
+--------------------+-------+
* Control sets can be remapped at either synth_design or opt_design


3. Flip-Flop Distribution
-------------------------

+--------------+-----------------------+------------------------+-----------------+--------------+
| Clock Enable | Synchronous Set/Reset | Asynchronous Set/Reset | Total Registers | Total Slices |
+--------------+-----------------------+------------------------+-----------------+--------------+
| No           | No                    | No                     |             245 |           99 |
| No           | No                    | Yes                    |               0 |            0 |
| No           | Yes                   | No                     |             610 |          208 |
| Yes          | No                    | No                     |            1456 |          519 |
| Yes          | No                    | Yes                    |               0 |            0 |
| Yes          | Yes                   | No                     |            2135 |          702 |
+--------------+-----------------------+------------------------+-----------------+--------------+


4. Detailed Control Set Information
-----------------------------------

+------------------------------------------------+----------------------------------------------------------------------------------------------------------------------------------------------------+-------------------------------------------------------------------------------------------------------------------------------------------+------------------+----------------+
|                  Clock Signal                  |                                                                    Enable Signal                                                                   |                                                              Set/Reset Signal                                                             | Slice Load Count | Bel Load Count |
+------------------------------------------------+----------------------------------------------------------------------------------------------------------------------------------------------------+-------------------------------------------------------------------------------------------------------------------------------------------+------------------+----------------+
|  adc_clk                                       | ps/axi_master[0]/axi_awpop                                                                                                                         | ps/axi_master[0]/axi_awburst_o[0]_i_1__0_n_0                                                                                              |                1 |              1 |
|  adc_clk                                       | e_def/ch[1]/len_cnt[13]_i_2_n_0                                                                                                                    |                                                                                                                                           |                1 |              1 |
|  adc_clk                                       | ps/axi_master[1]/axi_awpop                                                                                                                         | ps/axi_master[1]/axi_awburst_o[0]_i_1_n_0                                                                                                 |                1 |              1 |
|  pwm_clk                                       |                                                                                                                                                    |                                                                                                                                           |                1 |              1 |
|  ps/system_i/processing_system7/inst/FCLK_CLK3 | ps/system_i/axi_protocol_converter_0/inst/gen_axilite.gen_b2s_conv.axilite_b2s/WR.b_channel_0/bid_fifo_0/bresp_push                                |                                                                                                                                           |                1 |              2 |
|  adc_clk                                       | ps/axi_master[0]/axi_awfill_lvl[3]_i_1__0_n_0                                                                                                      | i_scope/i_dfilt1_chb/SR[0]                                                                                                                |                2 |              4 |
|  ps/system_i/processing_system7/inst/FCLK_CLK3 |                                                                                                                                                    | ps/system_i/axi_protocol_converter_0/inst/gen_axilite.gen_b2s_conv.axilite_b2s/SI_REG/ar.ar_pipe/aresetn_d_reg[1]_inv_0                   |                3 |              4 |
|  adc_clk                                       |                                                                                                                                                    | i_scope/i_wr0/clear                                                                                                                       |                3 |              4 |
|  adc_clk                                       |                                                                                                                                                    | i_scope/i_wr1/clear                                                                                                                       |                4 |              4 |
|  adc_clk                                       | i_scope/i_wr0/axi_wvalid_o_reg_1[0]                                                                                                                | i_scope/i_dfilt1_chb/SR[0]                                                                                                                |                2 |              4 |
|  adc_clk                                       |                                                                                                                                                    | i_scope/axi_b_dat_sel                                                                                                                     |                2 |              4 |
|  adc_clk                                       | ps/axi_slave_gp0/rd_araddr_reg[0]_3                                                                                                                | i_scope/i_dfilt1_chb/SR[0]                                                                                                                |                3 |              4 |
|  adc_clk                                       | i_scope/set_trig_src[3]_i_1_n_0                                                                                                                    | i_scope/i_dfilt1_chb/SR[0]                                                                                                                |                1 |              4 |
|  pwm_clk                                       | pwm[3]/bcnt                                                                                                                                        | pwm[1]/SR[0]                                                                                                                              |                1 |              4 |
|  adc_clk                                       | ps/axi_master[0]/axi_wpop                                                                                                                          | i_scope/i_dfilt1_chb/SR[0]                                                                                                                |                1 |              4 |
|  adc_clk                                       | ps/axi_master[0]/axi_wfill_lvl[3]_i_1__0_n_0                                                                                                       | i_scope/i_dfilt1_chb/SR[0]                                                                                                                |                1 |              4 |
|  adc_clk                                       | i_scope/i_wr0/axi_wvalid_o_reg_2[0]                                                                                                                | i_scope/i_dfilt1_chb/SR[0]                                                                                                                |                1 |              4 |
|  pwm_clk                                       | pwm[2]/bcnt                                                                                                                                        | pwm[1]/SR[0]                                                                                                                              |                1 |              4 |
|  adc_clk                                       | ps/axi_master[0]/axi_rfill_lvl[3]_i_1__0_n_0                                                                                                       | i_scope/i_dfilt1_chb/SR[0]                                                                                                                |                1 |              4 |
|  adc_clk                                       | ps/axi_master[0]/axi_awpush                                                                                                                        | i_scope/i_dfilt1_chb/SR[0]                                                                                                                |                1 |              4 |
|  adc_clk                                       | ps/axi_master[0]/axi_awpop                                                                                                                         | i_scope/i_dfilt1_chb/SR[0]                                                                                                                |                1 |              4 |
|  pwm_clk                                       | pwm[1]/bcnt                                                                                                                                        | pwm[1]/SR[0]                                                                                                                              |                1 |              4 |
|  adc_clk                                       | i_scope/i_wr1/axi_wvalid_o_reg_1[0]                                                                                                                | i_scope/i_dfilt1_chb/SR[0]                                                                                                                |                2 |              4 |
|  adc_clk                                       | i_scope/i_wr1/E[0]                                                                                                                                 | i_scope/i_dfilt1_chb/SR[0]                                                                                                                |                2 |              4 |
|  adc_clk                                       | ps/axi_master[1]/axi_rfill_lvl[3]_i_1_n_0                                                                                                          | i_scope/i_dfilt1_chb/SR[0]                                                                                                                |                1 |              4 |
|  adc_clk                                       | ps/axi_master[1]/axi_awpop                                                                                                                         | i_scope/i_dfilt1_chb/SR[0]                                                                                                                |                2 |              4 |
|  adc_clk                                       | ps/axi_master[1]/axi_awpush                                                                                                                        | i_scope/i_dfilt1_chb/SR[0]                                                                                                                |                1 |              4 |
|  ps/system_i/processing_system7/inst/FCLK_CLK3 |                                                                                                                                                    | ps/system_i/axi_protocol_converter_0/inst/gen_axilite.gen_b2s_conv.axilite_b2s/SI_REG/aw.aw_pipe/aresetn_d_reg[0]_0                       |                3 |              4 |
|  adc_clk                                       | ps/axi_master[1]/axi_wpop                                                                                                                          | i_scope/i_dfilt1_chb/SR[0]                                                                                                                |                1 |              4 |
|  ps/system_i/processing_system7/inst/FCLK_CLK3 | ps/system_i/xadc/inst/AXI_XADC_CORE_I/D[6]                                                                                                         | ps/system_i/xadc/inst/AXI_LITE_IPIF_I/I_SLAVE_ATTACHMENT/reset2ip_reset                                                                   |                1 |              4 |
|  adc_clk                                       | ps/axi_master[1]/axi_wfill_lvl[3]_i_1_n_0                                                                                                          | i_scope/i_dfilt1_chb/SR[0]                                                                                                                |                1 |              4 |
|  ps/system_i/processing_system7/inst/FCLK_CLK3 | ps/system_i/axi_protocol_converter_0/inst/gen_axilite.gen_b2s_conv.axilite_b2s/WR.aw_channel_0/aw_cmd_fsm_0/m_valid_i_reg_0                        | ps/system_i/axi_protocol_converter_0/inst/gen_axilite.gen_b2s_conv.axilite_b2s/WR.aw_channel_0/aw_cmd_fsm_0/m_valid_i_reg                 |                2 |              5 |
|  ps/system_i/processing_system7/inst/FCLK_CLK3 | ps/system_i/axi_protocol_converter_0/inst/gen_axilite.gen_b2s_conv.axilite_b2s/RD.r_channel_0/transaction_fifo_0/cnt_read[4]_i_1__0_n_0            | ps/system_i/axi_protocol_converter_0/inst/gen_axilite.gen_b2s_conv.axilite_b2s/areset_d1                                                  |                2 |              5 |
|  adc_clk                                       | ps/axi_slave_gp0/ack_cnt[5]_i_2_n_0                                                                                                                | ps/axi_slave_gp0/ack_cnt[5]                                                                                                               |                1 |              5 |
|  ps/system_i/processing_system7/inst/FCLK_CLK3 |                                                                                                                                                    | ps/system_i/proc_sys_reset/U0/EXT_LPF/lpf_int                                                                                             |                3 |              5 |
|  ps/system_i/processing_system7/inst/FCLK_CLK3 | ps/system_i/axi_protocol_converter_0/inst/gen_axilite.gen_b2s_conv.axilite_b2s/RD.ar_channel_0/ar_cmd_fsm_0/m_axi_arready_0                        | ps/system_i/axi_protocol_converter_0/inst/gen_axilite.gen_b2s_conv.axilite_b2s/RD.ar_channel_0/ar_cmd_fsm_0/FSM_sequential_state_reg[1]_0 |                3 |              5 |
|  ps/system_i/processing_system7/inst/FCLK_CLK3 | ps/system_i/axi_protocol_converter_0/inst/gen_axilite.gen_b2s_conv.axilite_b2s/RD.r_channel_0/transaction_fifo_0/E[0]                              | ps/system_i/axi_protocol_converter_0/inst/gen_axilite.gen_b2s_conv.axilite_b2s/areset_d1                                                  |                2 |              5 |
|  adc_clk                                       | ps/axi_slave_gp0/rd_araddr_reg[3]_11[0]                                                                                                            | i_scope/i_dfilt1_chb/SR[0]                                                                                                                |                2 |              6 |
|  ps/system_i/processing_system7/inst/FCLK_CLK3 | ps/system_i/proc_sys_reset/U0/SEQ/seq_cnt_en                                                                                                       | ps/system_i/proc_sys_reset/U0/SEQ/SEQ_COUNTER/clear                                                                                       |                1 |              6 |
|  adc_clk                                       | rstn                                                                                                                                               | ps/axi_slave_gp0/adc_rstn_reg_3                                                                                                           |                2 |              7 |
|  ps/system_i/processing_system7/inst/FCLK_CLK3 |                                                                                                                                                    | ps/system_i/xadc/inst/AXI_LITE_IPIF_I/I_SLAVE_ATTACHMENT/p_2_out                                                                          |                3 |              7 |
|  adc_clk                                       | i_scope/i_wr1/dat_cnt[3]_i_1__0_n_0                                                                                                                | i_scope/i_wr1/clear                                                                                                                       |                3 |              8 |
|  adc_clk                                       | i_scope/i_wr0/push                                                                                                                                 | i_scope/i_wr0/clear                                                                                                                       |                2 |              8 |
|  pwm_clk                                       | pwm[1]/v[7]_i_1__1_n_0                                                                                                                             |                                                                                                                                           |                2 |              8 |
|  adc_clk                                       | i_scope/i_wr0/pop                                                                                                                                  | i_scope/i_wr0/clear                                                                                                                       |                2 |              8 |
|  adc_clk                                       | i_scope/i_wr0/dat_cnt[3]_i_1_n_0                                                                                                                   | i_scope/i_wr0/clear                                                                                                                       |                3 |              8 |
|  adc_clk                                       | i_scope/i_wr1/push                                                                                                                                 | i_scope/i_wr1/clear                                                                                                                       |                2 |              8 |
|  ps/system_i/processing_system7/inst/FCLK_CLK3 | ps/system_i/axi_protocol_converter_0/inst/gen_axilite.gen_b2s_conv.axilite_b2s/WR.b_channel_0/mhandshake_r                                         | ps/system_i/axi_protocol_converter_0/inst/gen_axilite.gen_b2s_conv.axilite_b2s/WR.b_channel_0/bid_fifo_0/SR[0]                            |                2 |              8 |
|  adc_clk                                       | rstn                                                                                                                                               | ps/axi_slave_gp0/axi\\.RDATA[31]_i_1_n_0                                                                                                  |                3 |              8 |
|  adc_clk                                       | i_scope/i_wr1/pop                                                                                                                                  | i_scope/i_wr1/clear                                                                                                                       |                2 |              8 |
|  adc_clk                                       | ps/axi_slave_gp0/rd_do_reg_0[0]                                                                                                                    | i_scope/i_dfilt1_chb/SR[0]                                                                                                                |                2 |              8 |
|  pwm_clk                                       | pwm[3]/v[7]_i_1_n_0                                                                                                                                |                                                                                                                                           |                1 |              8 |
|  pwm_clk                                       | pwm[2]/v[7]_i_1__0_n_0                                                                                                                             |                                                                                                                                           |                2 |              8 |
|  adc_clk                                       | ps/axi_slave_gp0/rd_araddr_reg[22]_0[0]                                                                                                            | i_scope/i_dfilt1_chb/SR[0]                                                                                                                |                2 |              8 |
|  adc_clk                                       | ps/axi_slave_gp0/rd_araddr_reg[22]_1[0]                                                                                                            | i_scope/i_dfilt1_chb/SR[0]                                                                                                                |                2 |              8 |
|  adc_clk                                       | ps/axi_slave_gp0/rd_araddr_reg[22]_2[0]                                                                                                            | i_scope/i_dfilt1_chb/SR[0]                                                                                                                |                2 |              8 |
|  adc_clk                                       | i_hk/sel                                                                                                                                           | i_scope/i_dfilt1_chb/SR[0]                                                                                                                |                3 |              9 |
|  adc_clk                                       | i_scope/i_wr0/fill_lvl[8]_i_1_n_0                                                                                                                  | i_scope/i_wr0/clear                                                                                                                       |                3 |              9 |
|  adc_clk                                       | i_scope/i_wr1/fill_lvl[8]_i_1__0_n_0                                                                                                               | i_scope/i_wr1/clear                                                                                                                       |                2 |              9 |
|  adc_clk                                       | ps/axi_slave_gp0/rd_araddr_reg[3]_16                                                                                                               | i_scope/i_dfilt1_chb/SR[0]                                                                                                                |                7 |             10 |
|  ps/system_i/processing_system7/inst/FCLK_CLK3 |                                                                                                                                                    | ps/system_i/axi_protocol_converter_0/inst/gen_axilite.gen_b2s_conv.axilite_b2s/areset_d1                                                  |                7 |             10 |
|  ps/system_i/processing_system7/inst/FCLK_CLK3 | ps/system_i/axi_protocol_converter_0/inst/gen_axilite.gen_b2s_conv.axilite_b2s/RD.ar_channel_0/ar_cmd_fsm_0/E[0]                                   |                                                                                                                                           |                5 |             12 |
|  ps/system_i/processing_system7/inst/FCLK_CLK3 | ps/system_i/axi_protocol_converter_0/inst/gen_axilite.gen_b2s_conv.axilite_b2s/RD.ar_channel_0/ar_cmd_fsm_0/sel_first_reg[0]                       |                                                                                                                                           |                3 |             12 |
|  ps/system_i/processing_system7/inst/FCLK_CLK3 | ps/system_i/axi_protocol_converter_0/inst/gen_axilite.gen_b2s_conv.axilite_b2s/WR.aw_channel_0/aw_cmd_fsm_0/E[0]                                   |                                                                                                                                           |                5 |             12 |
|  ps/system_i/processing_system7/inst/FCLK_CLK3 | ps/system_i/axi_protocol_converter_0/inst/gen_axilite.gen_b2s_conv.axilite_b2s/WR.aw_channel_0/cmd_translator_0/incr_cmd_0/axaddr_incr[11]_i_1_n_0 |                                                                                                                                           |                4 |             12 |
|  adc_clk                                       | e_def/ch[1]/len_cnt[13]_i_2_n_0                                                                                                                    | e_def/ch[1]/len_cnt[13]_i_1_n_0                                                                                                           |                4 |             12 |
|  ps/system_i/processing_system7/inst/FCLK_CLK3 | ps/system_i/axi_protocol_converter_0/inst/gen_axilite.gen_b2s_conv.axilite_b2s/RD.r_channel_0/r_push_r                                             |                                                                                                                                           |                4 |             13 |
|  adc_clk                                       | ps/axi_slave_gp0/rd_araddr_reg[4]_17[0]                                                                                                            | i_scope/i_dfilt1_chb/SR[0]                                                                                                                |                4 |             14 |
|  ps/system_i/processing_system7/inst/FCLK_CLK3 | ps/system_i/axi_protocol_converter_0/inst/gen_axilite.gen_b2s_conv.axilite_b2s/SI_REG/b.b_pipe/p_1_in                                              |                                                                                                                                           |                2 |             14 |
|  ps/system_i/processing_system7/inst/FCLK_CLK3 | ps/system_i/axi_protocol_converter_0/inst/gen_axilite.gen_b2s_conv.axilite_b2s/SI_REG/b.b_pipe/s_ready_i_reg_0                                     |                                                                                                                                           |                2 |             14 |
|  adc_clk                                       | i_scope/axi_b_dat_dv0                                                                                                                              |                                                                                                                                           |                5 |             14 |
|  adc_clk                                       | i_scope/axi_b_dat[47]_i_1_n_0                                                                                                                      |                                                                                                                                           |                4 |             14 |
|  adc_clk                                       | i_scope/axi_b_dat[31]_i_1_n_0                                                                                                                      |                                                                                                                                           |                4 |             14 |
|  adc_clk                                       | i_scope/axi_b_dat[15]_i_1_n_0                                                                                                                      |                                                                                                                                           |                5 |             14 |
|  adc_clk                                       | i_scope/axi_a_dat_dv0                                                                                                                              |                                                                                                                                           |                4 |             14 |
|  adc_clk                                       | ps/axi_slave_gp0/bus\\.wen_reg_4[0]                                                                                                                | i_scope/i_dfilt1_chb/SR[0]                                                                                                                |                6 |             14 |
|  adc_clk                                       | ps/axi_slave_gp0/rd_araddr_reg[5]_17[0]                                                                                                            | i_scope/i_dfilt1_chb/SR[0]                                                                                                                |                4 |             14 |
|  adc_clk                                       | ps/axi_slave_gp0/rd_araddr_reg[4]_5[0]                                                                                                             | i_scope/i_dfilt1_chb/SR[0]                                                                                                                |                4 |             14 |
|  adc_clk                                       | ps/axi_slave_gp0/rd_araddr_reg[4]_11[0]                                                                                                            | i_scope/i_dfilt1_chb/SR[0]                                                                                                                |                5 |             14 |
|  adc_clk                                       | i_scope/adc_wp_trig0                                                                                                                               | i_scope/axi_b_dat_sel                                                                                                                     |                5 |             14 |
|  adc_clk                                       | i_scope/axi_a_dat[15]_i_1_n_0                                                                                                                      |                                                                                                                                           |                4 |             14 |
|  adc_clk                                       | i_scope/axi_a_dat[31]_i_1_n_0                                                                                                                      |                                                                                                                                           |                2 |             14 |
|  adc_clk                                       | ps/axi_slave_gp0/rd_araddr_reg[0]_2[0]                                                                                                             | i_scope/i_dfilt1_chb/SR[0]                                                                                                                |                4 |             14 |
|  adc_clk                                       | i_scope/axi_a_dat[47]_i_1_n_0                                                                                                                      |                                                                                                                                           |                2 |             14 |
|  adc_clk                                       | ps/axi_slave_gp0/rd_araddr_reg[5]_16[0]                                                                                                            | i_scope/i_dfilt1_chb/SR[0]                                                                                                                |                4 |             14 |
|  adc_clk                                       | ps/axi_slave_gp0/rd_araddr_reg[4]_12[0]                                                                                                            | i_scope/i_dfilt1_chb/SR[0]                                                                                                                |                6 |             14 |
|  adc_clk                                       | e_def/ch[1]/dac_do                                                                                                                                 | e_def/ch[1]/dac_pnt[16]_i_1_n_0                                                                                                           |                4 |             14 |
|  adc_clk                                       | ps/axi_slave_gp0/rd_araddr_reg[2]_5[0]                                                                                                             | i_scope/i_dfilt1_chb/SR[0]                                                                                                                |                4 |             14 |
|  adc_clk                                       | e_def/ch[0]/dac_do_reg_n_0                                                                                                                         | e_def/ch[0]/dac_pnt[16]_i_1__0_n_0                                                                                                        |                4 |             14 |
|  adc_clk                                       | ps/axi_slave_gp0/rd_araddr_reg[4]_13[0]                                                                                                            | i_scope/i_dfilt1_chb/SR[0]                                                                                                                |                5 |             14 |
|  adc_clk                                       | ps/axi_slave_gp0/rd_araddr_reg[1]_0[0]                                                                                                             | i_scope/i_dfilt1_chb/SR[0]                                                                                                                |                4 |             14 |
|  adc_clk                                       | ps/axi_slave_gp0/rd_araddr_reg[4]_14[0]                                                                                                            | i_scope/i_dfilt1_chb/SR[0]                                                                                                                |                9 |             14 |
|  adc_clk                                       | ps/axi_slave_gp0/rd_araddr_reg[5]_8[0]                                                                                                             | i_scope/i_dfilt1_chb/SR[0]                                                                                                                |                4 |             14 |
|  adc_clk                                       | ps/axi_slave_gp0/rd_do_reg_5[0]                                                                                                                    | i_scope/i_dfilt1_chb/SR[0]                                                                                                                |                3 |             14 |
|  adc_clk                                       | e_def/ch[0]/len_cnt[13]_i_1_n_0                                                                                                                    |                                                                                                                                           |                5 |             14 |
|  adc_clk                                       | ps/axi_slave_gp0/rd_araddr_reg[4]_15[0]                                                                                                            | i_scope/i_dfilt1_chb/SR[0]                                                                                                                |                5 |             14 |
|  adc_clk                                       | ps/axi_slave_gp0/rd_araddr_reg[12]_0[0]                                                                                                            | i_scope/i_dfilt1_chb/SR[0]                                                                                                                |                6 |             14 |
|  adc_clk                                       | ps/axi_slave_gp0/rd_araddr_reg[0]_5[0]                                                                                                             | i_scope/i_dfilt1_chb/SR[0]                                                                                                                |                4 |             14 |
|  adc_clk                                       | ps/axi_slave_gp0/rd_araddr_reg[0]_4[0]                                                                                                             | i_scope/i_dfilt1_chb/SR[0]                                                                                                                |                5 |             14 |
|  adc_clk                                       | ps/axi_slave_gp0/rd_araddr_reg[0]_1[0]                                                                                                             | i_scope/i_dfilt1_chb/SR[0]                                                                                                                |                4 |             14 |
|  adc_clk                                       | ps/axi_slave_gp0/rd_araddr_reg[4]_16[0]                                                                                                            | i_scope/i_dfilt1_chb/SR[0]                                                                                                                |                6 |             14 |
|  adc_clk                                       | ps/axi_slave_gp0/rd_araddr_reg[0]_0[0]                                                                                                             | i_scope/i_dfilt1_chb/SR[0]                                                                                                                |                8 |             14 |
|  adc_clk                                       | e_def/pwm_long/inc_cnt_reg_n_0                                                                                                                     | e_def/pwm_long/cnt[0]_i_1_n_0                                                                                                             |                4 |             16 |
|  adc_clk                                       |                                                                                                                                                    | i_scope/adc_dec_cnt[16]                                                                                                                   |                4 |             16 |
|  adc_clk                                       | ps/axi_slave_gp0/rd_araddr_reg[6]_5[0]                                                                                                             | i_scope/i_dfilt1_chb/SR[0]                                                                                                                |                7 |             16 |
|  adc_clk                                       | e_def/pwm_long/str_rdy_carry__0_n_2                                                                                                                | i_scope/i_dfilt1_chb/SR[0]                                                                                                                |                3 |             16 |
|  adc_clk                                       | ps/axi_slave_gp0/rd_araddr_reg[3]_15[0]                                                                                                            | i_scope/i_dfilt1_chb/SR[0]                                                                                                                |                3 |             16 |
|  ps/system_i/processing_system7/inst/FCLK_CLK3 |                                                                                                                                                    | ps/system_i/xadc/inst/AXI_XADC_CORE_I/do_reg[15]_i_1_n_0                                                                                  |                3 |             16 |
|  adc_clk                                       | ps/axi_slave_gp0/rd_araddr_reg[3]_12[0]                                                                                                            | i_scope/i_dfilt1_chb/SR[0]                                                                                                                |                4 |             16 |
|  adc_clk                                       | ps/axi_slave_gp0/rd_araddr_reg[5]_15[0]                                                                                                            | i_scope/i_dfilt1_chb/SR[0]                                                                                                                |                4 |             16 |
|  adc_clk                                       |                                                                                                                                                    | e_def/pwm_long/cnt_pre[0]_i_1_n_0                                                                                                         |                4 |             16 |
|  pwm_clk                                       | pwm[2]/b                                                                                                                                           |                                                                                                                                           |                6 |             16 |
|  ps/system_i/processing_system7/inst/FCLK_CLK3 | ps/system_i/axi_protocol_converter_0/inst/gen_axilite.gen_b2s_conv.axilite_b2s/WR.aw_channel_0/aw_cmd_fsm_0/b_push                                 |                                                                                                                                           |                3 |             16 |
|  pwm_clk                                       | pwm[1]/b                                                                                                                                           |                                                                                                                                           |                6 |             16 |
|  pwm_clk                                       | pwm[3]/b                                                                                                                                           |                                                                                                                                           |                6 |             16 |
|  adc_clk                                       | ps/axi_slave_gp0/bus\\.wen_reg_3[0]                                                                                                                | i_scope/i_dfilt1_chb/SR[0]                                                                                                                |               11 |             16 |
|  adc_clk                                       | e_def/ch[0]/ext_trig_debn[19]_i_2__0_n_0                                                                                                           | e_def/ch[0]/ext_trig_debn[19]_i_1__0_n_0                                                                                                  |                6 |             17 |
|  adc_clk                                       | e_def/ch[0]/ext_trig_debp[19]_i_2__0_n_0                                                                                                           | e_def/ch[0]/ext_trig_debp[19]_i_1__0_n_0                                                                                                  |                6 |             17 |
|  adc_clk                                       | ps/axi_slave_gp0/rd_araddr_reg[5]_18[0]                                                                                                            | i_scope/i_dfilt1_chb/SR[0]                                                                                                                |                4 |             17 |
|  adc_clk                                       | e_def/ch[1]/ext_trig_debp[19]_i_2_n_0                                                                                                              | e_def/ch[1]/ext_trig_debp[19]_i_1_n_0                                                                                                     |                6 |             17 |
|  adc_clk                                       | e_def/ch[1]/ext_trig_debn[19]_i_2_n_0                                                                                                              | e_def/ch[1]/ext_trig_debn[19]_i_1_n_0                                                                                                     |                5 |             17 |
|  adc_clk                                       | rstn                                                                                                                                               | ps/axi_slave_gp0/adc_rstn_reg_1                                                                                                           |               10 |             17 |
|  dac_clk_1x                                    | trg_cnt_a                                                                                                                                          | e_def/ch[0]/dac_trigr_reg_0                                                                                                               |                5 |             17 |
|  ps/system_i/processing_system7/inst/FCLK_CLK3 | ps/system_i/xadc/inst/AXI_LITE_IPIF_I/I_SLAVE_ATTACHMENT/I_DECODER/E[0]                                                                            | ps/system_i/xadc/inst/AXI_LITE_IPIF_I/I_SLAVE_ATTACHMENT/reset2ip_reset                                                                   |                4 |             17 |
|  adc_clk                                       | ps/axi_slave_gp0/rd_araddr_reg[6]_3[0]                                                                                                             | i_scope/i_dfilt1_chb/SR[0]                                                                                                                |                5 |             18 |
|  adc_clk                                       | ps/axi_slave_gp0/rd_araddr_reg[5]_12[0]                                                                                                            | i_scope/i_dfilt1_chb/SR[0]                                                                                                                |                3 |             18 |
|  ps/system_i/processing_system7/inst/FCLK_CLK3 | ps/system_i/axi_protocol_converter_0/inst/gen_axilite.gen_b2s_conv.axilite_b2s/RD.r_channel_0/rd_data_fifo_0/wr_en0                                |                                                                                                                                           |                6 |             20 |
|  adc_clk                                       | ps/axi_slave_gp0/rd_araddr_reg[18]_0[0]                                                                                                            | i_scope/i_dfilt1_chb/SR[0]                                                                                                                |                5 |             20 |
|  adc_clk                                       | i_scope/asg_trig_debn[0]_i_1_n_0                                                                                                                   | i_scope/i_dfilt1_chb/SR[0]                                                                                                                |                5 |             20 |
|  adc_clk                                       | i_scope/asg_trig_debp[0]_i_1_n_0                                                                                                                   | i_scope/i_dfilt1_chb/SR[0]                                                                                                                |                5 |             20 |
|  adc_clk                                       | e_def/ch[1]/ext_trig_in_reg[2]_1                                                                                                                   | i_scope/i_dfilt1_chb/SR[0]                                                                                                                |                5 |             20 |
|  adc_clk                                       | e_def/ch[1]/ext_trig_in_reg[1]_1                                                                                                                   | i_scope/i_dfilt1_chb/SR[0]                                                                                                                |                5 |             20 |
|  ps/system_i/processing_system7/inst/FCLK_CLK3 | ps/system_i/xadc/inst/AXI_LITE_IPIF_I/I_SLAVE_ATTACHMENT/s_axi_rresp_i                                                                             | ps/system_i/xadc/inst/AXI_LITE_IPIF_I/I_SLAVE_ATTACHMENT/SR[0]                                                                            |                6 |             20 |
|  ps/system_i/processing_system7/inst/FCLK_CLK3 | ps/system_i/axi_protocol_converter_0/inst/gen_axilite.gen_b2s_conv.axilite_b2s/RD.ar_channel_0/ar_cmd_fsm_0/m_axi_arready_0                        |                                                                                                                                           |                9 |             21 |
|  ps/system_i/processing_system7/inst/FCLK_CLK3 | ps/system_i/axi_protocol_converter_0/inst/gen_axilite.gen_b2s_conv.axilite_b2s/WR.aw_channel_0/aw_cmd_fsm_0/m_valid_i_reg_0                        |                                                                                                                                           |                9 |             21 |
|  adc_clk                                       | ps/axi_slave_gp0/rd_araddr_reg[3]_6[0]                                                                                                             | i_scope/i_dfilt1_chb/SR[0]                                                                                                                |                9 |             24 |
|  adc_clk                                       | ps/axi_slave_gp0/dac_b_o[23]_i_6_0[0]                                                                                                              | i_scope/i_dfilt1_chb/SR[0]                                                                                                                |                8 |             24 |
|  adc_clk                                       | rstn                                                                                                                                               | ps/axi_slave_gp0/adc_rstn_reg_2                                                                                                           |                6 |             24 |
|  pwm_clk                                       |                                                                                                                                                    | pwm[1]/SR[0]                                                                                                                              |                9 |             24 |
|  adc_clk                                       | ps/axi_slave_gp0/rd_araddr_reg[2]_3[0]                                                                                                             | i_scope/i_dfilt1_chb/SR[0]                                                                                                                |                6 |             24 |
|  adc_clk                                       | ps/axi_slave_gp0/rd_araddr_reg[5]_4[0]                                                                                                             | i_scope/i_dfilt1_chb/SR[0]                                                                                                                |                8 |             24 |
|  ps/system_i/processing_system7/inst/FCLK_CLK3 | ps/system_i/xadc/inst/AXI_LITE_IPIF_I/I_SLAVE_ATTACHMENT/I_DECODER/start                                                                           | ps/system_i/xadc/inst/AXI_LITE_IPIF_I/I_SLAVE_ATTACHMENT/I_DECODER/cs_ce_clr                                                              |                9 |             25 |
|  adc_clk                                       | ps/axi_slave_gp0/rd_araddr_reg[4]_7[0]                                                                                                             | i_scope/i_dfilt1_chb/SR[0]                                                                                                                |                6 |             25 |
|  adc_clk                                       | ps/axi_slave_gp0/wr_awaddr_reg[1]_3[0]                                                                                                             | i_scope/i_dfilt1_chb/SR[0]                                                                                                                |               10 |             25 |
|  adc_clk                                       | ps/axi_slave_gp0/rd_araddr_reg[5]_6[0]                                                                                                             | i_scope/i_dfilt1_chb/SR[0]                                                                                                                |               13 |             25 |
|  adc_clk                                       | ps/axi_slave_gp0/rd_araddr_reg[5]_7[0]                                                                                                             | i_scope/i_dfilt1_chb/SR[0]                                                                                                                |               10 |             25 |
|  adc_clk                                       | ps/axi_slave_gp0/rd_araddr_reg[5]_9[0]                                                                                                             | i_scope/i_dfilt1_chb/SR[0]                                                                                                                |               10 |             25 |
|  adc_clk                                       | ps/axi_slave_gp0/rd_do_reg_1[0]                                                                                                                    | i_scope/i_dfilt1_chb/SR[0]                                                                                                                |                8 |             25 |
|  ps/system_i/processing_system7/inst/FCLK_CLK3 |                                                                                                                                                    | ps/system_i/xadc/inst/AXI_LITE_IPIF_I/I_SLAVE_ATTACHMENT/SR[0]                                                                            |                7 |             26 |
|  adc_clk                                       | i_scope/p_0_in28_out                                                                                                                               | i_scope/axi_b_dat_sel                                                                                                                     |                7 |             28 |
|  adc_clk                                       | ps/axi_slave_gp0/rd_araddr_reg[3]_13[0]                                                                                                            | i_scope/i_dfilt1_chb/SR[0]                                                                                                                |               14 |             28 |
|  adc_clk                                       | ps/axi_slave_gp0/adc_rstn_reg_0[0]                                                                                                                 |                                                                                                                                           |               11 |             28 |
|  adc_clk                                       | ps/axi_slave_gp0/rd_araddr_reg[1]_1[0]                                                                                                             | i_scope/i_dfilt1_chb/SR[0]                                                                                                                |               15 |             28 |
|  adc_clk                                       | ps/axi_slave_gp0/rd_araddr_reg[3]_14[0]                                                                                                            | i_scope/i_dfilt1_chb/SR[0]                                                                                                                |               16 |             30 |
|  adc_clk                                       | ps/axi_slave_gp0/rd_araddr_reg[5]_14[0]                                                                                                            | i_scope/i_dfilt1_chb/SR[0]                                                                                                                |               16 |             30 |
|  adc_clk                                       | ps/axi_slave_gp0/bus\\.wen_reg_2[0]                                                                                                                | i_scope/i_dfilt1_chb/SR[0]                                                                                                                |               15 |             30 |
|  dac_clk_1x                                    |                                                                                                                                                    |                                                                                                                                           |               17 |             30 |
|  adc_clk                                       | ps/axi_slave_gp0/rd_araddr_reg[8]_2[0]                                                                                                             | i_scope/i_dfilt1_chb/SR[0]                                                                                                                |               15 |             30 |
|  adc_clk                                       | ps/axi_slave_gp0/bus\\.wen_reg_1[0]                                                                                                                | i_scope/i_dfilt1_chb/SR[0]                                                                                                                |               14 |             30 |
|  adc_clk                                       | ps/axi_slave_gp0/rd_araddr_reg[8]_1[0]                                                                                                             | i_scope/i_dfilt1_chb/SR[0]                                                                                                                |               17 |             30 |
|  adc_clk                                       | i_scope/set_a_axi_trig0                                                                                                                            | i_scope/adc_rst_do                                                                                                                        |               13 |             31 |
|  adc_clk                                       | i_scope/set_b_axi_trig0                                                                                                                            | i_scope/adc_rst_do                                                                                                                        |               16 |             31 |
|  adc_clk                                       | ps/axi_slave_gp0/wr_wdata                                                                                                                          |                                                                                                                                           |               10 |             32 |
|  adc_clk                                       | e_def/ch[1]/dly_cnt[31]_i_1_n_0                                                                                                                    |                                                                                                                                           |               10 |             32 |
|  adc_clk                                       | e_def/ch[0]/dly_cnt[31]_i_1__0_n_0                                                                                                                 |                                                                                                                                           |               13 |             32 |
|  adc_clk                                       | i_scope/axi_a_dly_cnt[0]_i_1_n_0                                                                                                                   | i_scope/i_dfilt1_chb/SR[0]                                                                                                                |                8 |             32 |
|  adc_clk                                       | ps/axi_slave_gp0/wr_awaddr_reg[1]_2[0]                                                                                                             |                                                                                                                                           |               12 |             32 |
|  adc_clk                                       | ps/axi_slave_gp0/rd_do_reg_4[0]                                                                                                                    | i_scope/i_dfilt1_chb/SR[0]                                                                                                                |               11 |             32 |
|  adc_clk                                       | ps/axi_slave_gp0/rd_do_reg_3[0]                                                                                                                    | i_scope/i_dfilt1_chb/SR[0]                                                                                                                |                9 |             32 |
|  ps/system_i/processing_system7/inst/FCLK_CLK3 | ps/system_i/axi_protocol_converter_0/inst/gen_axilite.gen_b2s_conv.axilite_b2s/WR.aw_channel_0/aw_cmd_fsm_0/m_valid_i_reg_1[0]                     |                                                                                                                                           |                9 |             32 |
|  adc_clk                                       | i_scope/axi_b_dly_cnt[0]_i_1_n_0                                                                                                                   | i_scope/i_dfilt1_chb/SR[0]                                                                                                                |                8 |             32 |
|  adc_clk                                       | ps/axi_slave_gp0/rd_araddr_reg[5]_5[0]                                                                                                             |                                                                                                                                           |               11 |             32 |
|  adc_clk                                       | ps/axi_slave_gp0/rd_araddr_reg[5]_19[0]                                                                                                            |                                                                                                                                           |               10 |             32 |
|  adc_clk                                       | i_scope/i_wr0/E[0]                                                                                                                                 |                                                                                                                                           |               10 |             32 |
|  adc_clk                                       | ps/axi_slave_gp0/rd_araddr_reg[5]_11[0]                                                                                                            |                                                                                                                                           |               11 |             32 |
|  adc_clk                                       | ps/axi_slave_gp0/rd_araddr_reg[4]_6[0]                                                                                                             |                                                                                                                                           |                5 |             32 |
|  adc_clk                                       | ps/axi_slave_gp0/rd_araddr_reg[2]_4[0]                                                                                                             | i_scope/i_dfilt1_chb/SR[0]                                                                                                                |                9 |             32 |
|  ps/system_i/processing_system7/inst/FCLK_CLK3 | ps/system_i/axi_protocol_converter_0/inst/gen_axilite.gen_b2s_conv.axilite_b2s/SI_REG/ar.ar_pipe/s_ready_i_reg_0                                   |                                                                                                                                           |                8 |             32 |
|  adc_clk                                       | i_scope/i_wr1/adc_rst_do_reg[0]                                                                                                                    |                                                                                                                                           |               12 |             32 |
|  ps/system_i/processing_system7/inst/FCLK_CLK3 | ps/system_i/axi_protocol_converter_0/inst/gen_axilite.gen_b2s_conv.axilite_b2s/SI_REG/aw.aw_pipe/s_ready_i_reg_0                                   |                                                                                                                                           |               11 |             32 |
|  adc_clk                                       | i_scope/adc_dly_cnt[0]_i_1_n_0                                                                                                                     | i_scope/i_dfilt1_chb/SR[0]                                                                                                                |                8 |             32 |
|  adc_clk                                       | i_scope/adc_we_cnt[0]_i_2_n_0                                                                                                                      | i_scope/adc_we_cnt[0]_i_1_n_0                                                                                                             |                8 |             32 |
|  adc_clk                                       | ps/axi_slave_gp0/adc_rstn_reg[0]                                                                                                                   |                                                                                                                                           |               11 |             32 |
|  ps/system_i/processing_system7/inst/FCLK_CLK3 | ps/system_i/axi_protocol_converter_0/inst/gen_axilite.gen_b2s_conv.axilite_b2s/RD.ar_channel_0/ar_cmd_fsm_0/FSM_sequential_state_reg[1]_1[0]       |                                                                                                                                           |                9 |             32 |
|  ps/system_i/processing_system7/inst/FCLK_CLK3 | ps/system_i/axi_protocol_converter_0/inst/gen_axilite.gen_b2s_conv.axilite_b2s/SI_REG/r.r_pipe/s_ready_i_reg_0                                     |                                                                                                                                           |               10 |             33 |
|  ps/system_i/processing_system7/inst/FCLK_CLK3 | ps/system_i/axi_protocol_converter_0/inst/gen_axilite.gen_b2s_conv.axilite_b2s/SI_REG/r.r_pipe/p_1_in                                              |                                                                                                                                           |                8 |             33 |
|  adc_clk                                       | ps/axi_slave_gp0/wr_awid                                                                                                                           |                                                                                                                                           |               17 |             35 |
|  adc_clk                                       | ps/axi_slave_gp0/rd_arid                                                                                                                           |                                                                                                                                           |               16 |             35 |
|  adc_clk                                       | ps/axi_master[1]/axi_awaddr_o0_in                                                                                                                  | ps/axi_master[1]/axi_awaddr_o[31]_i_1_n_0                                                                                                 |                6 |             36 |
|  adc_clk                                       | ps/axi_master[0]/axi_awaddr_o0_in                                                                                                                  | ps/axi_master[0]/axi_awaddr_o[31]_i_1__0_n_0                                                                                              |                6 |             36 |
|  pwm_clk                                       | pwm_rstn                                                                                                                                           |                                                                                                                                           |               13 |             48 |
|  adc_clk                                       | ps/axi_master[1]/axi_awfifo_reg_0_15_0_5_i_1_n_0                                                                                                   |                                                                                                                                           |                7 |             56 |
|  adc_clk                                       | ps/axi_master[0]/axi_awfifo_reg_0_15_0_5_i_1__0_n_0                                                                                                |                                                                                                                                           |                7 |             56 |
|  adc_clk                                       | i_hk/dna_value0                                                                                                                                    | i_scope/i_dfilt1_chb/SR[0]                                                                                                                |               13 |             57 |
|  adc_clk                                       | i_scope/i_wr1/next_address                                                                                                                         |                                                                                                                                           |               20 |             62 |
|  adc_clk                                       | i_scope/i_wr0/next_address                                                                                                                         |                                                                                                                                           |               22 |             62 |
|  adc_clk                                       | i_scope/i_wr1/clear                                                                                                                                |                                                                                                                                           |               24 |             64 |
|  adc_clk                                       | i_scope/i_wr0/clear                                                                                                                                |                                                                                                                                           |               33 |             64 |
|  adc_clk                                       | ps/axi_master[1]/axi_wdata_o0_in                                                                                                                   | ps/axi_master[1]/axi_wdata_o[63]_i_1_n_0                                                                                                  |               13 |             73 |
|  adc_clk                                       | ps/axi_master[0]/axi_wdata_o0_in                                                                                                                   | ps/axi_master[0]/axi_wdata_o[63]_i_1__0_n_0                                                                                               |               13 |             73 |
|  adc_clk                                       |                                                                                                                                                    |                                                                                                                                           |               47 |             98 |
|  adc_clk                                       | ps/axi_master[1]/axi_wfifo_reg_0_15_0_5_i_1_n_0                                                                                                    |                                                                                                                                           |               13 |            104 |
|  adc_clk                                       | ps/axi_master[0]/axi_wfifo_reg_0_15_0_5_i_1__0_n_0                                                                                                 |                                                                                                                                           |               13 |            104 |
|  ps/system_i/processing_system7/inst/FCLK_CLK3 |                                                                                                                                                    | ps/system_i/xadc/inst/AXI_LITE_IPIF_I/I_SLAVE_ATTACHMENT/reset2ip_reset                                                                   |               34 |            115 |
|  ps/system_i/processing_system7/inst/FCLK_CLK3 |                                                                                                                                                    |                                                                                                                                           |               35 |            117 |
|  adc_clk                                       | rstn                                                                                                                                               |                                                                                                                                           |               95 |            195 |
|  adc_clk                                       |                                                                                                                                                    | i_scope/i_dfilt1_chb/SR[0]                                                                                                                |              119 |            355 |
+------------------------------------------------+----------------------------------------------------------------------------------------------------------------------------------------------------+-------------------------------------------------------------------------------------------------------------------------------------------+------------------+----------------+


