Copyright 1986-2019 Xilinx, Inc. All Rights Reserved.
----------------------------------------------------------------------------------------------------------------------------------------------------------
| Tool Version     : Vivado v.2019.1 (win64) Build 2552052 Fri May 24 14:49:42 MDT 2019
| Date             : Mon Mar  2 20:09:23 2026
| Host             : vovag running 64-bit major release  (build 9200)
| Command          : report_power -file sparrow5_top_power_routed.rpt -pb sparrow5_top_power_summary_routed.pb -rpx sparrow5_top_power_routed.rpx
| Design           : sparrow5_top
| Device           : xc7z007sclg225-1
| Design State     : routed
| Grade            : commercial
| Process          : typical
| Characterization : Production
----------------------------------------------------------------------------------------------------------------------------------------------------------

Power Report

Table of Contents
-----------------
1. Summary
1.1 On-Chip Components
1.2 Power Supply Summary
1.3 Confidence Level
2. Settings
2.1 Environment
2.2 Clock Constraints
3. Detailed Reports
3.1 By Hierarchy

1. Summary
----------

+--------------------------+--------------+
| Total On-Chip Power (W)  | 1.869        |
| Design Power Budget (W)  | Unspecified* |
| Power Budget Margin (W)  | NA           |
| Dynamic (W)              | 1.739        |
| Device Static (W)        | 0.130        |
| Effective TJA (C/W)      | 11.5         |
| Max Ambient (C)          | 63.4         |
| Junction Temperature (C) | 46.6         |
| Confidence Level         | Medium       |
| Setting File             | ---          |
| Simulation Activity File | ---          |
| Design Nets Matched      | NA           |
+--------------------------+--------------+
* Specify Design Power Budget using, set_operating_conditions -design_power_budget <value in Watts>


1.1 On-Chip Components
----------------------

+--------------------------+-----------+----------+-----------+-----------------+
| On-Chip                  | Power (W) | Used     | Available | Utilization (%) |
+--------------------------+-----------+----------+-----------+-----------------+
| Clocks                   |     0.038 |       12 |       --- |             --- |
| Slice Logic              |     0.005 |     7352 |       --- |             --- |
|   LUT as Logic           |     0.004 |     2253 |     14400 |           15.65 |
|   Register               |    <0.001 |     3725 |     28800 |           12.93 |
|   LUT as Shift Register  |    <0.001 |      215 |      6000 |            3.58 |
|   CARRY4                 |    <0.001 |       84 |      4400 |            1.91 |
|   LUT as Distributed RAM |    <0.001 |       24 |      6000 |            0.40 |
|   F7/F8 Muxes            |    <0.001 |        3 |     17600 |            0.02 |
|   Others                 |     0.000 |      527 |       --- |             --- |
| Signals                  |     0.011 |     5677 |       --- |             --- |
| Block RAM                |     0.029 |     23.5 |        50 |           47.00 |
| PLL                      |     0.127 |        1 |         2 |           50.00 |
| I/O                      |     0.350 |       38 |        54 |           70.37 |
| XADC                     |     0.004 |        1 |       --- |             --- |
| PS7                      |     1.175 |        1 |       --- |             --- |
| Static Power             |     0.130 |          |           |                 |
| Total                    |     1.869 |          |           |                 |
+--------------------------+-----------+----------+-----------+-----------------+


1.2 Power Supply Summary
------------------------

+-----------+-------------+-----------+-------------+------------+
| Source    | Voltage (V) | Total (A) | Dynamic (A) | Static (A) |
+-----------+-------------+-----------+-------------+------------+
| Vccint    |       1.000 |     0.100 |       0.092 |      0.008 |
| Vccaux    |       1.800 |     0.078 |       0.069 |      0.009 |
| Vcco33    |       3.300 |     0.000 |       0.000 |      0.000 |
| Vcco25    |       2.500 |     0.138 |       0.137 |      0.001 |
| Vcco18    |       1.800 |     0.000 |       0.000 |      0.000 |
| Vcco15    |       1.500 |     0.000 |       0.000 |      0.000 |
| Vcco135   |       1.350 |     0.000 |       0.000 |      0.000 |
| Vcco12    |       1.200 |     0.000 |       0.000 |      0.000 |
| Vccaux_io |       1.800 |     0.000 |       0.000 |      0.000 |
| Vccbram   |       1.000 |     0.005 |       0.003 |      0.002 |
| MGTAVcc   |       1.000 |     0.000 |       0.000 |      0.000 |
| MGTAVtt   |       1.200 |     0.000 |       0.000 |      0.000 |
| MGTVccaux |       1.800 |     0.000 |       0.000 |      0.000 |
| Vccpint   |       1.000 |     0.696 |       0.664 |      0.032 |
| Vccpaux   |       1.800 |     0.036 |       0.026 |      0.010 |
| Vccpll    |       1.800 |     0.017 |       0.014 |      0.003 |
| Vcco_ddr  |       1.350 |     0.321 |       0.319 |      0.002 |
| Vcco_mio0 |       3.300 |     0.003 |       0.002 |      0.001 |
| Vcco_mio1 |       3.300 |     0.002 |       0.001 |      0.001 |
| Vccadc    |       1.800 |     0.022 |       0.002 |      0.020 |
+-----------+-------------+-----------+-------------+------------+


1.3 Confidence Level
--------------------

+-----------------------------+------------+-------------------------------------------------------+------------------------------------------------------------------------------------------------------------+
| User Input Data             | Confidence | Details                                               | Action                                                                                                     |
+-----------------------------+------------+-------------------------------------------------------+------------------------------------------------------------------------------------------------------------+
| Design implementation state | High       | Design is routed                                      |                                                                                                            |
| Clock nodes activity        | High       | User specified more than 95% of clocks                |                                                                                                            |
| I/O nodes activity          | Medium     | More than 5% of inputs are missing user specification | Provide missing input activity with simulation results or by editing the "By Resource Type -> I/Os" view   |
| Internal nodes activity     | Medium     | User specified less than 25% of internal nodes        | Provide missing internal nodes activity with simulation results or by editing the "By Resource Type" views |
| Device models               | High       | Device models are Production                          |                                                                                                            |
|                             |            |                                                       |                                                                                                            |
| Overall confidence level    | Medium     |                                                       |                                                                                                            |
+-----------------------------+------------+-------------------------------------------------------+------------------------------------------------------------------------------------------------------------+


2. Settings
-----------

2.1 Environment
---------------

+-----------------------+------------------------+
| Ambient Temp (C)      | 25.0                   |
| ThetaJA (C/W)         | 11.5                   |
| Airflow (LFM)         | 250                    |
| Heat Sink             | none                   |
| ThetaSA (C/W)         | 0.0                    |
| Board Selection       | medium (10"x10")       |
| # of Board Layers     | 8to11 (8 to 11 Layers) |
| Board Temperature (C) | 25.0                   |
+-----------------------+------------------------+


2.2 Clock Constraints
---------------------

+--------------------------------------------------------------------------------------------+-----------------------------------------------------------------------------+-----------------+
| Clock                                                                                      | Domain                                                                      | Constraint (ns) |
+--------------------------------------------------------------------------------------------+-----------------------------------------------------------------------------+-----------------+
| clk_fpga_0                                                                                 | i_ps/system_i/sparrow_ps_i/processing_system7_0/inst/FCLK_CLK_unbuffered[0] |             5.3 |
| clk_out2_pll24_80                                                                          | pll1/inst/clk_out2_pll24_80                                                 |             4.0 |
| clkfbout_pll24_80                                                                          | pll1/inst/clkfbout_pll24_80                                                 |            41.7 |
| dbg_hub/inst/BSCANID.u_xsdbm_id/SWITCH_N_EXT_BSCAN.bscan_inst/SERIES7_BSCAN.bscan_inst/TCK | dbg_hub/inst/BSCANID.u_xsdbm_id/SWITCH_N_EXT_BSCAN.bscan_inst/tck_bs        |            33.0 |
| i_clk24                                                                                    | i_clk24                                                                     |            41.7 |
+--------------------------------------------------------------------------------------------+-----------------------------------------------------------------------------+-----------------+


3. Detailed Reports
-------------------

3.1 By Hierarchy
----------------

+---------------------------+-----------+
| Name                      | Power (W) |
+---------------------------+-----------+
| sparrow5_top              |     1.739 |
|   dbg_hub                 |     0.005 |
|     inst                  |     0.005 |
|       BSCANID.u_xsdbm_id  |     0.005 |
|   i_ps                    |     1.195 |
|     i_gp0_slave           |     0.002 |
|     system_i              |     1.193 |
|       sparrow_ps_i        |     1.193 |
|   pll1                    |     0.127 |
|     inst                  |     0.127 |
|   u_dac_                  |     0.409 |
|     dac_data[0].dac_data_ |     0.038 |
|     dac_data[1].dac_data_ |     0.038 |
|     dac_data[2].dac_data_ |     0.038 |
|     dac_data[3].dac_data_ |     0.038 |
|     dac_data[4].dac_data_ |     0.038 |
|     dac_data[5].dac_data_ |     0.038 |
|     dac_data[6].dac_data_ |     0.038 |
|     ila0                  |     0.040 |
|       inst                |     0.040 |
|     mem_dac               |     0.018 |
|       U0                  |     0.018 |
|     ph_acc                |     0.001 |
+---------------------------+-----------+


