Archive member included to satisfy reference by file (symbol)

c:/mounriver/mounriver_studio/toolchain/risc-v embedded gcc/bin/../lib/gcc/riscv-none-embed/8.2.0/rv32ecxw/ilp32e\libgcc.a(divsf3.o)
                              ./User/adc.o (__divsf3)
c:/mounriver/mounriver_studio/toolchain/risc-v embedded gcc/bin/../lib/gcc/riscv-none-embed/8.2.0/rv32ecxw/ilp32e\libgcc.a(fixunssfsi.o)
                              ./User/adc.o (__fixunssfsi)
c:/mounriver/mounriver_studio/toolchain/risc-v embedded gcc/bin/../lib/gcc/riscv-none-embed/8.2.0/rv32ecxw/ilp32e\libgcc.a(floatunsisf.o)
                              ./User/adc.o (__floatunsisf)
c:/mounriver/mounriver_studio/toolchain/risc-v embedded gcc/bin/../lib/gcc/riscv-none-embed/8.2.0/rv32ecxw/ilp32e\libgcc.a(save-restore.o)
                              ./brd/brook_kbd_brd.o (__riscv_save_2)
c:/mounriver/mounriver_studio/toolchain/risc-v embedded gcc/bin/../lib/gcc/riscv-none-embed/8.2.0/rv32ecxw/ilp32e\libgcc.a(muldi3.o)
                              ./Debug/debug.o (__mulsi3)
c:/mounriver/mounriver_studio/toolchain/risc-v embedded gcc/bin/../lib/gcc/riscv-none-embed/8.2.0/rv32ecxw/ilp32e\libgcc.a(div.o)
                              ./Peripheral/src/ch32v00x_usart.o (__divsi3)
c:/mounriver/mounriver_studio/toolchain/risc-v embedded gcc/bin/../lib/gcc/riscv-none-embed/8.2.0/rv32ecxw/ilp32e\libgcc.a(_clzsi2.o)
                              c:/mounriver/mounriver_studio/toolchain/risc-v embedded gcc/bin/../lib/gcc/riscv-none-embed/8.2.0/rv32ecxw/ilp32e\libgcc.a(divsf3.o) (__clzsi2)
c:/mounriver/mounriver_studio/toolchain/risc-v embedded gcc/bin/../lib/gcc/riscv-none-embed/8.2.0/rv32ecxw/ilp32e\libgcc.a(_clz.o)
                              c:/mounriver/mounriver_studio/toolchain/risc-v embedded gcc/bin/../lib/gcc/riscv-none-embed/8.2.0/rv32ecxw/ilp32e\libgcc.a(_clzsi2.o) (__clz_tab)
c:/mounriver/mounriver_studio/toolchain/risc-v embedded gcc/bin/../lib/gcc/riscv-none-embed/8.2.0/../../../../riscv-none-embed/lib/rv32ecxw/ilp32e\libg_nano.a(lib_a-memset.o)
                              ./User/adc.o (memset)

Discarded input sections

 .text          0x0000000000000000        0x0 ./brd/brook_kbd_brd.o
 .data          0x0000000000000000        0x0 ./brd/brook_kbd_brd.o
 .bss           0x0000000000000000        0x0 ./brd/brook_kbd_brd.o
 .text.set_sda  0x0000000000000000       0x26 ./brd/brook_kbd_brd.o
 .text          0x0000000000000000        0x0 ./User/adc.o
 .data          0x0000000000000000        0x0 ./User/adc.o
 .bss           0x0000000000000000        0x0 ./User/adc.o
 .bss.adc_results
                0x0000000000000000        0x8 ./User/adc.o
 .text          0x0000000000000000        0x0 ./User/ch32v00x_it.o
 .data          0x0000000000000000        0x0 ./User/ch32v00x_it.o
 .bss           0x0000000000000000        0x0 ./User/ch32v00x_it.o
 .text          0x0000000000000000        0x0 ./User/main.o
 .data          0x0000000000000000        0x0 ./User/main.o
 .bss           0x0000000000000000        0x0 ./User/main.o
 .bss.val       0x0000000000000000        0x1 ./User/main.o
 .text          0x0000000000000000        0x0 ./User/my_misc.o
 .data          0x0000000000000000        0x0 ./User/my_misc.o
 .bss           0x0000000000000000        0x0 ./User/my_misc.o
 .text.vdelay   0x0000000000000000        0xe ./User/my_misc.o
 .text.delay_ms
                0x0000000000000000       0x16 ./User/my_misc.o
 .text.set_nled
                0x0000000000000000       0x6a ./User/my_misc.o
 .text._put_adc_bat_leds
                0x0000000000000000       0x20 ./User/my_misc.o
 .text.char_to_hex
                0x0000000000000000       0x4a ./User/my_misc.o
 .text.vallid_char
                0x0000000000000000       0x24 ./User/my_misc.o
 .text.str_to_byte
                0x0000000000000000       0x3a ./User/my_misc.o
 .text.str_to_half
                0x0000000000000000       0x38 ./User/my_misc.o
 .text.str_to_word
                0x0000000000000000       0x2c ./User/my_misc.o
 .text.nibl_to_char
                0x0000000000000000       0x14 ./User/my_misc.o
 .text.hex_byte_to_str
                0x0000000000000000       0x32 ./User/my_misc.o
 .text.hex_half_to_str
                0x0000000000000000       0x3e ./User/my_misc.o
 .text.hex_word_to_str
                0x0000000000000000       0x3c ./User/my_misc.o
 .bss.c_error   0x0000000000000000        0x4 ./User/my_misc.o
 .bss.vibro_time
                0x0000000000000000        0x2 ./User/my_misc.o
 .text          0x0000000000000000        0x0 ./User/system_ch32v00x.o
 .data          0x0000000000000000        0x0 ./User/system_ch32v00x.o
 .bss           0x0000000000000000        0x0 ./User/system_ch32v00x.o
 .text          0x0000000000000000        0x0 ./User/timers.o
 .data          0x0000000000000000        0x0 ./User/timers.o
 .bss           0x0000000000000000        0x0 ./User/timers.o
 .text.get_curr_ms
                0x0000000000000000        0xa ./User/timers.o
 .text          0x0000000000000000        0x0 ./User/uart.o
 .data          0x0000000000000000        0x0 ./User/uart.o
 .bss           0x0000000000000000        0x0 ./User/uart.o
 .text.send_dat
                0x0000000000000000        0xc ./User/uart.o
 .text.uart_get_byte
                0x0000000000000000       0x18 ./User/uart.o
 .bss.v_tmp     0x0000000000000000        0x1 ./User/uart.o
 .text          0x0000000000000000        0x0 ./User/zzz.o
 .data          0x0000000000000000        0x0 ./User/zzz.o
 .bss           0x0000000000000000        0x0 ./User/zzz.o
 .debug_line    0x0000000000000000        0x0 ./User/zzz.o
 .debug_str     0x0000000000000000       0xf7 ./User/zzz.o
 .comment       0x0000000000000000       0x34 ./User/zzz.o
 .text          0x0000000000000000        0x0 ./Startup/startup_ch32v00x.o
 .data          0x0000000000000000        0x0 ./Startup/startup_ch32v00x.o
 .bss           0x0000000000000000        0x0 ./Startup/startup_ch32v00x.o
 .text          0x0000000000000000        0x0 ./Peripheral/src/ch32v00x_adc.o
 .data          0x0000000000000000        0x0 ./Peripheral/src/ch32v00x_adc.o
 .bss           0x0000000000000000        0x0 ./Peripheral/src/ch32v00x_adc.o
 .text.ADC_StructInit
                0x0000000000000000       0x1a ./Peripheral/src/ch32v00x_adc.o
 .text.ADC_DMACmd
                0x0000000000000000       0x12 ./Peripheral/src/ch32v00x_adc.o
 .text.ADC_GetSoftwareStartConvStatus
                0x0000000000000000        0x8 ./Peripheral/src/ch32v00x_adc.o
 .text.ADC_DiscModeChannelCountConfig
                0x0000000000000000       0x12 ./Peripheral/src/ch32v00x_adc.o
 .text.ADC_DiscModeCmd
                0x0000000000000000       0x1a ./Peripheral/src/ch32v00x_adc.o
 .text.ADC_RegularChannelConfig
                0x0000000000000000       0xba ./Peripheral/src/ch32v00x_adc.o
 .text.ADC_ExternalTrigConvCmd
                0x0000000000000000       0x18 ./Peripheral/src/ch32v00x_adc.o
 .text.ADC_InjectedDiscModeCmd
                0x0000000000000000       0x14 ./Peripheral/src/ch32v00x_adc.o
 .text.ADC_ExternalTrigInjectedConvConfig
                0x0000000000000000        0xe ./Peripheral/src/ch32v00x_adc.o
 .text.ADC_ExternalTrigInjectedConvCmd
                0x0000000000000000       0x14 ./Peripheral/src/ch32v00x_adc.o
 .text.ADC_SoftwareStartInjectedConvCmd
                0x0000000000000000       0x18 ./Peripheral/src/ch32v00x_adc.o
 .text.ADC_GetSoftwareStartInjectedConvCmdStatus
                0x0000000000000000        0x8 ./Peripheral/src/ch32v00x_adc.o
 .text.ADC_InjectedSequencerLengthConfig
                0x0000000000000000       0x14 ./Peripheral/src/ch32v00x_adc.o
 .text.ADC_SetInjectedOffset
                0x0000000000000000       0x14 ./Peripheral/src/ch32v00x_adc.o
 .text.ADC_GetInjectedConversionValue
                0x0000000000000000       0x1c ./Peripheral/src/ch32v00x_adc.o
 .text.ADC_AnalogWatchdogCmd
                0x0000000000000000       0x12 ./Peripheral/src/ch32v00x_adc.o
 .text.ADC_AnalogWatchdogThresholdsConfig
                0x0000000000000000        0x6 ./Peripheral/src/ch32v00x_adc.o
 .text.ADC_AnalogWatchdogSingleChannelConfig
                0x0000000000000000        0xa ./Peripheral/src/ch32v00x_adc.o
 .text.ADC_GetFlagStatus
                0x0000000000000000        0xa ./Peripheral/src/ch32v00x_adc.o
 .text.ADC_ClearFlag
                0x0000000000000000        0x8 ./Peripheral/src/ch32v00x_adc.o
 .text.ADC_ExternalTrig_DLY
                0x0000000000000000       0x16 ./Peripheral/src/ch32v00x_adc.o
 .text          0x0000000000000000        0x0 ./Peripheral/src/ch32v00x_dbgmcu.o
 .data          0x0000000000000000        0x0 ./Peripheral/src/ch32v00x_dbgmcu.o
 .bss           0x0000000000000000        0x0 ./Peripheral/src/ch32v00x_dbgmcu.o
 .text.DBGMCU_GetREVID
                0x0000000000000000        0xa ./Peripheral/src/ch32v00x_dbgmcu.o
 .text.DBGMCU_GetDEVID
                0x0000000000000000        0xa ./Peripheral/src/ch32v00x_dbgmcu.o
 .text.__get_DEBUG_CR
                0x0000000000000000        0x6 ./Peripheral/src/ch32v00x_dbgmcu.o
 .text.__set_DEBUG_CR
                0x0000000000000000        0x6 ./Peripheral/src/ch32v00x_dbgmcu.o
 .text.DBGMCU_Config
                0x0000000000000000       0x14 ./Peripheral/src/ch32v00x_dbgmcu.o
 .text.DBGMCU_GetCHIPID
                0x0000000000000000        0xa ./Peripheral/src/ch32v00x_dbgmcu.o
 .debug_info    0x0000000000000000      0xa94 ./Peripheral/src/ch32v00x_dbgmcu.o
 .debug_abbrev  0x0000000000000000      0x2f7 ./Peripheral/src/ch32v00x_dbgmcu.o
 .debug_loc     0x0000000000000000       0x6e ./Peripheral/src/ch32v00x_dbgmcu.o
 .debug_aranges
                0x0000000000000000       0x48 ./Peripheral/src/ch32v00x_dbgmcu.o
 .debug_ranges  0x0000000000000000       0x50 ./Peripheral/src/ch32v00x_dbgmcu.o
 .debug_line    0x0000000000000000      0x373 ./Peripheral/src/ch32v00x_dbgmcu.o
 .debug_str     0x0000000000000000      0x63f ./Peripheral/src/ch32v00x_dbgmcu.o
 .comment       0x0000000000000000       0x34 ./Peripheral/src/ch32v00x_dbgmcu.o
 .debug_frame   0x0000000000000000       0x70 ./Peripheral/src/ch32v00x_dbgmcu.o
 .text          0x0000000000000000        0x0 ./Peripheral/src/ch32v00x_dma.o
 .data          0x0000000000000000        0x0 ./Peripheral/src/ch32v00x_dma.o
 .bss           0x0000000000000000        0x0 ./Peripheral/src/ch32v00x_dma.o
 .text.DMA_DeInit
                0x0000000000000000       0x92 ./Peripheral/src/ch32v00x_dma.o
 .text.DMA_Init
                0x0000000000000000       0x38 ./Peripheral/src/ch32v00x_dma.o
 .text.DMA_StructInit
                0x0000000000000000       0x2e ./Peripheral/src/ch32v00x_dma.o
 .text.DMA_Cmd  0x0000000000000000       0x14 ./Peripheral/src/ch32v00x_dma.o
 .text.DMA_ITConfig
                0x0000000000000000       0x12 ./Peripheral/src/ch32v00x_dma.o
 .text.DMA_SetCurrDataCounter
                0x0000000000000000        0x4 ./Peripheral/src/ch32v00x_dma.o
 .text.DMA_GetCurrDataCounter
                0x0000000000000000        0x8 ./Peripheral/src/ch32v00x_dma.o
 .text.DMA_GetFlagStatus
                0x0000000000000000        0xe ./Peripheral/src/ch32v00x_dma.o
 .text.DMA_ClearFlag
                0x0000000000000000        0x8 ./Peripheral/src/ch32v00x_dma.o
 .text.DMA_GetITStatus
                0x0000000000000000       0x18 ./Peripheral/src/ch32v00x_dma.o
 .text.DMA_ClearITPendingBit
                0x0000000000000000        0x8 ./Peripheral/src/ch32v00x_dma.o
 .debug_info    0x0000000000000000      0xd17 ./Peripheral/src/ch32v00x_dma.o
 .debug_abbrev  0x0000000000000000      0x302 ./Peripheral/src/ch32v00x_dma.o
 .debug_loc     0x0000000000000000      0x14a ./Peripheral/src/ch32v00x_dma.o
 .debug_aranges
                0x0000000000000000       0x60 ./Peripheral/src/ch32v00x_dma.o
 .debug_ranges  0x0000000000000000       0x50 ./Peripheral/src/ch32v00x_dma.o
 .debug_line    0x0000000000000000      0x78c ./Peripheral/src/ch32v00x_dma.o
 .debug_str     0x0000000000000000      0x7ec ./Peripheral/src/ch32v00x_dma.o
 .comment       0x0000000000000000       0x34 ./Peripheral/src/ch32v00x_dma.o
 .debug_frame   0x0000000000000000       0xcc ./Peripheral/src/ch32v00x_dma.o
 .text          0x0000000000000000        0x0 ./Peripheral/src/ch32v00x_exti.o
 .data          0x0000000000000000        0x0 ./Peripheral/src/ch32v00x_exti.o
 .bss           0x0000000000000000        0x0 ./Peripheral/src/ch32v00x_exti.o
 .text.EXTI_DeInit
                0x0000000000000000       0x22 ./Peripheral/src/ch32v00x_exti.o
 .text.EXTI_Init
                0x0000000000000000       0x6a ./Peripheral/src/ch32v00x_exti.o
 .text.EXTI_StructInit
                0x0000000000000000       0x12 ./Peripheral/src/ch32v00x_exti.o
 .text.EXTI_GenerateSWInterrupt
                0x0000000000000000       0x10 ./Peripheral/src/ch32v00x_exti.o
 .text.EXTI_GetFlagStatus
                0x0000000000000000       0x12 ./Peripheral/src/ch32v00x_exti.o
 .text.EXTI_ClearFlag
                0x0000000000000000        0xa ./Peripheral/src/ch32v00x_exti.o
 .text.EXTI_GetITStatus
                0x0000000000000000       0x1e ./Peripheral/src/ch32v00x_exti.o
 .text.EXTI_ClearITPendingBit
                0x0000000000000000        0xa ./Peripheral/src/ch32v00x_exti.o
 .debug_info    0x0000000000000000      0xc05 ./Peripheral/src/ch32v00x_exti.o
 .debug_abbrev  0x0000000000000000      0x2da ./Peripheral/src/ch32v00x_exti.o
 .debug_loc     0x0000000000000000      0x181 ./Peripheral/src/ch32v00x_exti.o
 .debug_aranges
                0x0000000000000000       0x50 ./Peripheral/src/ch32v00x_exti.o
 .debug_ranges  0x0000000000000000       0x40 ./Peripheral/src/ch32v00x_exti.o
 .debug_line    0x0000000000000000      0x5c5 ./Peripheral/src/ch32v00x_exti.o
 .debug_str     0x0000000000000000      0x786 ./Peripheral/src/ch32v00x_exti.o
 .comment       0x0000000000000000       0x34 ./Peripheral/src/ch32v00x_exti.o
 .debug_frame   0x0000000000000000       0x90 ./Peripheral/src/ch32v00x_exti.o
 .text          0x0000000000000000        0x0 ./Peripheral/src/ch32v00x_flash.o
 .data          0x0000000000000000        0x0 ./Peripheral/src/ch32v00x_flash.o
 .bss           0x0000000000000000        0x0 ./Peripheral/src/ch32v00x_flash.o
 .text.ROM_ERASE
                0x0000000000000000       0x60 ./Peripheral/src/ch32v00x_flash.o
 .text.FLASH_SetLatency
                0x0000000000000000       0x10 ./Peripheral/src/ch32v00x_flash.o
 .text.FLASH_Unlock
                0x0000000000000000       0x1a ./Peripheral/src/ch32v00x_flash.o
 .text.FLASH_Lock
                0x0000000000000000        0xe ./Peripheral/src/ch32v00x_flash.o
 .text.FLASH_GetUserOptionByte
                0x0000000000000000        0xa ./Peripheral/src/ch32v00x_flash.o
 .text.FLASH_GetWriteProtectionOptionByte
                0x0000000000000000        0x8 ./Peripheral/src/ch32v00x_flash.o
 .text.FLASH_GetReadOutProtectionStatus
                0x0000000000000000        0xc ./Peripheral/src/ch32v00x_flash.o
 .text.FLASH_ITConfig
                0x0000000000000000       0x1e ./Peripheral/src/ch32v00x_flash.o
 .text.FLASH_GetFlagStatus
                0x0000000000000000       0x1e ./Peripheral/src/ch32v00x_flash.o
 .text.FLASH_ClearFlag
                0x0000000000000000        0x8 ./Peripheral/src/ch32v00x_flash.o
 .text.FLASH_GetStatus
                0x0000000000000000       0x18 ./Peripheral/src/ch32v00x_flash.o
 .text.FLASH_GetBank1Status
                0x0000000000000000       0x18 ./Peripheral/src/ch32v00x_flash.o
 .text.FLASH_WaitForLastOperation
                0x0000000000000000       0x34 ./Peripheral/src/ch32v00x_flash.o
 .text.FLASH_ErasePage
                0x0000000000000000       0x4c ./Peripheral/src/ch32v00x_flash.o
 .text.FLASH_EraseAllPages
                0x0000000000000000       0x48 ./Peripheral/src/ch32v00x_flash.o
 .text.FLASH_EraseOptionBytes
                0x0000000000000000       0x9a ./Peripheral/src/ch32v00x_flash.o
 .text.FLASH_ProgramWord
                0x0000000000000000       0x6e ./Peripheral/src/ch32v00x_flash.o
 .text.FLASH_ProgramHalfWord
                0x0000000000000000       0x48 ./Peripheral/src/ch32v00x_flash.o
 .text.FLASH_ProgramOptionByteData
                0x0000000000000000       0x66 ./Peripheral/src/ch32v00x_flash.o
 .text.FLASH_EnableWriteProtection
                0x0000000000000000       0x9e ./Peripheral/src/ch32v00x_flash.o
 .text.FLASH_ReadOutProtection
                0x0000000000000000       0xae ./Peripheral/src/ch32v00x_flash.o
 .text.FLASH_UserOptionByteConfig
                0x0000000000000000       0x80 ./Peripheral/src/ch32v00x_flash.o
 .text.FLASH_WaitForLastBank1Operation
                0x0000000000000000       0x18 ./Peripheral/src/ch32v00x_flash.o
 .text.FLASH_Unlock_Fast
                0x0000000000000000       0x1e ./Peripheral/src/ch32v00x_flash.o
 .text.FLASH_Lock_Fast
                0x0000000000000000        0xe ./Peripheral/src/ch32v00x_flash.o
 .text.FLASH_BufReset
                0x0000000000000000       0x28 ./Peripheral/src/ch32v00x_flash.o
 .text.FLASH_BufLoad
                0x0000000000000000       0x36 ./Peripheral/src/ch32v00x_flash.o
 .text.FLASH_ErasePage_Fast
                0x0000000000000000       0x36 ./Peripheral/src/ch32v00x_flash.o
 .text.FLASH_ProgramPage_Fast
                0x0000000000000000       0x34 ./Peripheral/src/ch32v00x_flash.o
 .text.SystemReset_StartMode
                0x0000000000000000       0x56 ./Peripheral/src/ch32v00x_flash.o
 .text.FLASH_ROM_ERASE
                0x0000000000000000      0x140 ./Peripheral/src/ch32v00x_flash.o
 .text.FLASH_ROM_WRITE
                0x0000000000000000       0xf6 ./Peripheral/src/ch32v00x_flash.o
 .debug_info    0x0000000000000000     0x1492 ./Peripheral/src/ch32v00x_flash.o
 .debug_abbrev  0x0000000000000000      0x3fa ./Peripheral/src/ch32v00x_flash.o
 .debug_loc     0x0000000000000000      0xaf1 ./Peripheral/src/ch32v00x_flash.o
 .debug_aranges
                0x0000000000000000      0x110 ./Peripheral/src/ch32v00x_flash.o
 .debug_ranges  0x0000000000000000      0x100 ./Peripheral/src/ch32v00x_flash.o
 .debug_line    0x0000000000000000     0x1c14 ./Peripheral/src/ch32v00x_flash.o
 .debug_str     0x0000000000000000      0xab6 ./Peripheral/src/ch32v00x_flash.o
 .comment       0x0000000000000000       0x34 ./Peripheral/src/ch32v00x_flash.o
 .debug_frame   0x0000000000000000      0x324 ./Peripheral/src/ch32v00x_flash.o
 .text          0x0000000000000000        0x0 ./Peripheral/src/ch32v00x_gpio.o
 .data          0x0000000000000000        0x0 ./Peripheral/src/ch32v00x_gpio.o
 .bss           0x0000000000000000        0x0 ./Peripheral/src/ch32v00x_gpio.o
 .text.GPIO_DeInit
                0x0000000000000000       0x68 ./Peripheral/src/ch32v00x_gpio.o
 .text.GPIO_AFIODeInit
                0x0000000000000000       0x28 ./Peripheral/src/ch32v00x_gpio.o
 .text.GPIO_StructInit
                0x0000000000000000        0xe ./Peripheral/src/ch32v00x_gpio.o
 .text.GPIO_ReadInputDataBit
                0x0000000000000000        0xa ./Peripheral/src/ch32v00x_gpio.o
 .text.GPIO_ReadInputData
                0x0000000000000000        0x8 ./Peripheral/src/ch32v00x_gpio.o
 .text.GPIO_ReadOutputDataBit
                0x0000000000000000        0xa ./Peripheral/src/ch32v00x_gpio.o
 .text.GPIO_ReadOutputData
                0x0000000000000000        0x8 ./Peripheral/src/ch32v00x_gpio.o
 .text.GPIO_SetBits
                0x0000000000000000        0x4 ./Peripheral/src/ch32v00x_gpio.o
 .text.GPIO_ResetBits
                0x0000000000000000        0x4 ./Peripheral/src/ch32v00x_gpio.o
 .text.GPIO_Write
                0x0000000000000000        0x4 ./Peripheral/src/ch32v00x_gpio.o
 .text.GPIO_PinLockConfig
                0x0000000000000000       0x10 ./Peripheral/src/ch32v00x_gpio.o
 .text.GPIO_PinRemapConfig
                0x0000000000000000       0xc4 ./Peripheral/src/ch32v00x_gpio.o
 .text.GPIO_EXTILineConfig
                0x0000000000000000       0x22 ./Peripheral/src/ch32v00x_gpio.o
 .text.GPIO_IPD_Unused
                0x0000000000000000       0xa4 ./Peripheral/src/ch32v00x_gpio.o
 .text          0x0000000000000000        0x0 ./Peripheral/src/ch32v00x_i2c.o
 .data          0x0000000000000000        0x0 ./Peripheral/src/ch32v00x_i2c.o
 .bss           0x0000000000000000        0x0 ./Peripheral/src/ch32v00x_i2c.o
 .text.I2C_DeInit
                0x0000000000000000       0x3a ./Peripheral/src/ch32v00x_i2c.o
 .text.I2C_Init
                0x0000000000000000      0x100 ./Peripheral/src/ch32v00x_i2c.o
 .text.I2C_StructInit
                0x0000000000000000       0x18 ./Peripheral/src/ch32v00x_i2c.o
 .text.I2C_Cmd  0x0000000000000000       0x18 ./Peripheral/src/ch32v00x_i2c.o
 .text.I2C_DMACmd
                0x0000000000000000       0x1e ./Peripheral/src/ch32v00x_i2c.o
 .text.I2C_DMALastTransferCmd
                0x0000000000000000       0x16 ./Peripheral/src/ch32v00x_i2c.o
 .text.I2C_GenerateSTART
                0x0000000000000000       0x1a ./Peripheral/src/ch32v00x_i2c.o
 .text.I2C_GenerateSTOP
                0x0000000000000000       0x1a ./Peripheral/src/ch32v00x_i2c.o
 .text.I2C_AcknowledgeConfig
                0x0000000000000000       0x1a ./Peripheral/src/ch32v00x_i2c.o
 .text.I2C_OwnAddress2Config
                0x0000000000000000       0x14 ./Peripheral/src/ch32v00x_i2c.o
 .text.I2C_DualAddressCmd
                0x0000000000000000       0x18 ./Peripheral/src/ch32v00x_i2c.o
 .text.I2C_GeneralCallCmd
                0x0000000000000000       0x1a ./Peripheral/src/ch32v00x_i2c.o
 .text.I2C_ITConfig
                0x0000000000000000       0x12 ./Peripheral/src/ch32v00x_i2c.o
 .text.I2C_SendData
                0x0000000000000000        0x4 ./Peripheral/src/ch32v00x_i2c.o
 .text.I2C_ReceiveData
                0x0000000000000000        0x8 ./Peripheral/src/ch32v00x_i2c.o
 .text.I2C_Send7bitAddress
                0x0000000000000000       0x12 ./Peripheral/src/ch32v00x_i2c.o
 .text.I2C_ReadRegister
                0x0000000000000000       0x14 ./Peripheral/src/ch32v00x_i2c.o
 .text.I2C_SoftwareResetCmd
                0x0000000000000000       0x12 ./Peripheral/src/ch32v00x_i2c.o
 .text.I2C_NACKPositionConfig
                0x0000000000000000       0x22 ./Peripheral/src/ch32v00x_i2c.o
 .text.I2C_TransmitPEC
                0x0000000000000000       0x16 ./Peripheral/src/ch32v00x_i2c.o
 .text.I2C_PECPositionConfig
                0x0000000000000000       0x18 ./Peripheral/src/ch32v00x_i2c.o
 .text.I2C_CalculatePEC
                0x0000000000000000       0x1a ./Peripheral/src/ch32v00x_i2c.o
 .text.I2C_GetPEC
                0x0000000000000000        0x6 ./Peripheral/src/ch32v00x_i2c.o
 .text.I2C_ARPCmd
                0x0000000000000000       0x18 ./Peripheral/src/ch32v00x_i2c.o
 .text.I2C_StretchClockCmd
                0x0000000000000000       0x1a ./Peripheral/src/ch32v00x_i2c.o
 .text.I2C_FastModeDutyCycleConfig
                0x0000000000000000       0x1a ./Peripheral/src/ch32v00x_i2c.o
 .text.I2C_CheckEvent
                0x0000000000000000       0x16 ./Peripheral/src/ch32v00x_i2c.o
 .text.I2C_GetLastEvent
                0x0000000000000000        0xe ./Peripheral/src/ch32v00x_i2c.o
 .text.I2C_GetFlagStatus
                0x0000000000000000       0x32 ./Peripheral/src/ch32v00x_i2c.o
 .text.I2C_ClearFlag
                0x0000000000000000        0xc ./Peripheral/src/ch32v00x_i2c.o
 .text.I2C_GetITStatus
                0x0000000000000000       0x20 ./Peripheral/src/ch32v00x_i2c.o
 .text.I2C_ClearITPendingBit
                0x0000000000000000        0xc ./Peripheral/src/ch32v00x_i2c.o
 .debug_info    0x0000000000000000     0x1417 ./Peripheral/src/ch32v00x_i2c.o
 .debug_abbrev  0x0000000000000000      0x3a7 ./Peripheral/src/ch32v00x_i2c.o
 .debug_loc     0x0000000000000000      0x720 ./Peripheral/src/ch32v00x_i2c.o
 .debug_aranges
                0x0000000000000000      0x108 ./Peripheral/src/ch32v00x_i2c.o
 .debug_ranges  0x0000000000000000       0xf8 ./Peripheral/src/ch32v00x_i2c.o
 .debug_line    0x0000000000000000     0x1073 ./Peripheral/src/ch32v00x_i2c.o
 .debug_str     0x0000000000000000      0xaab ./Peripheral/src/ch32v00x_i2c.o
 .comment       0x0000000000000000       0x34 ./Peripheral/src/ch32v00x_i2c.o
 .debug_frame   0x0000000000000000      0x254 ./Peripheral/src/ch32v00x_i2c.o
 .text          0x0000000000000000        0x0 ./Peripheral/src/ch32v00x_iwdg.o
 .data          0x0000000000000000        0x0 ./Peripheral/src/ch32v00x_iwdg.o
 .bss           0x0000000000000000        0x0 ./Peripheral/src/ch32v00x_iwdg.o
 .text.IWDG_WriteAccessCmd
                0x0000000000000000        0x8 ./Peripheral/src/ch32v00x_iwdg.o
 .text.IWDG_SetPrescaler
                0x0000000000000000        0x8 ./Peripheral/src/ch32v00x_iwdg.o
 .text.IWDG_SetReload
                0x0000000000000000        0x8 ./Peripheral/src/ch32v00x_iwdg.o
 .text.IWDG_ReloadCounter
                0x0000000000000000        0xe ./Peripheral/src/ch32v00x_iwdg.o
 .text.IWDG_Enable
                0x0000000000000000        0xe ./Peripheral/src/ch32v00x_iwdg.o
 .text.IWDG_GetFlagStatus
                0x0000000000000000        0xe ./Peripheral/src/ch32v00x_iwdg.o
 .debug_info    0x0000000000000000      0xaae ./Peripheral/src/ch32v00x_iwdg.o
 .debug_abbrev  0x0000000000000000      0x282 ./Peripheral/src/ch32v00x_iwdg.o
 .debug_loc     0x0000000000000000       0x68 ./Peripheral/src/ch32v00x_iwdg.o
 .debug_aranges
                0x0000000000000000       0x48 ./Peripheral/src/ch32v00x_iwdg.o
 .debug_ranges  0x0000000000000000       0x38 ./Peripheral/src/ch32v00x_iwdg.o
 .debug_line    0x0000000000000000      0x3a0 ./Peripheral/src/ch32v00x_iwdg.o
 .debug_str     0x0000000000000000      0x698 ./Peripheral/src/ch32v00x_iwdg.o
 .comment       0x0000000000000000       0x34 ./Peripheral/src/ch32v00x_iwdg.o
 .debug_frame   0x0000000000000000       0x70 ./Peripheral/src/ch32v00x_iwdg.o
 .text          0x0000000000000000        0x0 ./Peripheral/src/ch32v00x_misc.o
 .data          0x0000000000000000        0x0 ./Peripheral/src/ch32v00x_misc.o
 .bss           0x0000000000000000        0x0 ./Peripheral/src/ch32v00x_misc.o
 .text          0x0000000000000000        0x0 ./Peripheral/src/ch32v00x_opa.o
 .data          0x0000000000000000        0x0 ./Peripheral/src/ch32v00x_opa.o
 .bss           0x0000000000000000        0x0 ./Peripheral/src/ch32v00x_opa.o
 .text.OPA_DeInit
                0x0000000000000000       0x16 ./Peripheral/src/ch32v00x_opa.o
 .text.OPA_Init
                0x0000000000000000       0x22 ./Peripheral/src/ch32v00x_opa.o
 .text.OPA_StructInit
                0x0000000000000000        0xa ./Peripheral/src/ch32v00x_opa.o
 .text.OPA_Cmd  0x0000000000000000       0x2c ./Peripheral/src/ch32v00x_opa.o
 .debug_info    0x0000000000000000      0xaa5 ./Peripheral/src/ch32v00x_opa.o
 .debug_abbrev  0x0000000000000000      0x230 ./Peripheral/src/ch32v00x_opa.o
 .debug_loc     0x0000000000000000       0x35 ./Peripheral/src/ch32v00x_opa.o
 .debug_aranges
                0x0000000000000000       0x38 ./Peripheral/src/ch32v00x_opa.o
 .debug_ranges  0x0000000000000000       0x28 ./Peripheral/src/ch32v00x_opa.o
 .debug_line    0x0000000000000000      0x3da ./Peripheral/src/ch32v00x_opa.o
 .debug_str     0x0000000000000000      0x666 ./Peripheral/src/ch32v00x_opa.o
 .comment       0x0000000000000000       0x34 ./Peripheral/src/ch32v00x_opa.o
 .debug_frame   0x0000000000000000       0x50 ./Peripheral/src/ch32v00x_opa.o
 .text          0x0000000000000000        0x0 ./Peripheral/src/ch32v00x_pwr.o
 .data          0x0000000000000000        0x0 ./Peripheral/src/ch32v00x_pwr.o
 .bss           0x0000000000000000        0x0 ./Peripheral/src/ch32v00x_pwr.o
 .text.PWR_DeInit
                0x0000000000000000       0x2c ./Peripheral/src/ch32v00x_pwr.o
 .text.PWR_PVDCmd
                0x0000000000000000       0x14 ./Peripheral/src/ch32v00x_pwr.o
 .text.PWR_PVDLevelConfig
                0x0000000000000000       0x10 ./Peripheral/src/ch32v00x_pwr.o
 .text.PWR_AutoWakeUpCmd
                0x0000000000000000       0x14 ./Peripheral/src/ch32v00x_pwr.o
 .text.PWR_AWU_SetPrescaler
                0x0000000000000000        0xe ./Peripheral/src/ch32v00x_pwr.o
 .text.PWR_AWU_SetWindowValue
                0x0000000000000000       0x1e ./Peripheral/src/ch32v00x_pwr.o
 .text.PWR_EnterSTANDBYMode
                0x0000000000000000       0x82 ./Peripheral/src/ch32v00x_pwr.o
 .text.PWR_GetFlagStatus
                0x0000000000000000        0xe ./Peripheral/src/ch32v00x_pwr.o
 .debug_info    0x0000000000000000      0xe7f ./Peripheral/src/ch32v00x_pwr.o
 .debug_abbrev  0x0000000000000000      0x34a ./Peripheral/src/ch32v00x_pwr.o
 .debug_loc     0x0000000000000000      0x12a ./Peripheral/src/ch32v00x_pwr.o
 .debug_aranges
                0x0000000000000000       0x58 ./Peripheral/src/ch32v00x_pwr.o
 .debug_ranges  0x0000000000000000       0x88 ./Peripheral/src/ch32v00x_pwr.o
 .debug_line    0x0000000000000000      0x648 ./Peripheral/src/ch32v00x_pwr.o
 .debug_str     0x0000000000000000      0x7d9 ./Peripheral/src/ch32v00x_pwr.o
 .comment       0x0000000000000000       0x34 ./Peripheral/src/ch32v00x_pwr.o
 .debug_frame   0x0000000000000000       0xa4 ./Peripheral/src/ch32v00x_pwr.o
 .text          0x0000000000000000        0x0 ./Peripheral/src/ch32v00x_rcc.o
 .data          0x0000000000000000        0x0 ./Peripheral/src/ch32v00x_rcc.o
 .bss           0x0000000000000000        0x0 ./Peripheral/src/ch32v00x_rcc.o
 .text.RCC_DeInit
                0x0000000000000000       0x40 ./Peripheral/src/ch32v00x_rcc.o
 .text.RCC_HSEConfig
                0x0000000000000000       0x3c ./Peripheral/src/ch32v00x_rcc.o
 .text.RCC_AdjustHSICalibrationValue
                0x0000000000000000       0x12 ./Peripheral/src/ch32v00x_rcc.o
 .text.RCC_HSICmd
                0x0000000000000000       0x14 ./Peripheral/src/ch32v00x_rcc.o
 .text.RCC_PLLConfig
                0x0000000000000000       0x14 ./Peripheral/src/ch32v00x_rcc.o
 .text.RCC_PLLCmd
                0x0000000000000000       0x24 ./Peripheral/src/ch32v00x_rcc.o
 .text.RCC_SYSCLKConfig
                0x0000000000000000        0xe ./Peripheral/src/ch32v00x_rcc.o
 .text.RCC_GetSYSCLKSource
                0x0000000000000000        0xa ./Peripheral/src/ch32v00x_rcc.o
 .text.RCC_HCLKConfig
                0x0000000000000000       0x10 ./Peripheral/src/ch32v00x_rcc.o
 .text.RCC_ITConfig
                0x0000000000000000       0x16 ./Peripheral/src/ch32v00x_rcc.o
 .text.RCC_LSICmd
                0x0000000000000000       0x14 ./Peripheral/src/ch32v00x_rcc.o
 .text.RCC_AHBPeriphClockCmd
                0x0000000000000000       0x1e ./Peripheral/src/ch32v00x_rcc.o
 .text.RCC_ClockSecuritySystemCmd
                0x0000000000000000       0x24 ./Peripheral/src/ch32v00x_rcc.o
 .text.RCC_MCOConfig
                0x0000000000000000        0x8 ./Peripheral/src/ch32v00x_rcc.o
 .text.RCC_GetFlagStatus
                0x0000000000000000       0x20 ./Peripheral/src/ch32v00x_rcc.o
 .text.RCC_WaitForHSEStartUp
                0x0000000000000000       0x42 ./Peripheral/src/ch32v00x_rcc.o
 .text.RCC_ClearFlag
                0x0000000000000000       0x10 ./Peripheral/src/ch32v00x_rcc.o
 .text.RCC_GetITStatus
                0x0000000000000000        0xe ./Peripheral/src/ch32v00x_rcc.o
 .text.RCC_ClearITPendingBit
                0x0000000000000000        0x8 ./Peripheral/src/ch32v00x_rcc.o
 .text          0x0000000000000000        0x0 ./Peripheral/src/ch32v00x_spi.o
 .data          0x0000000000000000        0x0 ./Peripheral/src/ch32v00x_spi.o
 .bss           0x0000000000000000        0x0 ./Peripheral/src/ch32v00x_spi.o
 .text.SPI_I2S_DeInit
                0x0000000000000000       0x32 ./Peripheral/src/ch32v00x_spi.o
 .text.SPI_Init
                0x0000000000000000       0x32 ./Peripheral/src/ch32v00x_spi.o
 .text.SPI_StructInit
                0x0000000000000000       0x22 ./Peripheral/src/ch32v00x_spi.o
 .text.SPI_Cmd  0x0000000000000000       0x1a ./Peripheral/src/ch32v00x_spi.o
 .text.SPI_I2S_ITConfig
                0x0000000000000000       0x1e ./Peripheral/src/ch32v00x_spi.o
 .text.SPI_I2S_DMACmd
                0x0000000000000000       0x12 ./Peripheral/src/ch32v00x_spi.o
 .text.SPI_I2S_SendData
                0x0000000000000000        0x4 ./Peripheral/src/ch32v00x_spi.o
 .text.SPI_I2S_ReceiveData
                0x0000000000000000        0x4 ./Peripheral/src/ch32v00x_spi.o
 .text.SPI_NSSInternalSoftwareConfig
                0x0000000000000000       0x24 ./Peripheral/src/ch32v00x_spi.o
 .text.SPI_SSOutputCmd
                0x0000000000000000       0x18 ./Peripheral/src/ch32v00x_spi.o
 .text.SPI_DataSizeConfig
                0x0000000000000000       0x14 ./Peripheral/src/ch32v00x_spi.o
 .text.SPI_TransmitCRC
                0x0000000000000000        0xa ./Peripheral/src/ch32v00x_spi.o
 .text.SPI_CalculateCRC
                0x0000000000000000       0x16 ./Peripheral/src/ch32v00x_spi.o
 .text.SPI_GetCRC
                0x0000000000000000       0x12 ./Peripheral/src/ch32v00x_spi.o
 .text.SPI_GetCRCPolynomial
                0x0000000000000000        0x4 ./Peripheral/src/ch32v00x_spi.o
 .text.SPI_BiDirectionalLineConfig
                0x0000000000000000       0x1a ./Peripheral/src/ch32v00x_spi.o
 .text.SPI_I2S_GetFlagStatus
                0x0000000000000000        0xa ./Peripheral/src/ch32v00x_spi.o
 .text.SPI_I2S_ClearFlag
                0x0000000000000000        0xc ./Peripheral/src/ch32v00x_spi.o
 .text.SPI_I2S_GetITStatus
                0x0000000000000000       0x28 ./Peripheral/src/ch32v00x_spi.o
 .text.SPI_I2S_ClearITPendingBit
                0x0000000000000000       0x14 ./Peripheral/src/ch32v00x_spi.o
 .debug_info    0x0000000000000000     0x1067 ./Peripheral/src/ch32v00x_spi.o
 .debug_abbrev  0x0000000000000000      0x303 ./Peripheral/src/ch32v00x_spi.o
 .debug_loc     0x0000000000000000      0x429 ./Peripheral/src/ch32v00x_spi.o
 .debug_aranges
                0x0000000000000000       0xb8 ./Peripheral/src/ch32v00x_spi.o
 .debug_ranges  0x0000000000000000       0xa8 ./Peripheral/src/ch32v00x_spi.o
 .debug_line    0x0000000000000000      0x9c6 ./Peripheral/src/ch32v00x_spi.o
 .debug_str     0x0000000000000000      0x932 ./Peripheral/src/ch32v00x_spi.o
 .comment       0x0000000000000000       0x34 ./Peripheral/src/ch32v00x_spi.o
 .debug_frame   0x0000000000000000      0x15c ./Peripheral/src/ch32v00x_spi.o
 .text          0x0000000000000000        0x0 ./Peripheral/src/ch32v00x_tim.o
 .data          0x0000000000000000        0x0 ./Peripheral/src/ch32v00x_tim.o
 .bss           0x0000000000000000        0x0 ./Peripheral/src/ch32v00x_tim.o
 .text.TI1_Config
                0x0000000000000000       0x5a ./Peripheral/src/ch32v00x_tim.o
 .text.TI2_Config
                0x0000000000000000       0x70 ./Peripheral/src/ch32v00x_tim.o
 .text.TIM_OC1Init
                0x0000000000000000       0x6a ./Peripheral/src/ch32v00x_tim.o
 .text.TIM_OC2Init
                0x0000000000000000       0x96 ./Peripheral/src/ch32v00x_tim.o
 .text.TIM_OC3Init
                0x0000000000000000       0x94 ./Peripheral/src/ch32v00x_tim.o
 .text.TIM_OC4Init
                0x0000000000000000       0x6e ./Peripheral/src/ch32v00x_tim.o
 .text.TIM_BDTRConfig
                0x0000000000000000       0x20 ./Peripheral/src/ch32v00x_tim.o
 .text.TIM_TimeBaseStructInit
                0x0000000000000000       0x16 ./Peripheral/src/ch32v00x_tim.o
 .text.TIM_OCStructInit
                0x0000000000000000       0x22 ./Peripheral/src/ch32v00x_tim.o
 .text.TIM_ICStructInit
                0x0000000000000000       0x16 ./Peripheral/src/ch32v00x_tim.o
 .text.TIM_BDTRStructInit
                0x0000000000000000       0x1e ./Peripheral/src/ch32v00x_tim.o
 .text.TIM_CtrlPWMOutputs
                0x0000000000000000       0x16 ./Peripheral/src/ch32v00x_tim.o
 .text.TIM_GenerateEvent
                0x0000000000000000        0x4 ./Peripheral/src/ch32v00x_tim.o
 .text.TIM_DMAConfig
                0x0000000000000000        0x8 ./Peripheral/src/ch32v00x_tim.o
 .text.TIM_DMACmd
                0x0000000000000000       0x18 ./Peripheral/src/ch32v00x_tim.o
 .text.TIM_InternalClockConfig
                0x0000000000000000       0x10 ./Peripheral/src/ch32v00x_tim.o
 .text.TIM_ITRxExternalClockConfig
                0x0000000000000000       0x18 ./Peripheral/src/ch32v00x_tim.o
 .text.TIM_TIxExternalClockConfig
                0x0000000000000000       0x48 ./Peripheral/src/ch32v00x_tim.o
 .text.TIM_ETRConfig
                0x0000000000000000       0x16 ./Peripheral/src/ch32v00x_tim.o
 .text.TIM_ETRClockMode1Config
                0x0000000000000000       0x2a ./Peripheral/src/ch32v00x_tim.o
 .text.TIM_ETRClockMode2Config
                0x0000000000000000       0x22 ./Peripheral/src/ch32v00x_tim.o
 .text.TIM_PrescalerConfig
                0x0000000000000000        0x6 ./Peripheral/src/ch32v00x_tim.o
 .text.TIM_CounterModeConfig
                0x0000000000000000       0x10 ./Peripheral/src/ch32v00x_tim.o
 .text.TIM_SelectInputTrigger
                0x0000000000000000       0x10 ./Peripheral/src/ch32v00x_tim.o
 .text.TIM_EncoderInterfaceConfig
                0x0000000000000000       0x3c ./Peripheral/src/ch32v00x_tim.o
 .text.TIM_ForcedOC1Config
                0x0000000000000000       0x10 ./Peripheral/src/ch32v00x_tim.o
 .text.TIM_ForcedOC2Config
                0x0000000000000000       0x14 ./Peripheral/src/ch32v00x_tim.o
 .text.TIM_ForcedOC3Config
                0x0000000000000000       0x10 ./Peripheral/src/ch32v00x_tim.o
 .text.TIM_ForcedOC4Config
                0x0000000000000000       0x14 ./Peripheral/src/ch32v00x_tim.o
 .text.TIM_ARRPreloadConfig
                0x0000000000000000       0x1a ./Peripheral/src/ch32v00x_tim.o
 .text.TIM_SelectCOM
                0x0000000000000000       0x18 ./Peripheral/src/ch32v00x_tim.o
 .text.TIM_SelectCCDMA
                0x0000000000000000       0x18 ./Peripheral/src/ch32v00x_tim.o
 .text.TIM_CCPreloadControl
                0x0000000000000000       0x18 ./Peripheral/src/ch32v00x_tim.o
 .text.TIM_OC1PreloadConfig
                0x0000000000000000        0xe ./Peripheral/src/ch32v00x_tim.o
 .text.TIM_OC2PreloadConfig
                0x0000000000000000       0x16 ./Peripheral/src/ch32v00x_tim.o
 .text.TIM_OC3PreloadConfig
                0x0000000000000000        0xe ./Peripheral/src/ch32v00x_tim.o
 .text.TIM_OC4PreloadConfig
                0x0000000000000000       0x16 ./Peripheral/src/ch32v00x_tim.o
 .text.TIM_OC1FastConfig
                0x0000000000000000        0xe ./Peripheral/src/ch32v00x_tim.o
 .text.TIM_OC2FastConfig
                0x0000000000000000       0x16 ./Peripheral/src/ch32v00x_tim.o
 .text.TIM_OC3FastConfig
                0x0000000000000000        0xe ./Peripheral/src/ch32v00x_tim.o
 .text.TIM_OC4FastConfig
                0x0000000000000000       0x16 ./Peripheral/src/ch32v00x_tim.o
 .text.TIM_ClearOC1Ref
                0x0000000000000000       0x10 ./Peripheral/src/ch32v00x_tim.o
 .text.TIM_ClearOC2Ref
                0x0000000000000000       0x12 ./Peripheral/src/ch32v00x_tim.o
 .text.TIM_ClearOC3Ref
                0x0000000000000000       0x10 ./Peripheral/src/ch32v00x_tim.o
 .text.TIM_ClearOC4Ref
                0x0000000000000000       0x12 ./Peripheral/src/ch32v00x_tim.o
 .text.TIM_OC1PolarityConfig
                0x0000000000000000        0xe ./Peripheral/src/ch32v00x_tim.o
 .text.TIM_OC1NPolarityConfig
                0x0000000000000000        0xe ./Peripheral/src/ch32v00x_tim.o
 .text.TIM_OC2PolarityConfig
                0x0000000000000000       0x16 ./Peripheral/src/ch32v00x_tim.o
 .text.TIM_OC2NPolarityConfig
                0x0000000000000000       0x16 ./Peripheral/src/ch32v00x_tim.o
 .text.TIM_OC3PolarityConfig
                0x0000000000000000       0x16 ./Peripheral/src/ch32v00x_tim.o
 .text.TIM_OC3NPolarityConfig
                0x0000000000000000       0x16 ./Peripheral/src/ch32v00x_tim.o
 .text.TIM_OC4PolarityConfig
                0x0000000000000000       0x14 ./Peripheral/src/ch32v00x_tim.o
 .text.TIM_CCxCmd
                0x0000000000000000       0x20 ./Peripheral/src/ch32v00x_tim.o
 .text.TIM_CCxNCmd
                0x0000000000000000       0x20 ./Peripheral/src/ch32v00x_tim.o
 .text.TIM_SelectOCxM
                0x0000000000000000       0x4c ./Peripheral/src/ch32v00x_tim.o
 .text.TIM_UpdateDisableConfig
                0x0000000000000000       0x18 ./Peripheral/src/ch32v00x_tim.o
 .text.TIM_UpdateRequestConfig
                0x0000000000000000       0x18 ./Peripheral/src/ch32v00x_tim.o
 .text.TIM_SelectHallSensor
                0x0000000000000000       0x1a ./Peripheral/src/ch32v00x_tim.o
 .text.TIM_SelectOnePulseMode
                0x0000000000000000       0x16 ./Peripheral/src/ch32v00x_tim.o
 .text.TIM_SelectOutputTrigger
                0x0000000000000000       0x18 ./Peripheral/src/ch32v00x_tim.o
 .text.TIM_SelectSlaveMode
                0x0000000000000000       0x16 ./Peripheral/src/ch32v00x_tim.o
 .text.TIM_SelectMasterSlaveMode
                0x0000000000000000       0x18 ./Peripheral/src/ch32v00x_tim.o
 .text.TIM_SetCounter
                0x0000000000000000        0x4 ./Peripheral/src/ch32v00x_tim.o
 .text.TIM_SetAutoreload
                0x0000000000000000        0x4 ./Peripheral/src/ch32v00x_tim.o
 .text.TIM_SetCompare1
                0x0000000000000000        0x4 ./Peripheral/src/ch32v00x_tim.o
 .text.TIM_SetCompare2
                0x0000000000000000        0x4 ./Peripheral/src/ch32v00x_tim.o
 .text.TIM_SetCompare3
                0x0000000000000000        0x4 ./Peripheral/src/ch32v00x_tim.o
 .text.TIM_SetCompare4
                0x0000000000000000        0x4 ./Peripheral/src/ch32v00x_tim.o
 .text.TIM_SetIC1Prescaler
                0x0000000000000000       0x16 ./Peripheral/src/ch32v00x_tim.o
 .text.TIM_SetIC2Prescaler
                0x0000000000000000       0x1a ./Peripheral/src/ch32v00x_tim.o
 .text.TIM_PWMIConfig
                0x0000000000000000       0xa4 ./Peripheral/src/ch32v00x_tim.o
 .text.TIM_SetIC3Prescaler
                0x0000000000000000       0x16 ./Peripheral/src/ch32v00x_tim.o
 .text.TIM_SetIC4Prescaler
                0x0000000000000000       0x1a ./Peripheral/src/ch32v00x_tim.o
 .text.TIM_ICInit
                0x0000000000000000      0x14e ./Peripheral/src/ch32v00x_tim.o
 .text.TIM_SetClockDivision
                0x0000000000000000       0x18 ./Peripheral/src/ch32v00x_tim.o
 .text.TIM_GetCapture1
                0x0000000000000000        0x8 ./Peripheral/src/ch32v00x_tim.o
 .text.TIM_GetCapture2
                0x0000000000000000        0x8 ./Peripheral/src/ch32v00x_tim.o
 .text.TIM_GetCapture3
                0x0000000000000000        0x8 ./Peripheral/src/ch32v00x_tim.o
 .text.TIM_GetCapture4
                0x0000000000000000        0x8 ./Peripheral/src/ch32v00x_tim.o
 .text.TIM_GetCounter
                0x0000000000000000        0x4 ./Peripheral/src/ch32v00x_tim.o
 .text.TIM_GetPrescaler
                0x0000000000000000        0x4 ./Peripheral/src/ch32v00x_tim.o
 .text.TIM_ClearFlag
                0x0000000000000000        0xc ./Peripheral/src/ch32v00x_tim.o
 .text.TIM_IndicateCaptureLevelCmd
                0x0000000000000000       0x12 ./Peripheral/src/ch32v00x_tim.o
 .text          0x0000000000000000        0x0 ./Peripheral/src/ch32v00x_usart.o
 .data          0x0000000000000000        0x0 ./Peripheral/src/ch32v00x_usart.o
 .bss           0x0000000000000000        0x0 ./Peripheral/src/ch32v00x_usart.o
 .text.USART_DeInit
                0x0000000000000000       0x36 ./Peripheral/src/ch32v00x_usart.o
 .text.USART_StructInit
                0x0000000000000000       0x18 ./Peripheral/src/ch32v00x_usart.o
 .text.USART_ClockInit
                0x0000000000000000       0x1e ./Peripheral/src/ch32v00x_usart.o
 .text.USART_ClockStructInit
                0x0000000000000000       0x12 ./Peripheral/src/ch32v00x_usart.o
 .text.USART_DMACmd
                0x0000000000000000       0x12 ./Peripheral/src/ch32v00x_usart.o
 .text.USART_SetAddress
                0x0000000000000000       0x16 ./Peripheral/src/ch32v00x_usart.o
 .text.USART_WakeUpConfig
                0x0000000000000000       0x14 ./Peripheral/src/ch32v00x_usart.o
 .text.USART_ReceiverWakeUpCmd
                0x0000000000000000       0x18 ./Peripheral/src/ch32v00x_usart.o
 .text.USART_LINBreakDetectLengthConfig
                0x0000000000000000       0x18 ./Peripheral/src/ch32v00x_usart.o
 .text.USART_LINCmd
                0x0000000000000000       0x16 ./Peripheral/src/ch32v00x_usart.o
 .text.USART_SendData
                0x0000000000000000        0x8 ./Peripheral/src/ch32v00x_usart.o
 .text.USART_ReceiveData
                0x0000000000000000        0x8 ./Peripheral/src/ch32v00x_usart.o
 .text.USART_SendBreak
                0x0000000000000000        0xa ./Peripheral/src/ch32v00x_usart.o
 .text.USART_SetGuardTime
                0x0000000000000000       0x12 ./Peripheral/src/ch32v00x_usart.o
 .text.USART_SetPrescaler
                0x0000000000000000       0x18 ./Peripheral/src/ch32v00x_usart.o
 .text.USART_SmartCardCmd
                0x0000000000000000       0x1a ./Peripheral/src/ch32v00x_usart.o
 .text.USART_SmartCardNACKCmd
                0x0000000000000000       0x18 ./Peripheral/src/ch32v00x_usart.o
 .text.USART_OverSampling8Cmd
                0x0000000000000000       0x12 ./Peripheral/src/ch32v00x_usart.o
 .text.USART_OneBitMethodCmd
                0x0000000000000000       0x1e ./Peripheral/src/ch32v00x_usart.o
 .text.USART_IrDAConfig
                0x0000000000000000       0x16 ./Peripheral/src/ch32v00x_usart.o
 .text.USART_IrDACmd
                0x0000000000000000       0x18 ./Peripheral/src/ch32v00x_usart.o
 .text.USART_GetFlagStatus
                0x0000000000000000        0xa ./Peripheral/src/ch32v00x_usart.o
 .text.USART_ClearFlag
                0x0000000000000000        0xc ./Peripheral/src/ch32v00x_usart.o
 .text.USART_ClearITPendingBit
                0x0000000000000000       0x14 ./Peripheral/src/ch32v00x_usart.o
 .text          0x0000000000000000        0x0 ./Peripheral/src/ch32v00x_wwdg.o
 .data          0x0000000000000000        0x0 ./Peripheral/src/ch32v00x_wwdg.o
 .bss           0x0000000000000000        0x0 ./Peripheral/src/ch32v00x_wwdg.o
 .text.WWDG_DeInit
                0x0000000000000000       0x2e ./Peripheral/src/ch32v00x_wwdg.o
 .text.WWDG_SetPrescaler
                0x0000000000000000       0x14 ./Peripheral/src/ch32v00x_wwdg.o
 .text.WWDG_SetWindowValue
                0x0000000000000000       0x26 ./Peripheral/src/ch32v00x_wwdg.o
 .text.WWDG_EnableIT
                0x0000000000000000       0x12 ./Peripheral/src/ch32v00x_wwdg.o
 .text.WWDG_SetCounter
                0x0000000000000000        0xe ./Peripheral/src/ch32v00x_wwdg.o
 .text.WWDG_Enable
                0x0000000000000000        0xe ./Peripheral/src/ch32v00x_wwdg.o
 .text.WWDG_GetFlagStatus
                0x0000000000000000        0xa ./Peripheral/src/ch32v00x_wwdg.o
 .text.WWDG_ClearFlag
                0x0000000000000000        0xa ./Peripheral/src/ch32v00x_wwdg.o
 .debug_info    0x0000000000000000      0xb27 ./Peripheral/src/ch32v00x_wwdg.o
 .debug_abbrev  0x0000000000000000      0x29d ./Peripheral/src/ch32v00x_wwdg.o
 .debug_loc     0x0000000000000000       0xae ./Peripheral/src/ch32v00x_wwdg.o
 .debug_aranges
                0x0000000000000000       0x58 ./Peripheral/src/ch32v00x_wwdg.o
 .debug_ranges  0x0000000000000000       0x48 ./Peripheral/src/ch32v00x_wwdg.o
 .debug_line    0x0000000000000000      0x488 ./Peripheral/src/ch32v00x_wwdg.o
 .debug_str     0x0000000000000000      0x6ab ./Peripheral/src/ch32v00x_wwdg.o
 .comment       0x0000000000000000       0x34 ./Peripheral/src/ch32v00x_wwdg.o
 .debug_frame   0x0000000000000000       0xa4 ./Peripheral/src/ch32v00x_wwdg.o
 .text          0x0000000000000000        0x0 ./Debug/debug.o
 .data          0x0000000000000000        0x0 ./Debug/debug.o
 .bss           0x0000000000000000        0x0 ./Debug/debug.o
 .text.Delay_Us
                0x0000000000000000       0x4a ./Debug/debug.o
 .text.Delay_Ms
                0x0000000000000000       0x4a ./Debug/debug.o
 .text.USART_Printf_Init
                0x0000000000000000       0x74 ./Debug/debug.o
 .text.SDI_Printf_Enable
                0x0000000000000000       0x2a ./Debug/debug.o
 .text._write   0x0000000000000000       0x60 ./Debug/debug.o
 .text._sbrk    0x0000000000000000       0x2e ./Debug/debug.o
 .data.curbrk.4087
                0x0000000000000000        0x4 ./Debug/debug.o
 .text          0x0000000000000000        0x0 ./Core/core_riscv.o
 .data          0x0000000000000000        0x0 ./Core/core_riscv.o
 .bss           0x0000000000000000        0x0 ./Core/core_riscv.o
 .text.__get_MSTATUS
                0x0000000000000000        0x6 ./Core/core_riscv.o
 .text.__set_MSTATUS
                0x0000000000000000        0x6 ./Core/core_riscv.o
 .text.__get_MISA
                0x0000000000000000        0x6 ./Core/core_riscv.o
 .text.__set_MISA
                0x0000000000000000        0x6 ./Core/core_riscv.o
 .text.__get_MTVEC
                0x0000000000000000        0x6 ./Core/core_riscv.o
 .text.__set_MTVEC
                0x0000000000000000        0x6 ./Core/core_riscv.o
 .text.__get_MSCRATCH
                0x0000000000000000        0x6 ./Core/core_riscv.o
 .text.__set_MSCRATCH
                0x0000000000000000        0x6 ./Core/core_riscv.o
 .text.__get_MEPC
                0x0000000000000000        0x6 ./Core/core_riscv.o
 .text.__set_MEPC
                0x0000000000000000        0x6 ./Core/core_riscv.o
 .text.__get_MCAUSE
                0x0000000000000000        0x6 ./Core/core_riscv.o
 .text.__set_MCAUSE
                0x0000000000000000        0x6 ./Core/core_riscv.o
 .text.__get_MVENDORID
                0x0000000000000000        0x6 ./Core/core_riscv.o
 .text.__get_MARCHID
                0x0000000000000000        0x6 ./Core/core_riscv.o
 .text.__get_MIMPID
                0x0000000000000000        0x6 ./Core/core_riscv.o
 .text.__get_MHARTID
                0x0000000000000000        0x6 ./Core/core_riscv.o
 .text.__get_SP
                0x0000000000000000        0x4 ./Core/core_riscv.o
 .debug_info    0x0000000000000000      0x324 ./Core/core_riscv.o
 .debug_abbrev  0x0000000000000000       0xe0 ./Core/core_riscv.o
 .debug_aranges
                0x0000000000000000       0xa0 ./Core/core_riscv.o
 .debug_ranges  0x0000000000000000       0x90 ./Core/core_riscv.o
 .debug_line    0x0000000000000000      0x3f2 ./Core/core_riscv.o
 .debug_str     0x0000000000000000      0x27d ./Core/core_riscv.o
 .comment       0x0000000000000000       0x34 ./Core/core_riscv.o
 .debug_frame   0x0000000000000000      0x120 ./Core/core_riscv.o
 .text          0x0000000000000000        0x0 c:/mounriver/mounriver_studio/toolchain/risc-v embedded gcc/bin/../lib/gcc/riscv-none-embed/8.2.0/rv32ecxw/ilp32e\libgcc.a(divsf3.o)
 .data          0x0000000000000000        0x0 c:/mounriver/mounriver_studio/toolchain/risc-v embedded gcc/bin/../lib/gcc/riscv-none-embed/8.2.0/rv32ecxw/ilp32e\libgcc.a(divsf3.o)
 .bss           0x0000000000000000        0x0 c:/mounriver/mounriver_studio/toolchain/risc-v embedded gcc/bin/../lib/gcc/riscv-none-embed/8.2.0/rv32ecxw/ilp32e\libgcc.a(divsf3.o)
 .text          0x0000000000000000        0x0 c:/mounriver/mounriver_studio/toolchain/risc-v embedded gcc/bin/../lib/gcc/riscv-none-embed/8.2.0/rv32ecxw/ilp32e\libgcc.a(fixunssfsi.o)
 .data          0x0000000000000000        0x0 c:/mounriver/mounriver_studio/toolchain/risc-v embedded gcc/bin/../lib/gcc/riscv-none-embed/8.2.0/rv32ecxw/ilp32e\libgcc.a(fixunssfsi.o)
 .bss           0x0000000000000000        0x0 c:/mounriver/mounriver_studio/toolchain/risc-v embedded gcc/bin/../lib/gcc/riscv-none-embed/8.2.0/rv32ecxw/ilp32e\libgcc.a(fixunssfsi.o)
 .text          0x0000000000000000        0x0 c:/mounriver/mounriver_studio/toolchain/risc-v embedded gcc/bin/../lib/gcc/riscv-none-embed/8.2.0/rv32ecxw/ilp32e\libgcc.a(floatunsisf.o)
 .data          0x0000000000000000        0x0 c:/mounriver/mounriver_studio/toolchain/risc-v embedded gcc/bin/../lib/gcc/riscv-none-embed/8.2.0/rv32ecxw/ilp32e\libgcc.a(floatunsisf.o)
 .bss           0x0000000000000000        0x0 c:/mounriver/mounriver_studio/toolchain/risc-v embedded gcc/bin/../lib/gcc/riscv-none-embed/8.2.0/rv32ecxw/ilp32e\libgcc.a(floatunsisf.o)
 .data          0x0000000000000000        0x0 c:/mounriver/mounriver_studio/toolchain/risc-v embedded gcc/bin/../lib/gcc/riscv-none-embed/8.2.0/rv32ecxw/ilp32e\libgcc.a(save-restore.o)
 .bss           0x0000000000000000        0x0 c:/mounriver/mounriver_studio/toolchain/risc-v embedded gcc/bin/../lib/gcc/riscv-none-embed/8.2.0/rv32ecxw/ilp32e\libgcc.a(save-restore.o)
 .eh_frame      0x0000000000000000       0x68 c:/mounriver/mounriver_studio/toolchain/risc-v embedded gcc/bin/../lib/gcc/riscv-none-embed/8.2.0/rv32ecxw/ilp32e\libgcc.a(save-restore.o)
 .data          0x0000000000000000        0x0 c:/mounriver/mounriver_studio/toolchain/risc-v embedded gcc/bin/../lib/gcc/riscv-none-embed/8.2.0/rv32ecxw/ilp32e\libgcc.a(muldi3.o)
 .bss           0x0000000000000000        0x0 c:/mounriver/mounriver_studio/toolchain/risc-v embedded gcc/bin/../lib/gcc/riscv-none-embed/8.2.0/rv32ecxw/ilp32e\libgcc.a(muldi3.o)
 .data          0x0000000000000000        0x0 c:/mounriver/mounriver_studio/toolchain/risc-v embedded gcc/bin/../lib/gcc/riscv-none-embed/8.2.0/rv32ecxw/ilp32e\libgcc.a(div.o)
 .bss           0x0000000000000000        0x0 c:/mounriver/mounriver_studio/toolchain/risc-v embedded gcc/bin/../lib/gcc/riscv-none-embed/8.2.0/rv32ecxw/ilp32e\libgcc.a(div.o)
 .text          0x0000000000000000        0x0 c:/mounriver/mounriver_studio/toolchain/risc-v embedded gcc/bin/../lib/gcc/riscv-none-embed/8.2.0/rv32ecxw/ilp32e\libgcc.a(_clzsi2.o)
 .data          0x0000000000000000        0x0 c:/mounriver/mounriver_studio/toolchain/risc-v embedded gcc/bin/../lib/gcc/riscv-none-embed/8.2.0/rv32ecxw/ilp32e\libgcc.a(_clzsi2.o)
 .bss           0x0000000000000000        0x0 c:/mounriver/mounriver_studio/toolchain/risc-v embedded gcc/bin/../lib/gcc/riscv-none-embed/8.2.0/rv32ecxw/ilp32e\libgcc.a(_clzsi2.o)
 .text          0x0000000000000000        0x0 c:/mounriver/mounriver_studio/toolchain/risc-v embedded gcc/bin/../lib/gcc/riscv-none-embed/8.2.0/rv32ecxw/ilp32e\libgcc.a(_clz.o)
 .data          0x0000000000000000        0x0 c:/mounriver/mounriver_studio/toolchain/risc-v embedded gcc/bin/../lib/gcc/riscv-none-embed/8.2.0/rv32ecxw/ilp32e\libgcc.a(_clz.o)
 .bss           0x0000000000000000        0x0 c:/mounriver/mounriver_studio/toolchain/risc-v embedded gcc/bin/../lib/gcc/riscv-none-embed/8.2.0/rv32ecxw/ilp32e\libgcc.a(_clz.o)
 .data          0x0000000000000000        0x0 c:/mounriver/mounriver_studio/toolchain/risc-v embedded gcc/bin/../lib/gcc/riscv-none-embed/8.2.0/../../../../riscv-none-embed/lib/rv32ecxw/ilp32e\libg_nano.a(lib_a-memset.o)
 .bss           0x0000000000000000        0x0 c:/mounriver/mounriver_studio/toolchain/risc-v embedded gcc/bin/../lib/gcc/riscv-none-embed/8.2.0/../../../../riscv-none-embed/lib/rv32ecxw/ilp32e\libg_nano.a(lib_a-memset.o)

Memory Configuration

Name             Origin             Length             Attributes
FLASH            0x0000000000000000 0x0000000000004000 xr
RAM              0x0000000020000000 0x0000000000000800 xrw
*default*        0x0000000000000000 0xffffffffffffffff

Linker script and memory map

LOAD ./brd/brook_kbd_brd.o
LOAD ./User/adc.o
LOAD ./User/ch32v00x_it.o
LOAD ./User/main.o
LOAD ./User/my_misc.o
LOAD ./User/system_ch32v00x.o
LOAD ./User/timers.o
LOAD ./User/uart.o
LOAD ./User/zzz.o
LOAD ./Startup/startup_ch32v00x.o
LOAD ./Peripheral/src/ch32v00x_adc.o
LOAD ./Peripheral/src/ch32v00x_dbgmcu.o
LOAD ./Peripheral/src/ch32v00x_dma.o
LOAD ./Peripheral/src/ch32v00x_exti.o
LOAD ./Peripheral/src/ch32v00x_flash.o
LOAD ./Peripheral/src/ch32v00x_gpio.o
LOAD ./Peripheral/src/ch32v00x_i2c.o
LOAD ./Peripheral/src/ch32v00x_iwdg.o
LOAD ./Peripheral/src/ch32v00x_misc.o
LOAD ./Peripheral/src/ch32v00x_opa.o
LOAD ./Peripheral/src/ch32v00x_pwr.o
LOAD ./Peripheral/src/ch32v00x_rcc.o
LOAD ./Peripheral/src/ch32v00x_spi.o
LOAD ./Peripheral/src/ch32v00x_tim.o
LOAD ./Peripheral/src/ch32v00x_usart.o
LOAD ./Peripheral/src/ch32v00x_wwdg.o
LOAD ./Debug/debug.o
LOAD ./Core/core_riscv.o
LOAD c:/mounriver/mounriver_studio/toolchain/risc-v embedded gcc/bin/../lib/gcc/riscv-none-embed/8.2.0/../../../../riscv-none-embed/lib/rv32ecxw/ilp32e\libprintf.a
LOAD c:/mounriver/mounriver_studio/toolchain/risc-v embedded gcc/bin/../lib/gcc/riscv-none-embed/8.2.0/rv32ecxw/ilp32e\libgcc.a
LOAD c:/mounriver/mounriver_studio/toolchain/risc-v embedded gcc/bin/../lib/gcc/riscv-none-embed/8.2.0/../../../../riscv-none-embed/lib/rv32ecxw/ilp32e\libg_nano.a
LOAD c:/mounriver/mounriver_studio/toolchain/risc-v embedded gcc/bin/../lib/gcc/riscv-none-embed/8.2.0/../../../../riscv-none-embed/lib/rv32ecxw/ilp32e\libc_nano.a
LOAD c:/mounriver/mounriver_studio/toolchain/risc-v embedded gcc/bin/../lib/gcc/riscv-none-embed/8.2.0/rv32ecxw/ilp32e\libgcc.a
START GROUP
LOAD c:/mounriver/mounriver_studio/toolchain/risc-v embedded gcc/bin/../lib/gcc/riscv-none-embed/8.2.0/rv32ecxw/ilp32e\libgcc.a
LOAD c:/mounriver/mounriver_studio/toolchain/risc-v embedded gcc/bin/../lib/gcc/riscv-none-embed/8.2.0/../../../../riscv-none-embed/lib/rv32ecxw/ilp32e\libc_nano.a
LOAD c:/mounriver/mounriver_studio/toolchain/risc-v embedded gcc/bin/../lib/gcc/riscv-none-embed/8.2.0/../../../../riscv-none-embed/lib/rv32ecxw/ilp32e\libnosys.a
END GROUP
START GROUP
LOAD c:/mounriver/mounriver_studio/toolchain/risc-v embedded gcc/bin/../lib/gcc/riscv-none-embed/8.2.0/rv32ecxw/ilp32e\libgcc.a
LOAD c:/mounriver/mounriver_studio/toolchain/risc-v embedded gcc/bin/../lib/gcc/riscv-none-embed/8.2.0/../../../../riscv-none-embed/lib/rv32ecxw/ilp32e\libc_nano.a
LOAD c:/mounriver/mounriver_studio/toolchain/risc-v embedded gcc/bin/../lib/gcc/riscv-none-embed/8.2.0/../../../../riscv-none-embed/lib/rv32ecxw/ilp32e\libnosys.a
END GROUP
                0x0000000000000100                __stack_size = 0x100
                [!provide]                        PROVIDE (_stack_size = __stack_size)

.init           0x0000000000000000       0xa0
                0x0000000000000000                _sinit = .
                0x0000000000000000                . = ALIGN (0x4)
 *(SORT_NONE(.init))
 .init          0x0000000000000000       0x9e ./Startup/startup_ch32v00x.o
                0x0000000000000000                _start
                0x00000000000000a0                . = ALIGN (0x4)
 *fill*         0x000000000000009e        0x2 
                0x00000000000000a0                _einit = .

.text           0x00000000000000a0     0x1714
                0x00000000000000a0                . = ALIGN (0x4)
 *(.text)
 .text          0x00000000000000a0       0x14 c:/mounriver/mounriver_studio/toolchain/risc-v embedded gcc/bin/../lib/gcc/riscv-none-embed/8.2.0/rv32ecxw/ilp32e\libgcc.a(save-restore.o)
                0x00000000000000a0                __riscv_save_1
                0x00000000000000a0                __riscv_save_2
                0x00000000000000a0                __riscv_save_0
                0x00000000000000aa                __riscv_restore_0
                0x00000000000000aa                __riscv_restore_1
                0x00000000000000aa                __riscv_restore_2
 .text          0x00000000000000b4       0x16 c:/mounriver/mounriver_studio/toolchain/risc-v embedded gcc/bin/../lib/gcc/riscv-none-embed/8.2.0/rv32ecxw/ilp32e\libgcc.a(muldi3.o)
                0x00000000000000b4                __mulsi3
 *fill*         0x00000000000000ca        0x2 
 .text          0x00000000000000cc       0x7e c:/mounriver/mounriver_studio/toolchain/risc-v embedded gcc/bin/../lib/gcc/riscv-none-embed/8.2.0/rv32ecxw/ilp32e\libgcc.a(div.o)
                0x00000000000000cc                __divsi3
                0x00000000000000d4                __udivsi3
                0x0000000000000100                __umodsi3
                0x0000000000000124                __modsi3
 .text          0x000000000000014a       0xa8 c:/mounriver/mounriver_studio/toolchain/risc-v embedded gcc/bin/../lib/gcc/riscv-none-embed/8.2.0/../../../../riscv-none-embed/lib/rv32ecxw/ilp32e\libg_nano.a(lib_a-memset.o)
                0x000000000000014a                memset
 *(.text.*)
 .text.init_gpio
                0x00000000000001f2       0xde ./brd/brook_kbd_brd.o
                0x00000000000001f2                init_gpio
 .text.set_scl  0x00000000000002d0       0x18 ./brd/brook_kbd_brd.o
                0x00000000000002d0                set_scl
 .text.set_led0
                0x00000000000002e8       0x18 ./brd/brook_kbd_brd.o
                0x00000000000002e8                set_led0
 .text.set_led1
                0x0000000000000300       0x1a ./brd/brook_kbd_brd.o
                0x0000000000000300                set_led1
 .text.set_led2
                0x000000000000031a       0x1a ./brd/brook_kbd_brd.o
                0x000000000000031a                set_led2
 .text.set_led3
                0x0000000000000334       0x1c ./brd/brook_kbd_brd.o
                0x0000000000000334                set_led3
 .text.set_led4
                0x0000000000000350       0x1c ./brd/brook_kbd_brd.o
                0x0000000000000350                set_led4
 .text.set_input_b_a
                0x000000000000036c       0x1a ./brd/brook_kbd_brd.o
                0x000000000000036c                set_input_b_a
 .text.USARTx_CFG
                0x0000000000000386       0x8e ./brd/brook_kbd_brd.o
                0x0000000000000386                USARTx_CFG
 .text.init_hw  0x0000000000000414       0x1e ./brd/brook_kbd_brd.o
                0x0000000000000414                init_hw
 .text.adc_init
                0x0000000000000432       0xe4 ./User/adc.o
                0x0000000000000432                adc_init
 .text.hnd_adc  0x0000000000000516       0x32 ./User/adc.o
                0x0000000000000516                hnd_adc
 .text.obr_adc_dat
                0x0000000000000548       0x50 ./User/adc.o
                0x0000000000000548                obr_adc_dat
 .text.ADC1_IRQHandler
                0x0000000000000598       0x28 ./User/adc.o
                0x0000000000000598                ADC1_IRQHandler
 .text.NMI_Handler
                0x00000000000005c0        0x4 ./User/ch32v00x_it.o
                0x00000000000005c0                NMI_Handler
 .text.HardFault_Handler
                0x00000000000005c4        0x2 ./User/ch32v00x_it.o
                0x00000000000005c4                HardFault_Handler
 .text.startup.main
                0x00000000000005c6       0x4a ./User/main.o
                0x00000000000005c6                main
 .text.put_leds
                0x0000000000000610       0x1c ./User/my_misc.o
                0x0000000000000610                put_leds
 .text._set_nled
                0x000000000000062c       0x36 ./User/my_misc.o
                0x000000000000062c                _set_nled
 .text.put_bat_leds
                0x0000000000000662       0x20 ./User/my_misc.o
                0x0000000000000662                put_bat_leds
 .text.conv_adc_dat_led
                0x0000000000000682       0x32 ./User/my_misc.o
                0x0000000000000682                conv_adc_dat_led
 .text.put_adc_bat_leds
                0x00000000000006b4       0x10 ./User/my_misc.o
                0x00000000000006b4                put_adc_bat_leds
 .text.put_asd_leds
                0x00000000000006c4       0x10 ./User/my_misc.o
                0x00000000000006c4                put_asd_leds
 .text.SystemInit
                0x00000000000006d4       0x7e ./User/system_ch32v00x.o
                0x00000000000006d4                SystemInit
 .text.SystemCoreClockUpdate
                0x0000000000000752       0x66 ./User/system_ch32v00x.o
                0x0000000000000752                SystemCoreClockUpdate
 .text.TIM1_UP_IRQHandler
                0x00000000000007b8       0x30 ./User/timers.o
                0x00000000000007b8                TIM1_UP_IRQHandler
 .text.TIM1_Config
                0x00000000000007e8       0x66 ./User/timers.o
                0x00000000000007e8                TIM1_Config
 .text.TIM2_Config
                0x000000000000084e       0x62 ./User/timers.o
                0x000000000000084e                TIM2_Config
 .text.obr_timer2
                0x00000000000008b0       0x36 ./User/timers.o
                0x00000000000008b0                obr_timer2
 .text.TIM2_IRQHandler
                0x00000000000008e6       0x18 ./User/timers.o
                0x00000000000008e6                TIM2_IRQHandler
 .text.uart1_rx_handler
                0x00000000000008fe       0x30 ./User/uart.o
                0x00000000000008fe                uart1_rx_handler
 .text.uart_put_byte
                0x000000000000092e       0x1a ./User/uart.o
                0x000000000000092e                uart_put_byte
 .text.tx_send  0x0000000000000948        0xa ./User/uart.o
                0x0000000000000948                tx_send
 .text.obr_cmd  0x0000000000000952       0x5e ./User/uart.o
                0x0000000000000952                obr_cmd
 .text.get_dat  0x00000000000009b0        0xe ./User/uart.o
                0x00000000000009b0                get_dat
 .text.rx_rdy   0x00000000000009be       0x12 ./User/uart.o
                0x00000000000009be                rx_rdy
 .text.USART1_IRQHandler
                0x00000000000009d0       0x16 ./User/uart.o
                0x00000000000009d0                USART1_IRQHandler
 .text.vector_handler
                0x00000000000009e6       0x36 ./Startup/startup_ch32v00x.o
                0x00000000000009ea                SysTick_Handler
                0x00000000000009ec                SW_Handler
                0x00000000000009ee                WWDG_IRQHandler
                0x00000000000009f0                PVD_IRQHandler
                0x00000000000009f2                FLASH_IRQHandler
                0x00000000000009f4                RCC_IRQHandler
                0x00000000000009f6                EXTI7_0_IRQHandler
                0x00000000000009f8                AWU_IRQHandler
                0x00000000000009fa                DMA1_Channel1_IRQHandler
                0x00000000000009fc                DMA1_Channel2_IRQHandler
                0x00000000000009fe                DMA1_Channel3_IRQHandler
                0x0000000000000a00                DMA1_Channel4_IRQHandler
                0x0000000000000a02                DMA1_Channel5_IRQHandler
                0x0000000000000a04                DMA1_Channel6_IRQHandler
                0x0000000000000a06                DMA1_Channel7_IRQHandler
                0x0000000000000a0a                I2C1_EV_IRQHandler
                0x0000000000000a0c                I2C1_ER_IRQHandler
                0x0000000000000a10                SPI1_IRQHandler
                0x0000000000000a12                TIM1_BRK_IRQHandler
                0x0000000000000a16                TIM1_TRG_COM_IRQHandler
                0x0000000000000a18                TIM1_CC_IRQHandler
 .text.handle_reset
                0x0000000000000a1c       0x84 ./Startup/startup_ch32v00x.o
                0x0000000000000a1c                handle_reset
 .text.ADC_DeInit
                0x0000000000000aa0       0x26 ./Peripheral/src/ch32v00x_adc.o
                0x0000000000000aa0                ADC_DeInit
 .text.ADC_Init
                0x0000000000000ac6       0x4e ./Peripheral/src/ch32v00x_adc.o
                0x0000000000000ac6                ADC_Init
 .text.ADC_Cmd  0x0000000000000b14       0x10 ./Peripheral/src/ch32v00x_adc.o
                0x0000000000000b14                ADC_Cmd
 .text.ADC_ITConfig
                0x0000000000000b24       0x16 ./Peripheral/src/ch32v00x_adc.o
                0x0000000000000b24                ADC_ITConfig
 .text.ADC_ResetCalibration
                0x0000000000000b3a        0xa ./Peripheral/src/ch32v00x_adc.o
                0x0000000000000b3a                ADC_ResetCalibration
 .text.ADC_GetResetCalibrationStatus
                0x0000000000000b44        0x8 ./Peripheral/src/ch32v00x_adc.o
                0x0000000000000b44                ADC_GetResetCalibrationStatus
 .text.ADC_StartCalibration
                0x0000000000000b4c        0xa ./Peripheral/src/ch32v00x_adc.o
                0x0000000000000b4c                ADC_StartCalibration
 .text.ADC_GetCalibrationStatus
                0x0000000000000b56        0x8 ./Peripheral/src/ch32v00x_adc.o
                0x0000000000000b56                ADC_GetCalibrationStatus
 .text.ADC_SoftwareStartConvCmd
                0x0000000000000b5e       0x18 ./Peripheral/src/ch32v00x_adc.o
                0x0000000000000b5e                ADC_SoftwareStartConvCmd
 .text.ADC_GetConversionValue
                0x0000000000000b76        0x8 ./Peripheral/src/ch32v00x_adc.o
                0x0000000000000b76                ADC_GetConversionValue
 .text.ADC_AutoInjectedConvCmd
                0x0000000000000b7e       0x12 ./Peripheral/src/ch32v00x_adc.o
                0x0000000000000b7e                ADC_AutoInjectedConvCmd
 .text.ADC_InjectedChannelConfig
                0x0000000000000b90       0x7a ./Peripheral/src/ch32v00x_adc.o
                0x0000000000000b90                ADC_InjectedChannelConfig
 .text.ADC_GetITStatus
                0x0000000000000c0a       0x1c ./Peripheral/src/ch32v00x_adc.o
                0x0000000000000c0a                ADC_GetITStatus
 .text.ADC_ClearITPendingBit
                0x0000000000000c26        0xa ./Peripheral/src/ch32v00x_adc.o
                0x0000000000000c26                ADC_ClearITPendingBit
 .text.ADC_Calibration_Vol
                0x0000000000000c30       0x14 ./Peripheral/src/ch32v00x_adc.o
                0x0000000000000c30                ADC_Calibration_Vol
 .text.GPIO_Init
                0x0000000000000c44       0xd6 ./Peripheral/src/ch32v00x_gpio.o
                0x0000000000000c44                GPIO_Init
 .text.GPIO_WriteBit
                0x0000000000000d1a        0xa ./Peripheral/src/ch32v00x_gpio.o
                0x0000000000000d1a                GPIO_WriteBit
 .text.NVIC_PriorityGroupConfig
                0x0000000000000d24        0x6 ./Peripheral/src/ch32v00x_misc.o
                0x0000000000000d24                NVIC_PriorityGroupConfig
 .text.NVIC_Init
                0x0000000000000d2a       0xa6 ./Peripheral/src/ch32v00x_misc.o
                0x0000000000000d2a                NVIC_Init
 .text.RCC_ADCCLKConfig
                0x0000000000000dd0       0x14 ./Peripheral/src/ch32v00x_rcc.o
                0x0000000000000dd0                RCC_ADCCLKConfig
 .text.RCC_GetClocksFreq
                0x0000000000000de4       0x9c ./Peripheral/src/ch32v00x_rcc.o
                0x0000000000000de4                RCC_GetClocksFreq
 .text.RCC_APB2PeriphClockCmd
                0x0000000000000e80       0x1e ./Peripheral/src/ch32v00x_rcc.o
                0x0000000000000e80                RCC_APB2PeriphClockCmd
 .text.RCC_APB1PeriphClockCmd
                0x0000000000000e9e       0x1e ./Peripheral/src/ch32v00x_rcc.o
                0x0000000000000e9e                RCC_APB1PeriphClockCmd
 .text.RCC_APB2PeriphResetCmd
                0x0000000000000ebc       0x1e ./Peripheral/src/ch32v00x_rcc.o
                0x0000000000000ebc                RCC_APB2PeriphResetCmd
 .text.RCC_APB1PeriphResetCmd
                0x0000000000000eda       0x1e ./Peripheral/src/ch32v00x_rcc.o
                0x0000000000000eda                RCC_APB1PeriphResetCmd
 .text.TIM_DeInit
                0x0000000000000ef8       0x3c ./Peripheral/src/ch32v00x_tim.o
                0x0000000000000ef8                TIM_DeInit
 .text.TIM_TimeBaseInit
                0x0000000000000f34       0x4e ./Peripheral/src/ch32v00x_tim.o
                0x0000000000000f34                TIM_TimeBaseInit
 .text.TIM_Cmd  0x0000000000000f82       0x18 ./Peripheral/src/ch32v00x_tim.o
                0x0000000000000f82                TIM_Cmd
 .text.TIM_ITConfig
                0x0000000000000f9a       0x12 ./Peripheral/src/ch32v00x_tim.o
                0x0000000000000f9a                TIM_ITConfig
 .text.TIM_GetFlagStatus
                0x0000000000000fac        0xa ./Peripheral/src/ch32v00x_tim.o
                0x0000000000000fac                TIM_GetFlagStatus
 .text.TIM_GetITStatus
                0x0000000000000fb6       0x18 ./Peripheral/src/ch32v00x_tim.o
                0x0000000000000fb6                TIM_GetITStatus
 .text.TIM_ClearITPendingBit
                0x0000000000000fce        0xc ./Peripheral/src/ch32v00x_tim.o
                0x0000000000000fce                TIM_ClearITPendingBit
 .text.USART_Init
                0x0000000000000fda       0xcc ./Peripheral/src/ch32v00x_usart.o
                0x0000000000000fda                USART_Init
 .text.USART_Cmd
                0x00000000000010a6       0x16 ./Peripheral/src/ch32v00x_usart.o
                0x00000000000010a6                USART_Cmd
 .text.USART_ITConfig
                0x00000000000010bc       0x36 ./Peripheral/src/ch32v00x_usart.o
                0x00000000000010bc                USART_ITConfig
 .text.USART_HalfDuplexCmd
                0x00000000000010f2       0x18 ./Peripheral/src/ch32v00x_usart.o
                0x00000000000010f2                USART_HalfDuplexCmd
 .text.USART_GetITStatus
                0x000000000000110a       0x3c ./Peripheral/src/ch32v00x_usart.o
                0x000000000000110a                USART_GetITStatus
 .text.Delay_Init
                0x0000000000001146       0x34 ./Debug/debug.o
                0x0000000000001146                Delay_Init
 .text.__divsf3
                0x000000000000117a      0x30a c:/mounriver/mounriver_studio/toolchain/risc-v embedded gcc/bin/../lib/gcc/riscv-none-embed/8.2.0/rv32ecxw/ilp32e\libgcc.a(divsf3.o)
                0x000000000000117a                __divsf3
 .text.__fixunssfsi
                0x0000000000001484       0x56 c:/mounriver/mounriver_studio/toolchain/risc-v embedded gcc/bin/../lib/gcc/riscv-none-embed/8.2.0/rv32ecxw/ilp32e\libgcc.a(fixunssfsi.o)
                0x0000000000001484                __fixunssfsi
 .text.__floatunsisf
                0x00000000000014da       0xce c:/mounriver/mounriver_studio/toolchain/risc-v embedded gcc/bin/../lib/gcc/riscv-none-embed/8.2.0/rv32ecxw/ilp32e\libgcc.a(floatunsisf.o)
                0x00000000000014da                __floatunsisf
 .text.__clzsi2
                0x00000000000015a8       0x6e c:/mounriver/mounriver_studio/toolchain/risc-v embedded gcc/bin/../lib/gcc/riscv-none-embed/8.2.0/rv32ecxw/ilp32e\libgcc.a(_clzsi2.o)
                0x00000000000015a8                __clzsi2
 *(.rodata)
 *(.rodata*)
 *fill*         0x0000000000001616        0x2 
 .rodata.obr_adc_dat.cst4
                0x0000000000001618        0x4 ./User/adc.o
 .rodata.m_bat_leds
                0x000000000000161c        0x5 ./User/my_misc.o
                0x000000000000161c                m_bat_leds
 *fill*         0x0000000000001621        0x3 
 .rodata.AHBPrescTable
                0x0000000000001624       0x10 ./User/system_ch32v00x.o
                0x0000000000001624                AHBPrescTable
 .rodata.__divsf3
                0x0000000000001634       0x80 c:/mounriver/mounriver_studio/toolchain/risc-v embedded gcc/bin/../lib/gcc/riscv-none-embed/8.2.0/rv32ecxw/ilp32e\libgcc.a(divsf3.o)
 .rodata.__clz_tab
                0x00000000000016b4      0x100 c:/mounriver/mounriver_studio/toolchain/risc-v embedded gcc/bin/../lib/gcc/riscv-none-embed/8.2.0/rv32ecxw/ilp32e\libgcc.a(_clz.o)
                0x00000000000016b4                __clz_tab
 *(.gnu.linkonce.t.*)
                0x00000000000017b4                . = ALIGN (0x4)

.rela.dyn       0x00000000000017b4        0x0
 .rela.init     0x00000000000017b4        0x0 ./brd/brook_kbd_brd.o
 .rela.text.handle_reset
                0x00000000000017b4        0x0 ./brd/brook_kbd_brd.o

.fini           0x00000000000017b4        0x0
 *(SORT_NONE(.fini))
                0x00000000000017b4                . = ALIGN (0x4)
                [!provide]                        PROVIDE (_etext = .)
                [!provide]                        PROVIDE (_eitcm = .)

.preinit_array  0x00000000000017b4        0x0
                [!provide]                        PROVIDE (__preinit_array_start = .)
 *(.preinit_array)
                [!provide]                        PROVIDE (__preinit_array_end = .)

.init_array     0x00000000000017b4        0x0
                [!provide]                        PROVIDE (__init_array_start = .)
 *(SORT_BY_INIT_PRIORITY(.init_array.*) SORT_BY_INIT_PRIORITY(.ctors.*))
 *(.init_array EXCLUDE_FILE(*crtend?.o *crtend.o *crtbegin?.o *crtbegin.o) .ctors)
                [!provide]                        PROVIDE (__init_array_end = .)

.fini_array     0x00000000000017b4        0x0
                [!provide]                        PROVIDE (__fini_array_start = .)
 *(SORT_BY_INIT_PRIORITY(.fini_array.*) SORT_BY_INIT_PRIORITY(.dtors.*))
 *(.fini_array EXCLUDE_FILE(*crtend?.o *crtend.o *crtbegin?.o *crtbegin.o) .dtors)
                [!provide]                        PROVIDE (__fini_array_end = .)

.ctors
 *crtbegin.o(.ctors)
 *crtbegin?.o(.ctors)
 *(EXCLUDE_FILE(*crtend?.o *crtend.o) .ctors)
 *(SORT_BY_NAME(.ctors.*))
 *(.ctors)

.dtors
 *crtbegin.o(.dtors)
 *crtbegin?.o(.dtors)
 *(EXCLUDE_FILE(*crtend?.o *crtend.o) .dtors)
 *(SORT_BY_NAME(.dtors.*))
 *(.dtors)

.dalign         0x0000000020000000        0x0 load address 0x00000000000017b4
                0x0000000020000000                . = ALIGN (0x4)
                0x0000000020000000                PROVIDE (_data_vma = .)

.dlalign        0x00000000000017b4        0x0
                0x00000000000017b4                . = ALIGN (0x4)
                0x00000000000017b4                PROVIDE (_data_lma = .)

.data           0x0000000020000000       0x28 load address 0x00000000000017b4
                0x0000000020000000                . = ALIGN (0x4)
 *(.gnu.linkonce.r.*)
 *(.data .data.*)
 .data.SystemCoreClock
                0x0000000020000000        0x4 ./User/system_ch32v00x.o
                0x0000000020000000                SystemCoreClock
 .data.ADCPrescTable
                0x0000000020000004       0x14 ./Peripheral/src/ch32v00x_rcc.o
 .data.APBAHBPrescTable
                0x0000000020000018       0x10 ./Peripheral/src/ch32v00x_rcc.o
 *(.gnu.linkonce.d.*)
                0x0000000020000028                . = ALIGN (0x8)
                0x0000000020000828                PROVIDE (__global_pointer$ = (. + 0x800))
 *(.sdata .sdata.*)
 *(.sdata2*)
 *(.gnu.linkonce.s.*)
                0x0000000020000028                . = ALIGN (0x8)
 *(.srodata.cst16)
 *(.srodata.cst8)
 *(.srodata.cst4)
 *(.srodata.cst2)
 *(.srodata .srodata.*)
                0x0000000020000028                . = ALIGN (0x4)
                0x0000000020000028                PROVIDE (_edata = .)

.bss            0x0000000020000028       0x2c load address 0x00000000000017dc
                0x0000000020000028                . = ALIGN (0x4)
                0x0000000020000028                PROVIDE (_sbss = .)
 *(.sbss*)
 *(.gnu.linkonce.sb.*)
 *(.bss*)
 .bss.num_adc_dat
                0x0000000020000028        0x4 ./User/adc.o
                0x0000000020000028                num_adc_dat
 .bss.summ_adc_dat
                0x000000002000002c        0x4 ./User/adc.o
                0x000000002000002c                summ_adc_dat
 .bss.vtmp      0x0000000020000030        0x2 ./User/adc.o
                0x0000000020000030                vtmp
 .bss.asd_bat   0x0000000020000032        0x1 ./User/main.o
                0x0000000020000032                asd_bat
 *fill*         0x0000000020000033        0x1 
 .bss.cur_adc_dat
                0x0000000020000034        0x2 ./User/main.o
                0x0000000020000034                cur_adc_dat
 .bss.cur_cmd   0x0000000020000036        0x1 ./User/main.o
                0x0000000020000036                cur_cmd
 .bss.curr_asd  0x0000000020000037        0x1 ./User/my_misc.o
                0x0000000020000037                curr_asd
 .bss.cnt_bled.4157
                0x0000000020000038        0x1 ./User/timers.o
 *fill*         0x0000000020000039        0x3 
 .bss.cur_ms    0x000000002000003c        0x4 ./User/timers.o
 .bss.cur_led4  0x0000000020000040        0x1 ./User/uart.o
                0x0000000020000040                cur_led4
 *fill*         0x0000000020000041        0x3 
 .bss.rx_cmd    0x0000000020000044        0x5 ./User/uart.o
                0x0000000020000044                rx_cmd
 *fill*         0x0000000020000049        0x3 
 .bss.NVIC_Priority_Group
                0x000000002000004c        0x4 ./Peripheral/src/ch32v00x_misc.o
                0x000000002000004c                NVIC_Priority_Group
 .bss.p_ms      0x0000000020000050        0x2 ./Debug/debug.o
 .bss.p_us      0x0000000020000052        0x1 ./Debug/debug.o
 *(.gnu.linkonce.b.*)
 *(COMMON*)
                0x0000000020000054                . = ALIGN (0x4)
 *fill*         0x0000000020000053        0x1 
                0x0000000020000054                PROVIDE (_ebss = .)
                0x0000000020000054                PROVIDE (_end = _ebss)
                [!provide]                        PROVIDE (end = .)

.stack          0x0000000020000700      0x100
                0x0000000020000700                PROVIDE (_heap_end = .)
                0x0000000020000700                . = ALIGN (0x4)
                [!provide]                        PROVIDE (_susrstack = .)
                0x0000000020000800                . = (. + __stack_size)
 *fill*         0x0000000020000700      0x100 
                0x0000000020000800                PROVIDE (_eusrstack = .)
OUTPUT(brook_kbd.elf elf32-littleriscv)

.debug_info     0x0000000000000000    0x1006c
 .debug_info    0x0000000000000000     0x1146 ./brd/brook_kbd_brd.o
 .debug_info    0x0000000000001146     0x104e ./User/adc.o
 .debug_info    0x0000000000002194      0x962 ./User/ch32v00x_it.o
 .debug_info    0x0000000000002af6      0xbb4 ./User/main.o
 .debug_info    0x00000000000036aa     0x1007 ./User/my_misc.o
 .debug_info    0x00000000000046b1      0xbc0 ./User/system_ch32v00x.o
 .debug_info    0x0000000000005271     0x10f8 ./User/timers.o
 .debug_info    0x0000000000006369      0xd3d ./User/uart.o
 .debug_info    0x00000000000070a6       0x22 ./Startup/startup_ch32v00x.o
 .debug_info    0x00000000000070c8     0x1526 ./Peripheral/src/ch32v00x_adc.o
 .debug_info    0x00000000000085ee     0x103a ./Peripheral/src/ch32v00x_gpio.o
 .debug_info    0x0000000000009628      0xdda ./Peripheral/src/ch32v00x_misc.o
 .debug_info    0x000000000000a402     0x1063 ./Peripheral/src/ch32v00x_rcc.o
 .debug_info    0x000000000000b465     0x297f ./Peripheral/src/ch32v00x_tim.o
 .debug_info    0x000000000000dde4     0x1351 ./Peripheral/src/ch32v00x_usart.o
 .debug_info    0x000000000000f135      0xf37 ./Debug/debug.o

.debug_abbrev   0x0000000000000000     0x2c3c
 .debug_abbrev  0x0000000000000000      0x269 ./brd/brook_kbd_brd.o
 .debug_abbrev  0x0000000000000269      0x2e3 ./User/adc.o
 .debug_abbrev  0x000000000000054c      0x1cf ./User/ch32v00x_it.o
 .debug_abbrev  0x000000000000071b      0x2b0 ./User/main.o
 .debug_abbrev  0x00000000000009cb      0x328 ./User/my_misc.o
 .debug_abbrev  0x0000000000000cf3      0x269 ./User/system_ch32v00x.o
 .debug_abbrev  0x0000000000000f5c      0x2dc ./User/timers.o
 .debug_abbrev  0x0000000000001238      0x340 ./User/uart.o
 .debug_abbrev  0x0000000000001578       0x12 ./Startup/startup_ch32v00x.o
 .debug_abbrev  0x000000000000158a      0x307 ./Peripheral/src/ch32v00x_adc.o
 .debug_abbrev  0x0000000000001891      0x309 ./Peripheral/src/ch32v00x_gpio.o
 .debug_abbrev  0x0000000000001b9a      0x2fb ./Peripheral/src/ch32v00x_misc.o
 .debug_abbrev  0x0000000000001e95      0x36d ./Peripheral/src/ch32v00x_rcc.o
 .debug_abbrev  0x0000000000002202      0x408 ./Peripheral/src/ch32v00x_tim.o
 .debug_abbrev  0x000000000000260a      0x323 ./Peripheral/src/ch32v00x_usart.o
 .debug_abbrev  0x000000000000292d      0x30f ./Debug/debug.o

.debug_loc      0x0000000000000000     0x418f
 .debug_loc     0x0000000000000000      0x108 ./brd/brook_kbd_brd.o
 .debug_loc     0x0000000000000108       0x4a ./User/adc.o
 .debug_loc     0x0000000000000152       0x42 ./User/main.o
 .debug_loc     0x0000000000000194      0x560 ./User/my_misc.o
 .debug_loc     0x00000000000006f4       0x55 ./User/system_ch32v00x.o
 .debug_loc     0x0000000000000749      0x109 ./User/uart.o
 .debug_loc     0x0000000000000852      0x9fa ./Peripheral/src/ch32v00x_adc.o
 .debug_loc     0x000000000000124c      0x6cf ./Peripheral/src/ch32v00x_gpio.o
 .debug_loc     0x000000000000191b       0xce ./Peripheral/src/ch32v00x_misc.o
 .debug_loc     0x00000000000019e9      0x59f ./Peripheral/src/ch32v00x_rcc.o
 .debug_loc     0x0000000000001f88     0x1936 ./Peripheral/src/ch32v00x_tim.o
 .debug_loc     0x00000000000038be      0x735 ./Peripheral/src/ch32v00x_usart.o
 .debug_loc     0x0000000000003ff3      0x19c ./Debug/debug.o

.debug_aranges  0x0000000000000000      0x9a0
 .debug_aranges
                0x0000000000000000       0x70 ./brd/brook_kbd_brd.o
 .debug_aranges
                0x0000000000000070       0x38 ./User/adc.o
 .debug_aranges
                0x00000000000000a8       0x28 ./User/ch32v00x_it.o
 .debug_aranges
                0x00000000000000d0       0x20 ./User/main.o
 .debug_aranges
                0x00000000000000f0       0xb0 ./User/my_misc.o
 .debug_aranges
                0x00000000000001a0       0x28 ./User/system_ch32v00x.o
 .debug_aranges
                0x00000000000001c8       0x48 ./User/timers.o
 .debug_aranges
                0x0000000000000210       0x60 ./User/uart.o
 .debug_aranges
                0x0000000000000270       0x30 ./Startup/startup_ch32v00x.o
 .debug_aranges
                0x00000000000002a0      0x138 ./Peripheral/src/ch32v00x_adc.o
 .debug_aranges
                0x00000000000003d8       0x98 ./Peripheral/src/ch32v00x_gpio.o
 .debug_aranges
                0x0000000000000470       0x28 ./Peripheral/src/ch32v00x_misc.o
 .debug_aranges
                0x0000000000000498       0xe0 ./Peripheral/src/ch32v00x_rcc.o
 .debug_aranges
                0x0000000000000578      0x2d8 ./Peripheral/src/ch32v00x_tim.o
 .debug_aranges
                0x0000000000000850      0x100 ./Peripheral/src/ch32v00x_usart.o
 .debug_aranges
                0x0000000000000950       0x50 ./Debug/debug.o

.debug_ranges   0x0000000000000000      0x908
 .debug_ranges  0x0000000000000000       0x60 ./brd/brook_kbd_brd.o
 .debug_ranges  0x0000000000000060       0x28 ./User/adc.o
 .debug_ranges  0x0000000000000088       0x18 ./User/ch32v00x_it.o
 .debug_ranges  0x00000000000000a0       0x10 ./User/main.o
 .debug_ranges  0x00000000000000b0       0xa0 ./User/my_misc.o
 .debug_ranges  0x0000000000000150       0x18 ./User/system_ch32v00x.o
 .debug_ranges  0x0000000000000168       0x38 ./User/timers.o
 .debug_ranges  0x00000000000001a0       0x50 ./User/uart.o
 .debug_ranges  0x00000000000001f0       0x28 ./Startup/startup_ch32v00x.o
 .debug_ranges  0x0000000000000218      0x128 ./Peripheral/src/ch32v00x_adc.o
 .debug_ranges  0x0000000000000340       0x88 ./Peripheral/src/ch32v00x_gpio.o
 .debug_ranges  0x00000000000003c8       0x48 ./Peripheral/src/ch32v00x_misc.o
 .debug_ranges  0x0000000000000410       0xd0 ./Peripheral/src/ch32v00x_rcc.o
 .debug_ranges  0x00000000000004e0      0x2f8 ./Peripheral/src/ch32v00x_tim.o
 .debug_ranges  0x00000000000007d8       0xf0 ./Peripheral/src/ch32v00x_usart.o
 .debug_ranges  0x00000000000008c8       0x40 ./Debug/debug.o

.debug_line     0x0000000000000000     0xad3d
 .debug_line    0x0000000000000000      0x991 ./brd/brook_kbd_brd.o
 .debug_line    0x0000000000000991      0x65f ./User/adc.o
 .debug_line    0x0000000000000ff0      0x226 ./User/ch32v00x_it.o
 .debug_line    0x0000000000001216      0x474 ./User/main.o
 .debug_line    0x000000000000168a      0xa61 ./User/my_misc.o
 .debug_line    0x00000000000020eb      0x447 ./User/system_ch32v00x.o
 .debug_line    0x0000000000002532      0x617 ./User/timers.o
 .debug_line    0x0000000000002b49      0x639 ./User/uart.o
 .debug_line    0x0000000000003182      0x1ae ./Startup/startup_ch32v00x.o
 .debug_line    0x0000000000003330     0x1431 ./Peripheral/src/ch32v00x_adc.o
 .debug_line    0x0000000000004761      0xd10 ./Peripheral/src/ch32v00x_gpio.o
 .debug_line    0x0000000000005471      0x4c0 ./Peripheral/src/ch32v00x_misc.o
 .debug_line    0x0000000000005931      0xd5b ./Peripheral/src/ch32v00x_rcc.o
 .debug_line    0x000000000000668c     0x304e ./Peripheral/src/ch32v00x_tim.o
 .debug_line    0x00000000000096da      0xefd ./Peripheral/src/ch32v00x_usart.o
 .debug_line    0x000000000000a5d7      0x766 ./Debug/debug.o

.debug_str      0x0000000000000000     0x29f4
 .debug_str     0x0000000000000000      0x893 ./brd/brook_kbd_brd.o
                                        0x91d (size before relaxing)
 .debug_str     0x0000000000000893      0x4f3 ./User/adc.o
                                        0xaf0 (size before relaxing)
 .debug_str     0x0000000000000d86       0x34 ./User/ch32v00x_it.o
                                        0x5af (size before relaxing)
 .debug_str     0x0000000000000dba       0xc3 ./User/main.o
                                        0x6b3 (size before relaxing)
 .debug_str     0x0000000000000e7d      0x117 ./User/my_misc.o
                                        0x74c (size before relaxing)
 .debug_str     0x0000000000000f94       0xd5 ./User/system_ch32v00x.o
                                        0x6dc (size before relaxing)
 .debug_str     0x0000000000001069      0x235 ./User/timers.o
                                        0xb01 (size before relaxing)
 .debug_str     0x000000000000129e       0x7f ./User/uart.o
                                        0x738 (size before relaxing)
 .debug_str     0x000000000000131d       0x2a ./Startup/startup_ch32v00x.o
                                         0x5d (size before relaxing)
 .debug_str     0x0000000000001347      0x36b ./Peripheral/src/ch32v00x_adc.o
                                        0xb83 (size before relaxing)
 .debug_str     0x00000000000016b2      0x1ba ./Peripheral/src/ch32v00x_gpio.o
                                        0x942 (size before relaxing)
 .debug_str     0x000000000000186c       0xf1 ./Peripheral/src/ch32v00x_misc.o
                                        0x90b (size before relaxing)
 .debug_str     0x000000000000195d      0x2d6 ./Peripheral/src/ch32v00x_rcc.o
                                        0x9aa (size before relaxing)
 .debug_str     0x0000000000001c33      0x9f2 ./Peripheral/src/ch32v00x_tim.o
                                       0x1264 (size before relaxing)
 .debug_str     0x0000000000002625      0x338 ./Peripheral/src/ch32v00x_usart.o
                                        0xaf9 (size before relaxing)
 .debug_str     0x000000000000295d       0x97 ./Debug/debug.o
                                        0x900 (size before relaxing)

.comment        0x0000000000000000       0x33
 .comment       0x0000000000000000       0x33 ./brd/brook_kbd_brd.o
                                         0x34 (size before relaxing)
 .comment       0x0000000000000033       0x34 ./User/adc.o
 .comment       0x0000000000000033       0x34 ./User/ch32v00x_it.o
 .comment       0x0000000000000033       0x34 ./User/main.o
 .comment       0x0000000000000033       0x34 ./User/my_misc.o
 .comment       0x0000000000000033       0x34 ./User/system_ch32v00x.o
 .comment       0x0000000000000033       0x34 ./User/timers.o
 .comment       0x0000000000000033       0x34 ./User/uart.o
 .comment       0x0000000000000033       0x34 ./Peripheral/src/ch32v00x_adc.o
 .comment       0x0000000000000033       0x34 ./Peripheral/src/ch32v00x_gpio.o
 .comment       0x0000000000000033       0x34 ./Peripheral/src/ch32v00x_misc.o
 .comment       0x0000000000000033       0x34 ./Peripheral/src/ch32v00x_rcc.o
 .comment       0x0000000000000033       0x34 ./Peripheral/src/ch32v00x_tim.o
 .comment       0x0000000000000033       0x34 ./Peripheral/src/ch32v00x_usart.o
 .comment       0x0000000000000033       0x34 ./Debug/debug.o

.debug_frame    0x0000000000000000     0x156c
 .debug_frame   0x0000000000000000      0x158 ./brd/brook_kbd_brd.o
 .debug_frame   0x0000000000000158       0x84 ./User/adc.o
 .debug_frame   0x00000000000001dc       0x30 ./User/ch32v00x_it.o
 .debug_frame   0x000000000000020c       0x2c ./User/main.o
 .debug_frame   0x0000000000000238      0x214 ./User/my_misc.o
 .debug_frame   0x000000000000044c       0x40 ./User/system_ch32v00x.o
 .debug_frame   0x000000000000048c       0xb0 ./User/timers.o
 .debug_frame   0x000000000000053c       0xbc ./User/uart.o
 .debug_frame   0x00000000000005f8      0x26c ./Peripheral/src/ch32v00x_adc.o
 .debug_frame   0x0000000000000864      0x150 ./Peripheral/src/ch32v00x_gpio.o
 .debug_frame   0x00000000000009b4       0x30 ./Peripheral/src/ch32v00x_misc.o
 .debug_frame   0x00000000000009e4      0x1c0 ./Peripheral/src/ch32v00x_rcc.o
 .debug_frame   0x0000000000000ba4      0x624 ./Peripheral/src/ch32v00x_tim.o
 .debug_frame   0x00000000000011c8      0x204 ./Peripheral/src/ch32v00x_usart.o
 .debug_frame   0x00000000000013cc       0xe4 ./Debug/debug.o
 .debug_frame   0x00000000000014b0       0x38 c:/mounriver/mounriver_studio/toolchain/risc-v embedded gcc/bin/../lib/gcc/riscv-none-embed/8.2.0/rv32ecxw/ilp32e\libgcc.a(divsf3.o)
 .debug_frame   0x00000000000014e8       0x20 c:/mounriver/mounriver_studio/toolchain/risc-v embedded gcc/bin/../lib/gcc/riscv-none-embed/8.2.0/rv32ecxw/ilp32e\libgcc.a(fixunssfsi.o)
 .debug_frame   0x0000000000001508       0x44 c:/mounriver/mounriver_studio/toolchain/risc-v embedded gcc/bin/../lib/gcc/riscv-none-embed/8.2.0/rv32ecxw/ilp32e\libgcc.a(floatunsisf.o)
 .debug_frame   0x000000000000154c       0x20 c:/mounriver/mounriver_studio/toolchain/risc-v embedded gcc/bin/../lib/gcc/riscv-none-embed/8.2.0/rv32ecxw/ilp32e\libgcc.a(_clzsi2.o)
