Archive member included to satisfy reference by file (symbol)

c:/mounriver/mounriver_studio/toolchain/risc-v embedded gcc/bin/../lib/gcc/riscv-none-embed/8.2.0/rv32ecxw/ilp32e\libgcc.a(divsf3.o)
                              ./User/adc.o (__divsf3)
c:/mounriver/mounriver_studio/toolchain/risc-v embedded gcc/bin/../lib/gcc/riscv-none-embed/8.2.0/rv32ecxw/ilp32e\libgcc.a(fixunssfsi.o)
                              ./User/adc.o (__fixunssfsi)
c:/mounriver/mounriver_studio/toolchain/risc-v embedded gcc/bin/../lib/gcc/riscv-none-embed/8.2.0/rv32ecxw/ilp32e\libgcc.a(floatunsisf.o)
                              ./User/adc.o (__floatunsisf)
c:/mounriver/mounriver_studio/toolchain/risc-v embedded gcc/bin/../lib/gcc/riscv-none-embed/8.2.0/rv32ecxw/ilp32e\libgcc.a(save-restore.o)
                              ./brd/rook_u3_key_brd.o (__riscv_save_2)
c:/mounriver/mounriver_studio/toolchain/risc-v embedded gcc/bin/../lib/gcc/riscv-none-embed/8.2.0/rv32ecxw/ilp32e\libgcc.a(muldi3.o)
                              ./Debug/debug.o (__mulsi3)
c:/mounriver/mounriver_studio/toolchain/risc-v embedded gcc/bin/../lib/gcc/riscv-none-embed/8.2.0/rv32ecxw/ilp32e\libgcc.a(div.o)
                              ./User/my_misc.o (__divsi3)
c:/mounriver/mounriver_studio/toolchain/risc-v embedded gcc/bin/../lib/gcc/riscv-none-embed/8.2.0/rv32ecxw/ilp32e\libgcc.a(_clzsi2.o)
                              c:/mounriver/mounriver_studio/toolchain/risc-v embedded gcc/bin/../lib/gcc/riscv-none-embed/8.2.0/rv32ecxw/ilp32e\libgcc.a(divsf3.o) (__clzsi2)
c:/mounriver/mounriver_studio/toolchain/risc-v embedded gcc/bin/../lib/gcc/riscv-none-embed/8.2.0/rv32ecxw/ilp32e\libgcc.a(_clz.o)
                              c:/mounriver/mounriver_studio/toolchain/risc-v embedded gcc/bin/../lib/gcc/riscv-none-embed/8.2.0/rv32ecxw/ilp32e\libgcc.a(_clzsi2.o) (__clz_tab)
c:/mounriver/mounriver_studio/toolchain/risc-v embedded gcc/bin/../lib/gcc/riscv-none-embed/8.2.0/../../../../riscv-none-embed/lib/rv32ecxw/ilp32e\libg_nano.a(lib_a-memcpy.o)
                              ./User/uart.o (memcpy)
c:/mounriver/mounriver_studio/toolchain/risc-v embedded gcc/bin/../lib/gcc/riscv-none-embed/8.2.0/../../../../riscv-none-embed/lib/rv32ecxw/ilp32e\libg_nano.a(lib_a-memset.o)
                              ./User/adc.o (memset)
c:/mounriver/mounriver_studio/toolchain/risc-v embedded gcc/bin/../lib/gcc/riscv-none-embed/8.2.0/../../../../riscv-none-embed/lib/rv32ecxw/ilp32e\libg_nano.a(lib_a-strcpy.o)
                              ./User/uart.o (strcpy)
c:/mounriver/mounriver_studio/toolchain/risc-v embedded gcc/bin/../lib/gcc/riscv-none-embed/8.2.0/../../../../riscv-none-embed/lib/rv32ecxw/ilp32e\libg_nano.a(lib_a-strlen.o)
                              ./User/uart.o (strlen)

Discarded input sections

 .text          0x0000000000000000        0x0 ./brd/rook_u3_key_brd.o
 .data          0x0000000000000000        0x0 ./brd/rook_u3_key_brd.o
 .bss           0x0000000000000000        0x0 ./brd/rook_u3_key_brd.o
 .text          0x0000000000000000        0x0 ./User/adc.o
 .data          0x0000000000000000        0x0 ./User/adc.o
 .bss           0x0000000000000000        0x0 ./User/adc.o
 .text          0x0000000000000000        0x0 ./User/ch32v00x_it.o
 .data          0x0000000000000000        0x0 ./User/ch32v00x_it.o
 .bss           0x0000000000000000        0x0 ./User/ch32v00x_it.o
 .text          0x0000000000000000        0x0 ./User/main.o
 .data          0x0000000000000000        0x0 ./User/main.o
 .bss           0x0000000000000000        0x0 ./User/main.o
 .bss.val       0x0000000000000000        0x1 ./User/main.o
 .text          0x0000000000000000        0x0 ./User/my_misc.o
 .data          0x0000000000000000        0x0 ./User/my_misc.o
 .bss           0x0000000000000000        0x0 ./User/my_misc.o
 .text.delay_ms
                0x0000000000000000       0x16 ./User/my_misc.o
 .text._off_vibro
                0x0000000000000000       0x1a ./User/my_misc.o
 .text._set_nled
                0x0000000000000000       0x58 ./User/my_misc.o
 .text._put_adc_bat_leds
                0x0000000000000000       0x20 ./User/my_misc.o
 .text.put_asd_leds
                0x0000000000000000       0x22 ./User/my_misc.o
 .text.vallid_char
                0x0000000000000000       0x24 ./User/my_misc.o
 .text.str_to_word
                0x0000000000000000       0x2c ./User/my_misc.o
 .text.hex_byte_to_str
                0x0000000000000000       0x32 ./User/my_misc.o
 .text.hex_word_to_str
                0x0000000000000000       0x3c ./User/my_misc.o
 .bss.curr_asd  0x0000000000000000        0x1 ./User/my_misc.o
 .text          0x0000000000000000        0x0 ./User/obr_button.o
 .data          0x0000000000000000        0x0 ./User/obr_button.o
 .bss           0x0000000000000000        0x0 ./User/obr_button.o
 .text          0x0000000000000000        0x0 ./User/obr_cmd.o
 .data          0x0000000000000000        0x0 ./User/obr_cmd.o
 .bss           0x0000000000000000        0x0 ./User/obr_cmd.o
[...]
Memory Configuration

Name             Origin             Length             Attributes
FLASH            0x0000000000000000 0x0000000000004000 xr
RAM              0x0000000020000000 0x0000000000000800 xrw
*default*        0x0000000000000000 0xffffffffffffffff

Linker script and memory map

LOAD ./brd/rook_u3_key_brd.o
LOAD ./User/adc.o
LOAD ./User/ch32v00x_it.o
LOAD ./User/main.o
LOAD ./User/my_misc.o
LOAD ./User/obr_button.o
LOAD ./User/obr_cmd.o
LOAD ./User/system_ch32v00x.o
LOAD ./User/timers.o
LOAD ./User/uart.o
LOAD ./User/zzz.o
LOAD ./Startup/startup_ch32v00x.o
LOAD ./Peripheral/src/ch32v00x_adc.o
LOAD ./Peripheral/src/ch32v00x_dbgmcu.o
LOAD ./Peripheral/src/ch32v00x_dma.o
LOAD ./Peripheral/src/ch32v00x_exti.o
LOAD ./Peripheral/src/ch32v00x_flash.o
LOAD ./Peripheral/src/ch32v00x_gpio.o
LOAD ./Peripheral/src/ch32v00x_i2c.o
LOAD ./Peripheral/src/ch32v00x_iwdg.o
LOAD ./Peripheral/src/ch32v00x_misc.o
LOAD ./Peripheral/src/ch32v00x_opa.o
LOAD ./Peripheral/src/ch32v00x_pwr.o
LOAD ./Peripheral/src/ch32v00x_rcc.o
LOAD ./Peripheral/src/ch32v00x_spi.o
LOAD ./Peripheral/src/ch32v00x_tim.o
LOAD ./Peripheral/src/ch32v00x_usart.o
LOAD ./Peripheral/src/ch32v00x_wwdg.o
LOAD ./Debug/debug.o
LOAD ./Core/core_riscv.o
LOAD c:/mounriver/mounriver_studio/toolchain/risc-v embedded gcc/bin/../lib/gcc/riscv-none-embed/8.2.0/../../../../riscv-none-embed/lib/rv32ecxw/ilp32e\libprintf.a
LOAD c:/mounriver/mounriver_studio/toolchain/risc-v embedded gcc/bin/../lib/gcc/riscv-none-embed/8.2.0/rv32ecxw/ilp32e\libgcc.a
LOAD c:/mounriver/mounriver_studio/toolchain/risc-v embedded gcc/bin/../lib/gcc/riscv-none-embed/8.2.0/../../../../riscv-none-embed/lib/rv32ecxw/ilp32e\libg_nano.a
LOAD c:/mounriver/mounriver_studio/toolchain/risc-v embedded gcc/bin/../lib/gcc/riscv-none-embed/8.2.0/../../../../riscv-none-embed/lib/rv32ecxw/ilp32e\libc_nano.a
LOAD c:/mounriver/mounriver_studio/toolchain/risc-v embedded gcc/bin/../lib/gcc/riscv-none-embed/8.2.0/rv32ecxw/ilp32e\libgcc.a
START GROUP
LOAD c:/mounriver/mounriver_studio/toolchain/risc-v embedded gcc/bin/../lib/gcc/riscv-none-embed/8.2.0/rv32ecxw/ilp32e\libgcc.a
LOAD c:/mounriver/mounriver_studio/toolchain/risc-v embedded gcc/bin/../lib/gcc/riscv-none-embed/8.2.0/../../../../riscv-none-embed/lib/rv32ecxw/ilp32e\libc_nano.a
LOAD c:/mounriver/mounriver_studio/toolchain/risc-v embedded gcc/bin/../lib/gcc/riscv-none-embed/8.2.0/../../../../riscv-none-embed/lib/rv32ecxw/ilp32e\libnosys.a
END GROUP
START GROUP
LOAD c:/mounriver/mounriver_studio/toolchain/risc-v embedded gcc/bin/../lib/gcc/riscv-none-embed/8.2.0/rv32ecxw/ilp32e\libgcc.a
LOAD c:/mounriver/mounriver_studio/toolchain/risc-v embedded gcc/bin/../lib/gcc/riscv-none-embed/8.2.0/../../../../riscv-none-embed/lib/rv32ecxw/ilp32e\libc_nano.a
LOAD c:/mounriver/mounriver_studio/toolchain/risc-v embedded gcc/bin/../lib/gcc/riscv-none-embed/8.2.0/../../../../riscv-none-embed/lib/rv32ecxw/ilp32e\libnosys.a
END GROUP
                0x0000000000000100                __stack_size = 0x100
                [!provide]                        PROVIDE (_stack_size = __stack_size)

.init           0x0000000000000000       0xa0
                0x0000000000000000                _sinit = .
                0x0000000000000000                . = ALIGN (0x4)
 *(SORT_NONE(.init))
 .init          0x0000000000000000       0x9e ./Startup/startup_ch32v00x.o
                0x0000000000000000                _start
                0x00000000000000a0                . = ALIGN (0x4)
 *fill*         0x000000000000009e        0x2 
                0x00000000000000a0                _einit = .

.text           0x00000000000000a0     0x1b2c
                0x00000000000000a0                . = ALIGN (0x4)
 *(.text)
 .text          0x00000000000000a0       0x14 c:/mounriver/mounriver_studio/toolchain/risc-v embedded gcc/bin/../lib/gcc/riscv-none-embed/8.2.0/rv32ecxw/ilp32e\libgcc.a(save-restore.o)
                0x00000000000000a0                __riscv_save_1
                0x00000000000000a0                __riscv_save_2
                0x00000000000000a0                __riscv_save_0
                0x00000000000000aa                __riscv_restore_0
                0x00000000000000aa                __riscv_restore_1
                0x00000000000000aa                __riscv_restore_2
 .text          0x00000000000000b4       0x16 c:/mounriver/mounriver_studio/toolchain/risc-v embedded gcc/bin/../lib/gcc/riscv-none-embed/8.2.0/rv32ecxw/ilp32e\libgcc.a(muldi3.o)
                0x00000000000000b4                __mulsi3
 *fill*         0x00000000000000ca        0x2 
 .text          0x00000000000000cc       0x7e c:/mounriver/mounriver_studio/toolchain/risc-v embedded gcc/bin/../lib/gcc/riscv-none-embed/8.2.0/rv32ecxw/ilp32e\libgcc.a(div.o)
                0x00000000000000cc                __divsi3
                0x00000000000000d4                __udivsi3
                0x0000000000000100                __umodsi3
                0x0000000000000124                __modsi3
 .text          0x000000000000014a       0xa8 c:/mounriver/mounriver_studio/toolchain/risc-v embedded gcc/bin/../lib/gcc/riscv-none-embed/8.2.0/../../../../riscv-none-embed/lib/rv32ecxw/ilp32e\libg_nano.a(lib_a-memset.o)
                0x000000000000014a                memset
 *(.text.*)
 .text.init_gpio
                0x00000000000001f2      0x11c ./brd/rook_u3_key_brd.o
                0x00000000000001f2                init_gpio
 .text.set_led0
                0x000000000000030e       0x18 ./brd/rook_u3_key_brd.o
                0x000000000000030e                set_led0
 .text.set_led1
                0x0000000000000326       0x1a ./brd/rook_u3_key_brd.o
                0x0000000000000326                set_led1
 .text.set_led2
                0x0000000000000340       0x1a ./brd/rook_u3_key_brd.o
                0x0000000000000340                set_led2
 .text.set_led3
                0x000000000000035a       0x1a ./brd/rook_u3_key_brd.o
                0x000000000000035a                set_led3
 .text.set_led4
                0x0000000000000374       0x18 ./brd/rook_u3_key_brd.o
                0x0000000000000374                set_led4
 .text.on_pow_stm8
                0x000000000000038c       0x18 ./brd/rook_u3_key_brd.o
                0x000000000000038c                on_pow_stm8
 .text.on_pow   0x00000000000003a4       0x1c ./brd/rook_u3_key_brd.o
                0x00000000000003a4                on_pow
 .text.onoff_rst
                0x00000000000003c0       0x1c ./brd/rook_u3_key_brd.o
                0x00000000000003c0                onoff_rst
 .text.onoff_vibro
                0x00000000000003dc       0x18 ./brd/rook_u3_key_brd.o
                0x00000000000003dc                onoff_vibro
 .text.onoff_pow_gen
                0x00000000000003f4       0x1c ./brd/rook_u3_key_brd.o
                0x00000000000003f4                onoff_pow_gen
 .text.get_key  0x0000000000000410        0xc ./brd/rook_u3_key_brd.o
                0x0000000000000410                get_key
 .text.USARTx_CFG
                0x000000000000041c       0xaa ./brd/rook_u3_key_brd.o
                0x000000000000041c                USARTx_CFG
 .text.init_hw  0x00000000000004c6       0x14 ./brd/rook_u3_key_brd.o
                0x00000000000004c6                init_hw
 .text.adc_init
                0x00000000000004da       0xdc ./User/adc.o
                0x00000000000004da                adc_init
 .text.hnd_adc  0x00000000000005b6       0x2a ./User/adc.o
                0x00000000000005b6                hnd_adc
 .text.obr_adc_dat
                0x00000000000005e0       0x3c ./User/adc.o
                0x00000000000005e0                obr_adc_dat
 .text.ADC1_IRQHandler
                0x000000000000061c       0x28 ./User/adc.o
                0x000000000000061c                ADC1_IRQHandler
 .text.NMI_Handler
                0x0000000000000644        0x4 ./User/ch32v00x_it.o
                0x0000000000000644                NMI_Handler
 .text.HardFault_Handler
                0x0000000000000648        0x2 ./User/ch32v00x_it.o
                0x0000000000000648                HardFault_Handler
 .text.startup.main
                0x000000000000064a       0x6c ./User/main.o
                0x000000000000064a                main
 .text.vdelay   0x00000000000006b6        0xe ./User/my_misc.o
                0x00000000000006b6                vdelay
 .text.set_vibro
                0x00000000000006c4       0x20 ./User/my_misc.o
                0x00000000000006c4                set_vibro
 .text.put_leds
                0x00000000000006e4       0x1e ./User/my_misc.o
                0x00000000000006e4                put_leds
 .text.put_bat_leds
                0x0000000000000702       0x22 ./User/my_misc.o
                0x0000000000000702                put_bat_leds
 .text.conv_adc_dat_led
                0x0000000000000724       0x2a ./User/my_misc.o
                0x0000000000000724                conv_adc_dat_led
 .text.put_adc_bat_leds
                0x000000000000074e       0x10 ./User/my_misc.o
                0x000000000000074e                put_adc_bat_leds
 .text.char_to_hex
                0x000000000000075e       0x46 ./User/my_misc.o
                0x000000000000075e                char_to_hex
 .text.str_to_byte
                0x00000000000007a4       0x26 ./User/my_misc.o
                0x00000000000007a4                str_to_byte
 .text.str_to_half
                0x00000000000007ca       0x24 ./User/my_misc.o
                0x00000000000007ca                str_to_half
 .text.nibl_to_char
                0x00000000000007ee       0x14 ./User/my_misc.o
                0x00000000000007ee                nibl_to_char
 .text.hex_half_to_str
                0x0000000000000802       0x30 ./User/my_misc.o
                0x0000000000000802                hex_half_to_str
 .text.obr_end_wait_key
                0x0000000000000832       0x56 ./User/obr_button.o
                0x0000000000000832                obr_end_wait_key
 .text.obr_butt
                0x0000000000000888       0xd6 ./User/obr_button.o
                0x0000000000000888                obr_butt
 .text.SystemInit
                0x000000000000095e       0x7e ./User/system_ch32v00x.o
                0x000000000000095e                SystemInit
 .text.SystemCoreClockUpdate
                0x00000000000009dc       0x66 ./User/system_ch32v00x.o
                0x00000000000009dc                SystemCoreClockUpdate
 .text.get_curr_ms
                0x0000000000000a42        0x6 ./User/timers.o
                0x0000000000000a42                get_curr_ms
 .text.TIM1_UP_IRQHandler
                0x0000000000000a48       0x30 ./User/timers.o
                0x0000000000000a48                TIM1_UP_IRQHandler
 .text.TIM1_Config
                0x0000000000000a78       0x68 ./User/timers.o
                0x0000000000000a78                TIM1_Config
 .text.TIM2_Config
                0x0000000000000ae0       0x5a ./User/timers.o
                0x0000000000000ae0                TIM2_Config
 .text.obr_timer2
                0x0000000000000b3a       0x24 ./User/timers.o
                0x0000000000000b3a                obr_timer2
 .text.TIM2_IRQHandler
                0x0000000000000b5e       0x18 ./User/timers.o
                0x0000000000000b5e                TIM2_IRQHandler
 .text.uart1_rx_handler
                0x0000000000000b76       0x54 ./User/uart.o
                0x0000000000000b76                uart1_rx_handler
 .text.uart_put_byte
                0x0000000000000bca       0x1a ./User/uart.o
                0x0000000000000bca                uart_put_byte
 .text.tx_send  0x0000000000000be4       0x26 ./User/uart.o
                0x0000000000000be4                tx_send
 .text.obr_uart_cmd
                0x0000000000000c0a       0xb8 ./User/uart.o
                0x0000000000000c0a                obr_uart_cmd
 .text.USART1_IRQHandler
                0x0000000000000cc2       0x16 ./User/uart.o
                0x0000000000000cc2                USART1_IRQHandler
 .text.vector_handler
                0x0000000000000cd8       0x36 ./Startup/startup_ch32v00x.o
                0x0000000000000cdc                SysTick_Handler
                0x0000000000000cde                SW_Handler
                0x0000000000000ce0                WWDG_IRQHandler
                0x0000000000000ce2                PVD_IRQHandler
                0x0000000000000ce4                FLASH_IRQHandler
                0x0000000000000ce6                RCC_IRQHandler
                0x0000000000000ce8                EXTI7_0_IRQHandler
                0x0000000000000cea                AWU_IRQHandler
                0x0000000000000cec                DMA1_Channel1_IRQHandler
                0x0000000000000cee                DMA1_Channel2_IRQHandler
                0x0000000000000cf0                DMA1_Channel3_IRQHandler
                0x0000000000000cf2                DMA1_Channel4_IRQHandler
                0x0000000000000cf4                DMA1_Channel5_IRQHandler
                0x0000000000000cf6                DMA1_Channel6_IRQHandler
                0x0000000000000cf8                DMA1_Channel7_IRQHandler
                0x0000000000000cfc                I2C1_EV_IRQHandler
                0x0000000000000cfe                I2C1_ER_IRQHandler
                0x0000000000000d02                SPI1_IRQHandler
                0x0000000000000d04                TIM1_BRK_IRQHandler
                0x0000000000000d08                TIM1_TRG_COM_IRQHandler
                0x0000000000000d0a                TIM1_CC_IRQHandler
 .text.handle_reset
                0x0000000000000d0e       0x84 ./Startup/startup_ch32v00x.o
                0x0000000000000d0e                handle_reset
 .text.ADC_DeInit
                0x0000000000000d92       0x26 ./Peripheral/src/ch32v00x_adc.o
                0x0000000000000d92                ADC_DeInit
 .text.ADC_Init
                0x0000000000000db8       0x4e ./Peripheral/src/ch32v00x_adc.o
                0x0000000000000db8                ADC_Init
 .text.ADC_Cmd  0x0000000000000e06       0x10 ./Peripheral/src/ch32v00x_adc.o
                0x0000000000000e06                ADC_Cmd
 .text.ADC_ITConfig
                0x0000000000000e16       0x16 ./Peripheral/src/ch32v00x_adc.o
                0x0000000000000e16                ADC_ITConfig
 .text.ADC_ResetCalibration
                0x0000000000000e2c        0xa ./Peripheral/src/ch32v00x_adc.o
                0x0000000000000e2c                ADC_ResetCalibration
 .text.ADC_GetResetCalibrationStatus
                0x0000000000000e36        0x8 ./Peripheral/src/ch32v00x_adc.o
                0x0000000000000e36                ADC_GetResetCalibrationStatus
 .text.ADC_StartCalibration
                0x0000000000000e3e        0xa ./Peripheral/src/ch32v00x_adc.o
                0x0000000000000e3e                ADC_StartCalibration
 .text.ADC_GetCalibrationStatus
                0x0000000000000e48        0x8 ./Peripheral/src/ch32v00x_adc.o
                0x0000000000000e48                ADC_GetCalibrationStatus
 .text.ADC_SoftwareStartConvCmd
                0x0000000000000e50       0x18 ./Peripheral/src/ch32v00x_adc.o
                0x0000000000000e50                ADC_SoftwareStartConvCmd
 .text.ADC_RegularChannelConfig
                0x0000000000000e68       0xba ./Peripheral/src/ch32v00x_adc.o
                0x0000000000000e68                ADC_RegularChannelConfig
 .text.ADC_GetConversionValue
                0x0000000000000f22        0x8 ./Peripheral/src/ch32v00x_adc.o
                0x0000000000000f22                ADC_GetConversionValue
 .text.ADC_AutoInjectedConvCmd
                0x0000000000000f2a       0x12 ./Peripheral/src/ch32v00x_adc.o
                0x0000000000000f2a                ADC_AutoInjectedConvCmd
 .text.ADC_GetITStatus
                0x0000000000000f3c       0x1c ./Peripheral/src/ch32v00x_adc.o
                0x0000000000000f3c                ADC_GetITStatus
 .text.ADC_ClearITPendingBit
                0x0000000000000f58        0xa ./Peripheral/src/ch32v00x_adc.o
                0x0000000000000f58                ADC_ClearITPendingBit
 .text.ADC_Calibration_Vol
                0x0000000000000f62       0x14 ./Peripheral/src/ch32v00x_adc.o
                0x0000000000000f62                ADC_Calibration_Vol
 .text.GPIO_Init
                0x0000000000000f76       0xd6 ./Peripheral/src/ch32v00x_gpio.o
                0x0000000000000f76                GPIO_Init
 .text.GPIO_WriteBit
                0x000000000000104c        0xa ./Peripheral/src/ch32v00x_gpio.o
                0x000000000000104c                GPIO_WriteBit
 .text.NVIC_PriorityGroupConfig
                0x0000000000001056        0x6 ./Peripheral/src/ch32v00x_misc.o
                0x0000000000001056                NVIC_PriorityGroupConfig
 .text.NVIC_Init
                0x000000000000105c       0xa6 ./Peripheral/src/ch32v00x_misc.o
                0x000000000000105c                NVIC_Init
 .text.RCC_ADCCLKConfig
                0x0000000000001102       0x14 ./Peripheral/src/ch32v00x_rcc.o
                0x0000000000001102                RCC_ADCCLKConfig
 .text.RCC_GetClocksFreq
                0x0000000000001116       0x9c ./Peripheral/src/ch32v00x_rcc.o
                0x0000000000001116                RCC_GetClocksFreq
 .text.RCC_APB2PeriphClockCmd
                0x00000000000011b2       0x1e ./Peripheral/src/ch32v00x_rcc.o
                0x00000000000011b2                RCC_APB2PeriphClockCmd
 .text.RCC_APB1PeriphClockCmd
                0x00000000000011d0       0x1e ./Peripheral/src/ch32v00x_rcc.o
                0x00000000000011d0                RCC_APB1PeriphClockCmd
 .text.RCC_APB2PeriphResetCmd
                0x00000000000011ee       0x1e ./Peripheral/src/ch32v00x_rcc.o
                0x00000000000011ee                RCC_APB2PeriphResetCmd
 .text.TIM_TimeBaseInit
                0x000000000000120c       0x4e ./Peripheral/src/ch32v00x_tim.o
                0x000000000000120c                TIM_TimeBaseInit
 .text.TIM_Cmd  0x000000000000125a       0x18 ./Peripheral/src/ch32v00x_tim.o
                0x000000000000125a                TIM_Cmd
 .text.TIM_ITConfig
                0x0000000000001272       0x12 ./Peripheral/src/ch32v00x_tim.o
                0x0000000000001272                TIM_ITConfig
 .text.TIM_GetFlagStatus
                0x0000000000001284        0xa ./Peripheral/src/ch32v00x_tim.o
                0x0000000000001284                TIM_GetFlagStatus
 .text.TIM_GetITStatus
                0x000000000000128e       0x18 ./Peripheral/src/ch32v00x_tim.o
                0x000000000000128e                TIM_GetITStatus
 .text.TIM_ClearITPendingBit
                0x00000000000012a6        0xc ./Peripheral/src/ch32v00x_tim.o
                0x00000000000012a6                TIM_ClearITPendingBit
 .text.USART_Init
                0x00000000000012b2       0xcc ./Peripheral/src/ch32v00x_usart.o
                0x00000000000012b2                USART_Init
 .text.USART_Cmd
                0x000000000000137e       0x16 ./Peripheral/src/ch32v00x_usart.o
                0x000000000000137e                USART_Cmd
 .text.USART_ITConfig
                0x0000000000001394       0x36 ./Peripheral/src/ch32v00x_usart.o
                0x0000000000001394                USART_ITConfig
 .text.USART_GetITStatus
                0x00000000000013ca       0x3c ./Peripheral/src/ch32v00x_usart.o
                0x00000000000013ca                USART_GetITStatus
 .text.Delay_Init
                0x0000000000001406       0x34 ./Debug/debug.o
                0x0000000000001406                Delay_Init
 .text.USART_Printf_Init
                0x000000000000143a       0x56 ./Debug/debug.o
                0x000000000000143a                USART_Printf_Init
 .text.__divsf3
                0x0000000000001490      0x30a c:/mounriver/mounriver_studio/toolchain/risc-v embedded gcc/bin/../lib/gcc/riscv-none-embed/8.2.0/rv32ecxw/ilp32e\libgcc.a(divsf3.o)
                0x0000000000001490                __divsf3
 .text.__fixunssfsi
                0x000000000000179a       0x56 c:/mounriver/mounriver_studio/toolchain/risc-v embedded gcc/bin/../lib/gcc/riscv-none-embed/8.2.0/rv32ecxw/ilp32e\libgcc.a(fixunssfsi.o)
                0x000000000000179a                __fixunssfsi
 .text.__floatunsisf
                0x00000000000017f0       0xce c:/mounriver/mounriver_studio/toolchain/risc-v embedded gcc/bin/../lib/gcc/riscv-none-embed/8.2.0/rv32ecxw/ilp32e\libgcc.a(floatunsisf.o)
                0x00000000000017f0                __floatunsisf
 .text.__clzsi2
                0x00000000000018be       0x6e c:/mounriver/mounriver_studio/toolchain/risc-v embedded gcc/bin/../lib/gcc/riscv-none-embed/8.2.0/rv32ecxw/ilp32e\libgcc.a(_clzsi2.o)
                0x00000000000018be                __clzsi2
 .text.memcpy   0x000000000000192c       0xd2 c:/mounriver/mounriver_studio/toolchain/risc-v embedded gcc/bin/../lib/gcc/riscv-none-embed/8.2.0/../../../../riscv-none-embed/lib/rv32ecxw/ilp32e\libg_nano.a(lib_a-memcpy.o)
                0x000000000000192c                memcpy
 .text.strcpy   0x00000000000019fe       0x10 c:/mounriver/mounriver_studio/toolchain/risc-v embedded gcc/bin/../lib/gcc/riscv-none-embed/8.2.0/../../../../riscv-none-embed/lib/rv32ecxw/ilp32e\libg_nano.a(lib_a-strcpy.o)
                0x00000000000019fe                strcpy
 .text.strlen   0x0000000000001a0e       0x12 c:/mounriver/mounriver_studio/toolchain/risc-v embedded gcc/bin/../lib/gcc/riscv-none-embed/8.2.0/../../../../riscv-none-embed/lib/rv32ecxw/ilp32e\libg_nano.a(lib_a-strlen.o)
                0x0000000000001a0e                strlen
 *(.rodata)
 *(.rodata*)
 *fill*         0x0000000000001a20        0x0 
 .rodata.obr_adc_dat.cst4
                0x0000000000001a20        0x4 ./User/adc.o
 .rodata.m_bat_leds
                0x0000000000001a24        0x5 ./User/my_misc.o
                0x0000000000001a24                m_bat_leds
 *fill*         0x0000000000001a29        0x3 
 .rodata.AHBPrescTable
                0x0000000000001a2c       0x10 ./User/system_ch32v00x.o
                0x0000000000001a2c                AHBPrescTable
 .rodata.obr_uart_cmd.str1.4
                0x0000000000001a3c       0x10 ./User/uart.o
 .rodata.__divsf3
                0x0000000000001a4c       0x80 c:/mounriver/mounriver_studio/toolchain/risc-v embedded gcc/bin/../lib/gcc/riscv-none-embed/8.2.0/rv32ecxw/ilp32e\libgcc.a(divsf3.o)
 .rodata.__clz_tab
                0x0000000000001acc      0x100 c:/mounriver/mounriver_studio/toolchain/risc-v embedded gcc/bin/../lib/gcc/riscv-none-embed/8.2.0/rv32ecxw/ilp32e\libgcc.a(_clz.o)
                0x0000000000001acc                __clz_tab
 *(.gnu.linkonce.t.*)
                0x0000000000001bcc                . = ALIGN (0x4)

.rela.dyn       0x0000000000001bcc        0x0
 .rela.init     0x0000000000001bcc        0x0 ./brd/rook_u3_key_brd.o
 .rela.text.handle_reset
                0x0000000000001bcc        0x0 ./brd/rook_u3_key_brd.o

.fini           0x0000000000001bcc        0x0
 *(SORT_NONE(.fini))
                0x0000000000001bcc                . = ALIGN (0x4)
                [!provide]                        PROVIDE (_etext = .)
                [!provide]                        PROVIDE (_eitcm = .)

.preinit_array  0x0000000000001bcc        0x0
                [!provide]                        PROVIDE (__preinit_array_start = .)
 *(.preinit_array)
                [!provide]                        PROVIDE (__preinit_array_end = .)

.init_array     0x0000000000001bcc        0x0
                [!provide]                        PROVIDE (__init_array_start = .)
 *(SORT_BY_INIT_PRIORITY(.init_array.*) SORT_BY_INIT_PRIORITY(.ctors.*))
 *(.init_array EXCLUDE_FILE(*crtend?.o *crtend.o *crtbegin?.o *crtbegin.o) .ctors)
                [!provide]                        PROVIDE (__init_array_end = .)

.fini_array     0x0000000000001bcc        0x0
                [!provide]                        PROVIDE (__fini_array_start = .)
 *(SORT_BY_INIT_PRIORITY(.fini_array.*) SORT_BY_INIT_PRIORITY(.dtors.*))
 *(.fini_array EXCLUDE_FILE(*crtend?.o *crtend.o *crtbegin?.o *crtbegin.o) .dtors)
                [!provide]                        PROVIDE (__fini_array_end = .)

.ctors
 *crtbegin.o(.ctors)
 *crtbegin?.o(.ctors)
 *(EXCLUDE_FILE(*crtend?.o *crtend.o) .ctors)
 *(SORT_BY_NAME(.ctors.*))
 *(.ctors)

.dtors
 *crtbegin.o(.dtors)
 *crtbegin?.o(.dtors)
 *(EXCLUDE_FILE(*crtend?.o *crtend.o) .dtors)
 *(SORT_BY_NAME(.dtors.*))
 *(.dtors)

.dalign         0x0000000020000000        0x0 load address 0x0000000000001bcc
                0x0000000020000000                . = ALIGN (0x4)
                0x0000000020000000                PROVIDE (_data_vma = .)

.dlalign        0x0000000000001bcc        0x0
                0x0000000000001bcc                . = ALIGN (0x4)
                0x0000000000001bcc                PROVIDE (_data_lma = .)

.data           0x0000000020000000       0x30 load address 0x0000000000001bcc
                0x0000000020000000                . = ALIGN (0x4)
 *(.gnu.linkonce.r.*)
 *(.data .data.*)
 .data.first_push
                0x0000000020000000        0x1 ./User/obr_button.o
 *fill*         0x0000000020000001        0x3 
 .data.SystemCoreClock
                0x0000000020000004        0x4 ./User/system_ch32v00x.o
                0x0000000020000004                SystemCoreClock
 .data.ADCPrescTable
                0x0000000020000008       0x14 ./Peripheral/src/ch32v00x_rcc.o
 .data.APBAHBPrescTable
                0x000000002000001c       0x10 ./Peripheral/src/ch32v00x_rcc.o
 *(.gnu.linkonce.d.*)
                0x0000000020000030                . = ALIGN (0x8)
 *fill*         0x000000002000002c        0x4 
                0x0000000020000830                PROVIDE (__global_pointer$ = (. + 0x800))
 *(.sdata .sdata.*)
 *(.sdata2*)
 *(.gnu.linkonce.s.*)
                0x0000000020000030                . = ALIGN (0x8)
 *(.srodata.cst16)
 *(.srodata.cst8)
 *(.srodata.cst4)
 *(.srodata.cst2)
 *(.srodata .srodata.*)
                0x0000000020000030                . = ALIGN (0x4)
                0x0000000020000030                PROVIDE (_edata = .)

.bss            0x0000000020000030       0x78 load address 0x0000000000001bfc
                0x0000000020000030                . = ALIGN (0x4)
                0x0000000020000030                PROVIDE (_sbss = .)
 *(.sbss*)
 *(.gnu.linkonce.sb.*)
 *(.bss*)
 .bss.adc_results
                0x0000000020000030        0x8 ./User/adc.o
                0x0000000020000030                adc_results
 .bss.num_adc_dat
                0x0000000020000038        0x4 ./User/adc.o
                0x0000000020000038                num_adc_dat
 .bss.summ_adc_dat
                0x000000002000003c        0x4 ./User/adc.o
                0x000000002000003c                summ_adc_dat
 .bss.vtmp      0x0000000020000040        0x2 ./User/adc.o
                0x0000000020000040                vtmp
 .bss.cur_adc_dat
                0x0000000020000042        0x2 ./User/main.o
                0x0000000020000042                cur_adc_dat
 .bss.c_error   0x0000000020000044        0x4 ./User/my_misc.o
                0x0000000020000044                c_error
 .bss.vibro_time
                0x0000000020000048        0x2 ./User/my_misc.o
                0x0000000020000048                vibro_time
 .bss.cnt_drebezg
                0x000000002000004a        0x1 ./User/obr_button.o
 *fill*         0x000000002000004b        0x1 
 .bss.cnt_push_key
                0x000000002000004c        0x2 ./User/obr_button.o
 .bss.first_nopush
                0x000000002000004e        0x1 ./User/obr_button.o
 .bss.no_change_state
                0x000000002000004f        0x1 ./User/obr_button.o
                0x000000002000004f                no_change_state
 .bss.prev_key  0x0000000020000050        0x1 ./User/obr_button.o
 *fill*         0x0000000020000051        0x3 
 .bss.prev_ms   0x0000000020000054        0x4 ./User/obr_button.o
 .bss.pushed_key
                0x0000000020000058        0x1 ./User/obr_button.o
                0x0000000020000058                pushed_key
 .bss.state     0x0000000020000059        0x1 ./User/obr_button.o
                0x0000000020000059                state
 *fill*         0x000000002000005a        0x2 
 .bss.cur_ms    0x000000002000005c        0x4 ./User/timers.o
 .bss.len_rx_dat
                0x0000000020000060        0x1 ./User/uart.o
 *fill*         0x0000000020000061        0x3 
 .bss.rx_buff   0x0000000020000064       0x10 ./User/uart.o
 .bss.rx_buff_ready
                0x0000000020000074        0x1 ./User/uart.o
                0x0000000020000074                rx_buff_ready
 *fill*         0x0000000020000075        0x3 
 .bss.rx_cmd    0x0000000020000078       0x11 ./User/uart.o
                0x0000000020000078                rx_cmd
 *fill*         0x0000000020000089        0x3 
 .bss.tx_cmd    0x000000002000008c       0x11 ./User/uart.o
                0x000000002000008c                tx_cmd
 .bss.v_tmp     0x000000002000009d        0x1 ./User/uart.o
                0x000000002000009d                v_tmp
 *fill*         0x000000002000009e        0x2 
 .bss.NVIC_Priority_Group
                0x00000000200000a0        0x4 ./Peripheral/src/ch32v00x_misc.o
                0x00000000200000a0                NVIC_Priority_Group
 .bss.p_ms      0x00000000200000a4        0x2 ./Debug/debug.o
 .bss.p_us      0x00000000200000a6        0x1 ./Debug/debug.o
 *(.gnu.linkonce.b.*)
 *(COMMON*)
                0x00000000200000a8                . = ALIGN (0x4)
 *fill*         0x00000000200000a7        0x1 
                0x00000000200000a8                PROVIDE (_ebss = .)
                0x00000000200000a8                PROVIDE (_end = _ebss)
                [!provide]                        PROVIDE (end = .)

.stack          0x0000000020000700      0x100
                0x0000000020000700                PROVIDE (_heap_end = .)
                0x0000000020000700                . = ALIGN (0x4)
                [!provide]                        PROVIDE (_susrstack = .)
                0x0000000020000800                . = (. + __stack_size)
 *fill*         0x0000000020000700      0x100 
                0x0000000020000800                PROVIDE (_eusrstack = .)
OUTPUT(rook_u3_key.elf elf32-littleriscv)

.debug_info     0x0000000000000000    0x11055
 .debug_info    0x0000000000000000     0x133f ./brd/rook_u3_key_brd.o
 .debug_info    0x000000000000133f     0x1066 ./User/adc.o
 .debug_info    0x00000000000023a5      0x962 ./User/ch32v00x_it.o
 .debug_info    0x0000000000002d07      0xc12 ./User/main.o
 .debug_info    0x0000000000003919     0x1008 ./User/my_misc.o
 .debug_info    0x0000000000004921      0xc7d ./User/obr_button.o
 .debug_info    0x000000000000559e      0xbc0 ./User/system_ch32v00x.o
 .debug_info    0x000000000000615e     0x1081 ./User/timers.o
 .debug_info    0x00000000000071df      0xeb0 ./User/uart.o
 .debug_info    0x000000000000808f       0x22 ./Startup/startup_ch32v00x.o
 .debug_info    0x00000000000080b1     0x1526 ./Peripheral/src/ch32v00x_adc.o
 .debug_info    0x00000000000095d7     0x103a ./Peripheral/src/ch32v00x_gpio.o
 .debug_info    0x000000000000a611      0xdda ./Peripheral/src/ch32v00x_misc.o
 .debug_info    0x000000000000b3eb     0x1063 ./Peripheral/src/ch32v00x_rcc.o
 .debug_info    0x000000000000c44e     0x297f ./Peripheral/src/ch32v00x_tim.o
 .debug_info    0x000000000000edcd     0x1351 ./Peripheral/src/ch32v00x_usart.o
 .debug_info    0x000000000001011e      0xf37 ./Debug/debug.o

.debug_abbrev   0x0000000000000000     0x2e80
 .debug_abbrev  0x0000000000000000      0x29a ./brd/rook_u3_key_brd.o
 .debug_abbrev  0x000000000000029a      0x2e3 ./User/adc.o
 .debug_abbrev  0x000000000000057d      0x1cf ./User/ch32v00x_it.o
 .debug_abbrev  0x000000000000074c      0x28c ./User/main.o
 .debug_abbrev  0x00000000000009d8      0x2d2 ./User/my_misc.o
 .debug_abbrev  0x0000000000000caa      0x299 ./User/obr_button.o
 .debug_abbrev  0x0000000000000f43      0x269 ./User/system_ch32v00x.o
 .debug_abbrev  0x00000000000011ac      0x2aa ./User/timers.o
 .debug_abbrev  0x0000000000001456      0x366 ./User/uart.o
 .debug_abbrev  0x00000000000017bc       0x12 ./Startup/startup_ch32v00x.o
 .debug_abbrev  0x00000000000017ce      0x307 ./Peripheral/src/ch32v00x_adc.o
 .debug_abbrev  0x0000000000001ad5      0x309 ./Peripheral/src/ch32v00x_gpio.o
 .debug_abbrev  0x0000000000001dde      0x2fb ./Peripheral/src/ch32v00x_misc.o
 .debug_abbrev  0x00000000000020d9      0x36d ./Peripheral/src/ch32v00x_rcc.o
 .debug_abbrev  0x0000000000002446      0x408 ./Peripheral/src/ch32v00x_tim.o
 .debug_abbrev  0x000000000000284e      0x323 ./Peripheral/src/ch32v00x_usart.o
 .debug_abbrev  0x0000000000002b71      0x30f ./Debug/debug.o

.debug_loc      0x0000000000000000     0x4372
 .debug_loc     0x0000000000000000      0x14a ./brd/rook_u3_key_brd.o
 .debug_loc     0x000000000000014a       0x50 ./User/adc.o
 .debug_loc     0x000000000000019a       0x23 ./User/main.o
 .debug_loc     0x00000000000001bd      0x586 ./User/my_misc.o
 .debug_loc     0x0000000000000743       0xa4 ./User/obr_button.o
 .debug_loc     0x00000000000007e7       0x55 ./User/system_ch32v00x.o
 .debug_loc     0x000000000000083c      0x1f9 ./User/uart.o
 .debug_loc     0x0000000000000a35      0x9fa ./Peripheral/src/ch32v00x_adc.o
 .debug_loc     0x000000000000142f      0x6cf ./Peripheral/src/ch32v00x_gpio.o
 .debug_loc     0x0000000000001afe       0xce ./Peripheral/src/ch32v00x_misc.o
 .debug_loc     0x0000000000001bcc      0x59f ./Peripheral/src/ch32v00x_rcc.o
 .debug_loc     0x000000000000216b     0x1936 ./Peripheral/src/ch32v00x_tim.o
 .debug_loc     0x0000000000003aa1      0x735 ./Peripheral/src/ch32v00x_usart.o
 .debug_loc     0x00000000000041d6      0x19c ./Debug/debug.o

.debug_aranges  0x0000000000000000      0x9e8
 .debug_aranges
                0x0000000000000000       0x88 ./brd/rook_u3_key_brd.o
 .debug_aranges
                0x0000000000000088       0x38 ./User/adc.o
 .debug_aranges
                0x00000000000000c0       0x28 ./User/ch32v00x_it.o
 .debug_aranges
                0x00000000000000e8       0x20 ./User/main.o
 .debug_aranges
                0x0000000000000108       0xb8 ./User/my_misc.o
 .debug_aranges
                0x00000000000001c0       0x28 ./User/obr_button.o
 .debug_aranges
                0x00000000000001e8       0x28 ./User/system_ch32v00x.o
 .debug_aranges
                0x0000000000000210       0x48 ./User/timers.o
 .debug_aranges
                0x0000000000000258       0x60 ./User/uart.o
 .debug_aranges
                0x00000000000002b8       0x30 ./Startup/startup_ch32v00x.o
 .debug_aranges
                0x00000000000002e8      0x138 ./Peripheral/src/ch32v00x_adc.o
 .debug_aranges
                0x0000000000000420       0x98 ./Peripheral/src/ch32v00x_gpio.o
 .debug_aranges
                0x00000000000004b8       0x28 ./Peripheral/src/ch32v00x_misc.o
 .debug_aranges
                0x00000000000004e0       0xe0 ./Peripheral/src/ch32v00x_rcc.o
 .debug_aranges
                0x00000000000005c0      0x2d8 ./Peripheral/src/ch32v00x_tim.o
 .debug_aranges
                0x0000000000000898      0x100 ./Peripheral/src/ch32v00x_usart.o
 .debug_aranges
                0x0000000000000998       0x50 ./Debug/debug.o

.debug_ranges   0x0000000000000000      0x940
 .debug_ranges  0x0000000000000000       0x78 ./brd/rook_u3_key_brd.o
 .debug_ranges  0x0000000000000078       0x28 ./User/adc.o
 .debug_ranges  0x00000000000000a0       0x18 ./User/ch32v00x_it.o
 .debug_ranges  0x00000000000000b8       0x10 ./User/main.o
 .debug_ranges  0x00000000000000c8       0xa8 ./User/my_misc.o
 .debug_ranges  0x0000000000000170       0x18 ./User/obr_button.o
 .debug_ranges  0x0000000000000188       0x18 ./User/system_ch32v00x.o
 .debug_ranges  0x00000000000001a0       0x38 ./User/timers.o
 .debug_ranges  0x00000000000001d8       0x50 ./User/uart.o
 .debug_ranges  0x0000000000000228       0x28 ./Startup/startup_ch32v00x.o
 .debug_ranges  0x0000000000000250      0x128 ./Peripheral/src/ch32v00x_adc.o
 .debug_ranges  0x0000000000000378       0x88 ./Peripheral/src/ch32v00x_gpio.o
 .debug_ranges  0x0000000000000400       0x48 ./Peripheral/src/ch32v00x_misc.o
 .debug_ranges  0x0000000000000448       0xd0 ./Peripheral/src/ch32v00x_rcc.o
 .debug_ranges  0x0000000000000518      0x2f8 ./Peripheral/src/ch32v00x_tim.o
 .debug_ranges  0x0000000000000810       0xf0 ./Peripheral/src/ch32v00x_usart.o
 .debug_ranges  0x0000000000000900       0x40 ./Debug/debug.o

.debug_line     0x0000000000000000     0xb458
 .debug_line    0x0000000000000000      0xb96 ./brd/rook_u3_key_brd.o
 .debug_line    0x0000000000000b96      0x62d ./User/adc.o
 .debug_line    0x00000000000011c3      0x21e ./User/ch32v00x_it.o
 .debug_line    0x00000000000013e1      0x454 ./User/main.o
 .debug_line    0x0000000000001835      0x9d9 ./User/my_misc.o
 .debug_line    0x000000000000220e      0x57b ./User/obr_button.o
 .debug_line    0x0000000000002789      0x437 ./User/system_ch32v00x.o
 .debug_line    0x0000000000002bc0      0x5e5 ./User/timers.o
 .debug_line    0x00000000000031a5      0x7a0 ./User/uart.o
 .debug_line    0x0000000000003945      0x1ae ./Startup/startup_ch32v00x.o
 .debug_line    0x0000000000003af3     0x1419 ./Peripheral/src/ch32v00x_adc.o
 .debug_line    0x0000000000004f0c      0xcf8 ./Peripheral/src/ch32v00x_gpio.o
 .debug_line    0x0000000000005c04      0x4a8 ./Peripheral/src/ch32v00x_misc.o
 .debug_line    0x00000000000060ac      0xd43 ./Peripheral/src/ch32v00x_rcc.o
 .debug_line    0x0000000000006def     0x3036 ./Peripheral/src/ch32v00x_tim.o
 .debug_line    0x0000000000009e25      0xee5 ./Peripheral/src/ch32v00x_usart.o
 .debug_line    0x000000000000ad0a      0x74e ./Debug/debug.o

.debug_str      0x0000000000000000     0x2ae4
 .debug_str     0x0000000000000000      0xaaf ./brd/rook_u3_key_brd.o
                                        0xb3e (size before relaxing)
 .debug_str     0x0000000000000aaf      0x2f3 ./User/adc.o
                                        0xafd (size before relaxing)
 .debug_str     0x0000000000000da2       0x34 ./User/ch32v00x_it.o
                                        0x5a7 (size before relaxing)
 .debug_str     0x0000000000000dd6       0xc5 ./User/main.o
                                        0x6e4 (size before relaxing)
 .debug_str     0x0000000000000e9b      0x131 ./User/my_misc.o
                                        0x76e (size before relaxing)
 .debug_str     0x0000000000000fcc       0x84 ./User/obr_button.o
                                        0x6d5 (size before relaxing)
 .debug_str     0x0000000000001050       0xd5 ./User/system_ch32v00x.o
                                        0x6d4 (size before relaxing)
 .debug_str     0x0000000000001125      0x215 ./User/timers.o
                                        0xad8 (size before relaxing)
 .debug_str     0x000000000000133a       0xc5 ./User/uart.o
                                        0x7cb (size before relaxing)
 .debug_str     0x00000000000013ff       0x2a ./Startup/startup_ch32v00x.o
                                         0x55 (size before relaxing)
 .debug_str     0x0000000000001429      0x36c ./Peripheral/src/ch32v00x_adc.o
                                        0xb7b (size before relaxing)
 .debug_str     0x0000000000001795      0x1ba ./Peripheral/src/ch32v00x_gpio.o
                                        0x93a (size before relaxing)
 .debug_str     0x000000000000194f       0xf1 ./Peripheral/src/ch32v00x_misc.o
                                        0x903 (size before relaxing)
 .debug_str     0x0000000000001a40      0x2d6 ./Peripheral/src/ch32v00x_rcc.o
                                        0x9a2 (size before relaxing)
 .debug_str     0x0000000000001d16      0x9fd ./Peripheral/src/ch32v00x_tim.o
                                       0x125c (size before relaxing)
 .debug_str     0x0000000000002713      0x34c ./Peripheral/src/ch32v00x_usart.o
                                        0xaf1 (size before relaxing)
 .debug_str     0x0000000000002a5f       0x85 ./Debug/debug.o
                                        0x8f8 (size before relaxing)

.comment        0x0000000000000000       0x33
 .comment       0x0000000000000000       0x33 ./brd/rook_u3_key_brd.o
                                         0x34 (size before relaxing)
 .comment       0x0000000000000033       0x34 ./User/adc.o
 .comment       0x0000000000000033       0x34 ./User/ch32v00x_it.o
 .comment       0x0000000000000033       0x34 ./User/main.o
 .comment       0x0000000000000033       0x34 ./User/my_misc.o
 .comment       0x0000000000000033       0x34 ./User/obr_button.o
 .comment       0x0000000000000033       0x34 ./User/system_ch32v00x.o
 .comment       0x0000000000000033       0x34 ./User/timers.o
 .comment       0x0000000000000033       0x34 ./User/uart.o
 .comment       0x0000000000000033       0x34 ./Peripheral/src/ch32v00x_adc.o
 .comment       0x0000000000000033       0x34 ./Peripheral/src/ch32v00x_gpio.o
 .comment       0x0000000000000033       0x34 ./Peripheral/src/ch32v00x_misc.o
 .comment       0x0000000000000033       0x34 ./Peripheral/src/ch32v00x_rcc.o
 .comment       0x0000000000000033       0x34 ./Peripheral/src/ch32v00x_tim.o
 .comment       0x0000000000000033       0x34 ./Peripheral/src/ch32v00x_usart.o
 .comment       0x0000000000000033       0x34 ./Debug/debug.o

.debug_frame    0x0000000000000000     0x16c8
 .debug_frame   0x0000000000000000      0x1a0 ./brd/rook_u3_key_brd.o
 .debug_frame   0x00000000000001a0       0x84 ./User/adc.o
 .debug_frame   0x0000000000000224       0x30 ./User/ch32v00x_it.o
 .debug_frame   0x0000000000000254       0x2c ./User/main.o
 .debug_frame   0x0000000000000280      0x238 ./User/my_misc.o
 .debug_frame   0x00000000000004b8       0x5c ./User/obr_button.o
 .debug_frame   0x0000000000000514       0x40 ./User/system_ch32v00x.o
 .debug_frame   0x0000000000000554       0xac ./User/timers.o
 .debug_frame   0x0000000000000600       0xdc ./User/uart.o
 .debug_frame   0x00000000000006dc      0x26c ./Peripheral/src/ch32v00x_adc.o
 .debug_frame   0x0000000000000948      0x150 ./Peripheral/src/ch32v00x_gpio.o
 .debug_frame   0x0000000000000a98       0x30 ./Peripheral/src/ch32v00x_misc.o
 .debug_frame   0x0000000000000ac8      0x1c0 ./Peripheral/src/ch32v00x_rcc.o
 .debug_frame   0x0000000000000c88      0x624 ./Peripheral/src/ch32v00x_tim.o
 .debug_frame   0x00000000000012ac      0x204 ./Peripheral/src/ch32v00x_usart.o
 .debug_frame   0x00000000000014b0       0xe4 ./Debug/debug.o
 .debug_frame   0x0000000000001594       0x38 c:/mounriver/mounriver_studio/toolchain/risc-v embedded gcc/bin/../lib/gcc/riscv-none-embed/8.2.0/rv32ecxw/ilp32e\libgcc.a(divsf3.o)
 .debug_frame   0x00000000000015cc       0x20 c:/mounriver/mounriver_studio/toolchain/risc-v embedded gcc/bin/../lib/gcc/riscv-none-embed/8.2.0/rv32ecxw/ilp32e\libgcc.a(fixunssfsi.o)
 .debug_frame   0x00000000000015ec       0x44 c:/mounriver/mounriver_studio/toolchain/risc-v embedded gcc/bin/../lib/gcc/riscv-none-embed/8.2.0/rv32ecxw/ilp32e\libgcc.a(floatunsisf.o)
 .debug_frame   0x0000000000001630       0x20 c:/mounriver/mounriver_studio/toolchain/risc-v embedded gcc/bin/../lib/gcc/riscv-none-embed/8.2.0/rv32ecxw/ilp32e\libgcc.a(_clzsi2.o)
 .debug_frame   0x0000000000001650       0x38 c:/mounriver/mounriver_studio/toolchain/risc-v embedded gcc/bin/../lib/gcc/riscv-none-embed/8.2.0/../../../../riscv-none-embed/lib/rv32ecxw/ilp32e\libg_nano.a(lib_a-memcpy.o)
 .debug_frame   0x0000000000001688       0x20 c:/mounriver/mounriver_studio/toolchain/risc-v embedded gcc/bin/../lib/gcc/riscv-none-embed/8.2.0/../../../../riscv-none-embed/lib/rv32ecxw/ilp32e\libg_nano.a(lib_a-strcpy.o)
 .debug_frame   0x00000000000016a8       0x20 c:/mounriver/mounriver_studio/toolchain/risc-v embedded gcc/bin/../lib/gcc/riscv-none-embed/8.2.0/../../../../riscv-none-embed/lib/rv32ecxw/ilp32e\libg_nano.a(lib_a-strlen.o)
