Copyright 1986-2016 Xilinx, Inc. All Rights Reserved.
--------------------------------------------------------------------------------------------
| Tool Version : Vivado v.2016.4 (win64) Build 1733598 Wed Dec 14 22:35:39 MST 2016
| Date         : Thu Apr 13 20:05:31 2017
| Host         : vova-PC running 64-bit Service Pack 1  (build 7601)
| Command      : report_clock_utilization -file red_pitaya_top_clock_utilization_routed.rpt
| Design       : red_pitaya_top
| Device       : 7z010-clg400
| Speed File   : -1  PRODUCTION 1.11 2014-09-11
--------------------------------------------------------------------------------------------

Clock Utilization Report

Table of Contents
-----------------
1. Clock Primitive Utilization
2. Global Clock Resources
3. Global Clock Source Details
4. Local Clock Details
5. Clock Regions: Key Resource Utilization
6. Clock Regions : Global Clock Summary
7. Cell Type Counts per Global Clock: Region X0Y0
8. Cell Type Counts per Global Clock: Region X1Y0
9. Cell Type Counts per Global Clock: Region X0Y1
10. Cell Type Counts per Global Clock: Region X1Y1
11. Load Cell Placement Summary for Global Clock g0
12. Load Cell Placement Summary for Global Clock g1
13. Load Cell Placement Summary for Global Clock g2
14. Load Cell Placement Summary for Global Clock g3
15. Load Cell Placement Summary for Global Clock g4
16. Load Cell Placement Summary for Global Clock g5

1. Clock Primitive Utilization
------------------------------

+----------+------+-----------+-----+--------------+--------+
| Type     | Used | Available | LOC | Clock Region | Pblock |
+----------+------+-----------+-----+--------------+--------+
| BUFGCTRL |    6 |        32 |   0 |            0 |      0 |
| BUFH     |    0 |        48 |   0 |            0 |      0 |
| BUFIO    |    0 |         8 |   0 |            0 |      0 |
| BUFMR    |    0 |         4 |   0 |            0 |      0 |
| BUFR     |    0 |         8 |   0 |            0 |      0 |
| MMCM     |    0 |         2 |   0 |            0 |      0 |
| PLL      |    1 |         2 |   0 |            0 |      0 |
+----------+------+-----------+-----+--------------+--------+


2. Global Clock Resources
-------------------------

+-----------+-----------+-----------------+------------+---------------+--------------+------+-------------------+-------------------+-------------+-----------------+--------------+----------------+-------------------------------------------------------------------------+-----------------------------------------------+
| Global Id | Source Id | Driver Type/Pin | Constraint | Site          | Clock Region | Root | Clock Delay Group | Load Clock Region | Clock Loads | Non-Clock Loads | Clock Period | Clock          | Driver Pin                                                              | Net                                           |
+-----------+-----------+-----------------+------------+---------------+--------------+------+-------------------+-------------------+-------------+-----------------+--------------+----------------+-------------------------------------------------------------------------+-----------------------------------------------+
| g0        | src0      | BUFG/O          | None       | BUFGCTRL_X0Y0 | n/a          |      |                   |                 4 |        3660 |               0 |        8.000 | pll_adc_clk    | bufg_adc_clk/O                                                          | adc_clk                                       |
| g1        | src1      | BUFG/O          | None       | BUFGCTRL_X0Y1 | n/a          |      |                   |                 2 |         836 |               0 |        5.000 | clk_fpga_3     | ps/system_i/processing_system7/inst/buffer_fclk_clk_3.FCLK_CLK_3_BUFG/O | ps/system_i/processing_system7/inst/FCLK_CLK3 |
| g2        | src0      | BUFG/O          | None       | BUFGCTRL_X0Y2 | n/a          |      |                   |                 1 |         160 |               0 |        4.000 | pll_pwm_clk    | bufg_pwm_clk/O                                                          | pwm_clk                                       |
| g3        | src0      | BUFG/O          | None       | BUFGCTRL_X0Y3 | n/a          |      |                   |                 2 |          63 |               0 |        8.000 | pll_dac_clk_1x | bufg_dac_clk_1x/O                                                       | dac_clk_1x                                    |
| g4        | src0      | BUFG/O          | None       | BUFGCTRL_X0Y4 | n/a          |      |                   |                 1 |           1 |               0 |        4.000 | pll_dac_clk_2p | bufg_dac_clk_2p/O                                                       | dac_clk_2p                                    |
| g5        | src0      | BUFG/O          | None       | BUFGCTRL_X0Y5 | n/a          |      |                   |                 1 |           1 |               0 |        4.000 | pll_dac_clk_2x | bufg_dac_clk_2x/O                                                       | dac_clk_2x                                    |
+-----------+-----------+-----------------+------------+---------------+--------------+------+-------------------+-------------------+-------------+-----------------+--------------+----------------+-------------------------------------------------------------------------+-----------------------------------------------+
* Clock Loads column represents the clock pin loads (pin count)
** Non-Clock Loads column represents the non-clock pin loads (pin count)


3. Global Clock Source Details
------------------------------

+-----------+-----------+-------------------+------------+----------------+--------------+-------------+-----------------+---------------------+----------------+------------------------------------------------------+------------------------------------------------------------+
| Source Id | Global Id | Driver Type/Pin   | Constraint | Site           | Clock Region | Clock Loads | Non-Clock Loads | Source Clock Period | Source Clock   | Driver Pin                                           | Net                                                        |
+-----------+-----------+-------------------+------------+----------------+--------------+-------------+-----------------+---------------------+----------------+------------------------------------------------------+------------------------------------------------------------+
| src0      | g0        | PLLE2_ADV/CLKOUT0 | None       | PLLE2_ADV_X0Y0 | X1Y0         |           1 |               0 |               8.000 | pll_adc_clk    | pll/pll/CLKOUT0                                      | pll/pll_adc_clk                                            |
| src0      | g3        | PLLE2_ADV/CLKOUT1 | None       | PLLE2_ADV_X0Y0 | X1Y0         |           1 |               0 |               8.000 | pll_dac_clk_1x | pll/pll/CLKOUT1                                      | pll/pll_dac_clk_1x                                         |
| src0      | g4        | PLLE2_ADV/CLKOUT3 | None       | PLLE2_ADV_X0Y0 | X1Y0         |           1 |               0 |               4.000 | pll_dac_clk_2p | pll/pll/CLKOUT3                                      | pll/pll_dac_clk_2p                                         |
| src0      | g5        | PLLE2_ADV/CLKOUT2 | None       | PLLE2_ADV_X0Y0 | X1Y0         |           1 |               0 |               4.000 | pll_dac_clk_2x | pll/pll/CLKOUT2                                      | pll/pll_dac_clk_2x                                         |
| src0      | g2        | PLLE2_ADV/CLKOUT5 | None       | PLLE2_ADV_X0Y0 | X1Y0         |           1 |               0 |               4.000 | pll_pwm_clk    | pll/pll/CLKOUT5                                      | pll/pll_pwm_clk                                            |
| src1      | g1        | PS7/FCLKCLK[3]    | PS7_X0Y0   | PS7_X0Y0       | X0Y1         |           1 |               0 |               5.000 | clk_fpga_3     | ps/system_i/processing_system7/inst/PS7_i/FCLKCLK[3] | ps/system_i/processing_system7/inst/FCLK_CLK_unbuffered[3] |
+-----------+-----------+-------------------+------------+----------------+--------------+-------------+-----------------+---------------------+----------------+------------------------------------------------------+------------------------------------------------------------+
* Clock Loads column represents the clock pin loads (pin count)
** Non-Clock Loads column represents the non-clock pin loads (pin count)


4. Local Clock Details
----------------------

+----------+-----------------+------------+------------------+--------------+-------------+-----------------+--------------+-------+--------------------+--------------+
| Local Id | Driver Type/Pin | Constraint | Site/BEL         | Clock Region | Clock Loads | Non-Clock Loads | Clock Period | Clock | Driver Pin         | Net          |
+----------+-----------------+------------+------------------+--------------+-------------+-----------------+--------------+-------+--------------------+--------------+
| 0        | FDRE/Q          | None       | SLICE_X15Y45/AFF | X0Y0         |           1 |               0 |              |       | i_hk/dna_clk_reg/Q | i_hk/dna_clk |
+----------+-----------------+------------+------------------+--------------+-------------+-----------------+--------------+-------+--------------------+--------------+
* Local Clocks in this context represents only clocks driven by non-global buffers
** Clock Loads column represents the clock pin loads (pin count)
*** Non-Clock Loads column represents the non-clock pin loads (pin count)


5. Clock Regions: Key Resource Utilization
------------------------------------------

+-------------------+--------------+--------------+--------------+--------------+--------------+--------------+--------------+--------------+--------------+--------------+--------------+--------------+--------------+--------------+--------------+
|                   | Global Clock |     BUFRs    |    BUFMRs    |    BUFIOs    |     MMCM     |      PLL     |      GT      |      PCI     |    ILOGIC    |    OLOGIC    |      FF      |     LUTM     |    RAMB18    |    RAMB36    |    DSP48E2   |
+-------------------+------+-------+------+-------+------+-------+------+-------+------+-------+------+-------+------+-------+------+-------+------+-------+------+-------+------+-------+------+-------+------+-------+------+-------+------+-------+
| Clock Region Name | Used | Avail | Used | Avail | Used | Avail | Used | Avail | Used | Avail | Used | Avail | Used | Avail | Used | Avail | Used | Avail | Used | Avail | Used | Avail | Used | Avail | Used | Avail | Used | Avail | Used | Avail |
+-------------------+------+-------+------+-------+------+-------+------+-------+------+-------+------+-------+------+-------+------+-------+------+-------+------+-------+------+-------+------+-------+------+-------+------+-------+------+-------+
| X0Y0              |    2 |    12 |    0 |     0 |    0 |     0 |    0 |     0 |    0 |     0 |    0 |     0 |    0 |     0 |    0 |     0 |    0 |     0 |    0 |     0 | 1925 |  1100 |  822 |   400 |    0 |    20 |    8 |    10 |    3 |    20 |
| X1Y0              |    3 |    12 |    0 |     4 |    0 |     2 |    0 |     4 |    0 |     1 |    0 |     1 |    0 |     0 |    0 |     0 |   28 |    50 |    3 |    50 | 1786 |  1100 |  654 |   350 |    0 |    40 |   15 |    20 |    7 |    20 |
| X0Y1              |    2 |    12 |    0 |     0 |    0 |     0 |    0 |     0 |    0 |     0 |    0 |     0 |    0 |     0 |    0 |     0 |    0 |     0 |    0 |     0 |  752 |  1100 |  349 |   400 |    0 |    20 |    3 |    10 |    0 |    20 |
| X1Y1              |    4 |    12 |    0 |     4 |    0 |     2 |    0 |     4 |    0 |     1 |    0 |     1 |    0 |     0 |    0 |     0 |    0 |    50 |   18 |    50 |   58 |  1100 |   17 |   350 |    0 |    40 |    4 |    20 |    0 |    20 |
+-------------------+------+-------+------+-------+------+-------+------+-------+------+-------+------+-------+------+-------+------+-------+------+-------+------+-------+------+-------+------+-------+------+-------+------+-------+------+-------+
* Global Clock column represents track count; while other columns represents cell counts


6. Clock Regions : Global Clock Summary
---------------------------------------

+----+----+----+
|    | X0 | X1 |
+----+----+----+
| Y1 |  2 |  4 |
| Y0 |  2 |  3 |
+----+----+----+


7. Cell Type Counts per Global Clock: Region X0Y0
-------------------------------------------------

+-----------+-------+-----------------+------------+-------------+-----------------+------+--------+------+-----+----+------+-----+---------+-----------------------------------------------+
| Global Id | Track | Driver Type/Pin | Constraint | Clock Loads | Non-Clock Loads | FF   | LUTRAM | RAMB | DSP | GT | MMCM | PLL | Hard IP | Net                                           |
+-----------+-------+-----------------+------------+-------------+-----------------+------+--------+------+-----+----+------+-----+---------+-----------------------------------------------+
| g0        | n/a   | BUFG/O          | None       |        1913 |               0 | 1901 |      1 |    8 |   3 |  0 |    0 |   0 |       0 | adc_clk                                       |
| g1        | n/a   | BUFG/O          | None       |          30 |               0 |   24 |      6 |    0 |   0 |  0 |    0 |   0 |       0 | ps/system_i/processing_system7/inst/FCLK_CLK3 |
+-----------+-------+-----------------+------------+-------------+-----------------+------+--------+------+-----+----+------+-----+---------+-----------------------------------------------+
* Clock Loads column represents the clock pin loads (pin count)
** Non-Clock Loads column represents the non-clock pin loads (pin count)
*** Columns FF, LUTRAM, RAMB through 'Hard IP' represents load cell counts


8. Cell Type Counts per Global Clock: Region X1Y0
-------------------------------------------------

+-----------+-------+-----------------+------------+-------------+-----------------+------+--------+------+-----+----+------+-----+---------+------------+
| Global Id | Track | Driver Type/Pin | Constraint | Clock Loads | Non-Clock Loads | FF   | LUTRAM | RAMB | DSP | GT | MMCM | PLL | Hard IP | Net        |
+-----------+-------+-----------------+------------+-------------+-----------------+------+--------+------+-----+----+------+-----+---------+------------+
| g0        | n/a   | BUFG/O          | None       |        1629 |               0 | 1607 |      0 |   15 |   7 |  0 |    0 |   0 |       0 | adc_clk    |
| g2        | n/a   | BUFG/O          | None       |         160 |               0 |  160 |      0 |    0 |   0 |  0 |    0 |   0 |       0 | pwm_clk    |
| g3        | n/a   | BUFG/O          | None       |          19 |               0 |   19 |      0 |    0 |   0 |  0 |    0 |   0 |       0 | dac_clk_1x |
+-----------+-------+-----------------+------------+-------------+-----------------+------+--------+------+-----+----+------+-----+---------+------------+
* Clock Loads column represents the clock pin loads (pin count)
** Non-Clock Loads column represents the non-clock pin loads (pin count)
*** Columns FF, LUTRAM, RAMB through 'Hard IP' represents load cell counts


9. Cell Type Counts per Global Clock: Region X0Y1
-------------------------------------------------

+-----------+-------+-----------------+------------+-------------+-----------------+-----+--------+------+-----+----+------+-----+---------+-----------------------------------------------+
| Global Id | Track | Driver Type/Pin | Constraint | Clock Loads | Non-Clock Loads | FF  | LUTRAM | RAMB | DSP | GT | MMCM | PLL | Hard IP | Net                                           |
+-----------+-------+-----------------+------------+-------------+-----------------+-----+--------+------+-----+----+------+-----+---------+-----------------------------------------------+
| g0        | n/a   | BUFG/O          | None       |          12 |               0 |   8 |      0 |    3 |   0 |  0 |    0 |   0 |       0 | adc_clk                                       |
| g1        | n/a   | BUFG/O          | None       |         806 |               0 | 744 |     60 |    0 |   0 |  0 |    0 |   0 |       0 | ps/system_i/processing_system7/inst/FCLK_CLK3 |
+-----------+-------+-----------------+------------+-------------+-----------------+-----+--------+------+-----+----+------+-----+---------+-----------------------------------------------+
* Clock Loads column represents the clock pin loads (pin count)
** Non-Clock Loads column represents the non-clock pin loads (pin count)
*** Columns FF, LUTRAM, RAMB through 'Hard IP' represents load cell counts


10. Cell Type Counts per Global Clock: Region X1Y1
--------------------------------------------------

+-----------+-------+-----------------+------------+-------------+-----------------+----+--------+------+-----+----+------+-----+---------+------------+
| Global Id | Track | Driver Type/Pin | Constraint | Clock Loads | Non-Clock Loads | FF | LUTRAM | RAMB | DSP | GT | MMCM | PLL | Hard IP | Net        |
+-----------+-------+-----------------+------------+-------------+-----------------+----+--------+------+-----+----+------+-----+---------+------------+
| g0        | n/a   | BUFG/O          | None       |          34 |               0 | 30 |      0 |    4 |   0 |  0 |    0 |   0 |       0 | adc_clk    |
| g3        | n/a   | BUFG/O          | None       |          44 |               0 | 28 |      0 |    0 |   0 |  0 |    0 |   0 |       0 | dac_clk_1x |
| g4        | n/a   | BUFG/O          | None       |           1 |               0 |  0 |      0 |    0 |   0 |  0 |    0 |   0 |       0 | dac_clk_2p |
| g5        | n/a   | BUFG/O          | None       |           1 |               0 |  0 |      0 |    0 |   0 |  0 |    0 |   0 |       0 | dac_clk_2x |
+-----------+-------+-----------------+------------+-------------+-----------------+----+--------+------+-----+----+------+-----+---------+------------+
* Clock Loads column represents the clock pin loads (pin count)
** Non-Clock Loads column represents the non-clock pin loads (pin count)
*** Columns FF, LUTRAM, RAMB through 'Hard IP' represents load cell counts


11. Load Cell Placement Summary for Global Clock g0
---------------------------------------------------

+-----------+-----------------+-------------------+-------------+-------------+---------------+----------+-------------+----------+----------------+----------+---------+
| Global Id | Driver Type/Pin | Driver Region (D) | Clock       | Period (ns) | Waveform (ns) | Root (R) | Slice Loads | IO Loads | Clocking Loads | GT Loads | Net     |
+-----------+-----------------+-------------------+-------------+-------------+---------------+----------+-------------+----------+----------------+----------+---------+
| g0        | BUFG/O          | n/a               | pll_adc_clk |       8.000 | {0.000 4.000} |          |        3588 |        0 |              0 |        0 | adc_clk |
+-----------+-----------------+-------------------+-------------+-------------+---------------+----------+-------------+----------+----------------+----------+---------+
* Slice Loads column represents load cell count of all cell types other than IO, GT and clock resources
** IO Loads column represents load cell count of IO types
*** Clocking Loads column represents load cell count that are clock resources (global clock buffer, MMCM, PLL, etc)
**** GT Loads column represents load cell count of GT types


+----+-------+-------+
|    | X0    | X1    |
+----+-------+-------+
| Y1 |    12 |    34 |
| Y0 |  1913 |  1629 |
+----+-------+-------+


12. Load Cell Placement Summary for Global Clock g1
---------------------------------------------------

+-----------+-----------------+-------------------+------------+-------------+---------------+----------+-------------+----------+----------------+----------+-----------------------------------------------+
| Global Id | Driver Type/Pin | Driver Region (D) | Clock      | Period (ns) | Waveform (ns) | Root (R) | Slice Loads | IO Loads | Clocking Loads | GT Loads | Net                                           |
+-----------+-----------------+-------------------+------------+-------------+---------------+----------+-------------+----------+----------------+----------+-----------------------------------------------+
| g1        | BUFG/O          | n/a               | clk_fpga_3 |       5.000 | {0.000 2.500} |          |         836 |        0 |              0 |        0 | ps/system_i/processing_system7/inst/FCLK_CLK3 |
+-----------+-----------------+-------------------+------------+-------------+---------------+----------+-------------+----------+----------------+----------+-----------------------------------------------+
* Slice Loads column represents load cell count of all cell types other than IO, GT and clock resources
** IO Loads column represents load cell count of IO types
*** Clocking Loads column represents load cell count that are clock resources (global clock buffer, MMCM, PLL, etc)
**** GT Loads column represents load cell count of GT types


+----+------+----+
|    | X0   | X1 |
+----+------+----+
| Y1 |  806 |  0 |
| Y0 |   30 |  0 |
+----+------+----+


13. Load Cell Placement Summary for Global Clock g2
---------------------------------------------------

+-----------+-----------------+-------------------+-------------+-------------+---------------+----------+-------------+----------+----------------+----------+---------+
| Global Id | Driver Type/Pin | Driver Region (D) | Clock       | Period (ns) | Waveform (ns) | Root (R) | Slice Loads | IO Loads | Clocking Loads | GT Loads | Net     |
+-----------+-----------------+-------------------+-------------+-------------+---------------+----------+-------------+----------+----------------+----------+---------+
| g2        | BUFG/O          | n/a               | pll_pwm_clk |       4.000 | {0.000 2.000} |          |         160 |        0 |              0 |        0 | pwm_clk |
+-----------+-----------------+-------------------+-------------+-------------+---------------+----------+-------------+----------+----------------+----------+---------+
* Slice Loads column represents load cell count of all cell types other than IO, GT and clock resources
** IO Loads column represents load cell count of IO types
*** Clocking Loads column represents load cell count that are clock resources (global clock buffer, MMCM, PLL, etc)
**** GT Loads column represents load cell count of GT types


+----+----+------+
|    | X0 | X1   |
+----+----+------+
| Y1 |  0 |    0 |
| Y0 |  0 |  160 |
+----+----+------+


14. Load Cell Placement Summary for Global Clock g3
---------------------------------------------------

+-----------+-----------------+-------------------+----------------+-------------+---------------+----------+-------------+----------+----------------+----------+------------+
| Global Id | Driver Type/Pin | Driver Region (D) | Clock          | Period (ns) | Waveform (ns) | Root (R) | Slice Loads | IO Loads | Clocking Loads | GT Loads | Net        |
+-----------+-----------------+-------------------+----------------+-------------+---------------+----------+-------------+----------+----------------+----------+------------+
| g3        | BUFG/O          | n/a               | pll_dac_clk_1x |       8.000 | {0.000 4.000} |          |          63 |        0 |              0 |        0 | dac_clk_1x |
+-----------+-----------------+-------------------+----------------+-------------+---------------+----------+-------------+----------+----------------+----------+------------+
* Slice Loads column represents load cell count of all cell types other than IO, GT and clock resources
** IO Loads column represents load cell count of IO types
*** Clocking Loads column represents load cell count that are clock resources (global clock buffer, MMCM, PLL, etc)
**** GT Loads column represents load cell count of GT types


+----+----+-----+
|    | X0 | X1  |
+----+----+-----+
| Y1 |  0 |  44 |
| Y0 |  0 |  19 |
+----+----+-----+


15. Load Cell Placement Summary for Global Clock g4
---------------------------------------------------

+-----------+-----------------+-------------------+----------------+-------------+----------------+----------+-------------+----------+----------------+----------+------------+
| Global Id | Driver Type/Pin | Driver Region (D) | Clock          | Period (ns) | Waveform (ns)  | Root (R) | Slice Loads | IO Loads | Clocking Loads | GT Loads | Net        |
+-----------+-----------------+-------------------+----------------+-------------+----------------+----------+-------------+----------+----------------+----------+------------+
| g4        | BUFG/O          | n/a               | pll_dac_clk_2p |       4.000 | {-0.500 1.500} |          |           1 |        0 |              0 |        0 | dac_clk_2p |
+-----------+-----------------+-------------------+----------------+-------------+----------------+----------+-------------+----------+----------------+----------+------------+
* Slice Loads column represents load cell count of all cell types other than IO, GT and clock resources
** IO Loads column represents load cell count of IO types
*** Clocking Loads column represents load cell count that are clock resources (global clock buffer, MMCM, PLL, etc)
**** GT Loads column represents load cell count of GT types


+----+----+----+
|    | X0 | X1 |
+----+----+----+
| Y1 |  0 |  1 |
| Y0 |  0 |  0 |
+----+----+----+


16. Load Cell Placement Summary for Global Clock g5
---------------------------------------------------

+-----------+-----------------+-------------------+----------------+-------------+---------------+----------+-------------+----------+----------------+----------+------------+
| Global Id | Driver Type/Pin | Driver Region (D) | Clock          | Period (ns) | Waveform (ns) | Root (R) | Slice Loads | IO Loads | Clocking Loads | GT Loads | Net        |
+-----------+-----------------+-------------------+----------------+-------------+---------------+----------+-------------+----------+----------------+----------+------------+
| g5        | BUFG/O          | n/a               | pll_dac_clk_2x |       4.000 | {0.000 2.000} |          |           1 |        0 |              0 |        0 | dac_clk_2x |
+-----------+-----------------+-------------------+----------------+-------------+---------------+----------+-------------+----------+----------------+----------+------------+
* Slice Loads column represents load cell count of all cell types other than IO, GT and clock resources
** IO Loads column represents load cell count of IO types
*** Clocking Loads column represents load cell count that are clock resources (global clock buffer, MMCM, PLL, etc)
**** GT Loads column represents load cell count of GT types


+----+----+----+
|    | X0 | X1 |
+----+----+----+
| Y1 |  0 |  1 |
| Y0 |  0 |  0 |
+----+----+----+



# Location of BUFG Primitives 
set_property LOC BUFGCTRL_X0Y2 [get_cells bufg_pwm_clk]
set_property LOC BUFGCTRL_X0Y1 [get_cells ps/system_i/processing_system7/inst/buffer_fclk_clk_3.FCLK_CLK_3_BUFG]
set_property LOC BUFGCTRL_X0Y5 [get_cells bufg_dac_clk_2x]
set_property LOC BUFGCTRL_X0Y4 [get_cells bufg_dac_clk_2p]
set_property LOC BUFGCTRL_X0Y3 [get_cells bufg_dac_clk_1x]
set_property LOC BUFGCTRL_X0Y0 [get_cells bufg_adc_clk]

# Location of IO Primitives which is load of clock spine

# Location of clock ports
set_property LOC IOB_X0Y25 [get_ports adc_clk_i[0]]
set_property LOC IOB_X0Y26 [get_ports adc_clk_i[1]]

# Clock net "pwm_clk" driven by instance "bufg_pwm_clk" located at site "BUFGCTRL_X0Y2"
#startgroup
create_pblock {CLKAG_pwm_clk}
add_cells_to_pblock [get_pblocks  {CLKAG_pwm_clk}] [get_cells -filter { PRIMITIVE_GROUP != I/O && IS_PRIMITIVE==1 && PRIMITIVE_LEVEL !=INTERNAL } -of_object [get_pins -filter {DIRECTION==IN} -of_objects [get_nets -hierarchical -filter {PARENT=="pwm_clk"}]]]
resize_pblock [get_pblocks {CLKAG_pwm_clk}] -add {CLOCKREGION_X1Y0:CLOCKREGION_X1Y0}
#endgroup

# Clock net "ps/system_i/processing_system7/inst/FCLK_CLK3" driven by instance "ps/system_i/processing_system7/inst/buffer_fclk_clk_3.FCLK_CLK_3_BUFG" located at site "BUFGCTRL_X0Y1"
#startgroup
create_pblock {CLKAG_ps/system_i/processing_system7/inst/FCLK_CLK3}
add_cells_to_pblock [get_pblocks  {CLKAG_ps/system_i/processing_system7/inst/FCLK_CLK3}] [get_cells -filter { PRIMITIVE_GROUP != I/O && IS_PRIMITIVE==1 && PRIMITIVE_LEVEL !=INTERNAL } -of_object [get_pins -filter {DIRECTION==IN} -of_objects [get_nets -hierarchical -filter {PARENT=="ps/system_i/processing_system7/inst/FCLK_CLK3"}]]]
resize_pblock [get_pblocks {CLKAG_ps/system_i/processing_system7/inst/FCLK_CLK3}] -add {CLOCKREGION_X0Y0:CLOCKREGION_X0Y0 CLOCKREGION_X0Y1:CLOCKREGION_X0Y1}
#endgroup

# Clock net "dac_clk_2x" driven by instance "bufg_dac_clk_2x" located at site "BUFGCTRL_X0Y5"
#startgroup
create_pblock {CLKAG_dac_clk_2x}
add_cells_to_pblock [get_pblocks  {CLKAG_dac_clk_2x}] [get_cells -filter { PRIMITIVE_GROUP != I/O && IS_PRIMITIVE==1 && PRIMITIVE_LEVEL !=INTERNAL } -of_object [get_pins -filter {DIRECTION==IN} -of_objects [get_nets -hierarchical -filter {PARENT=="dac_clk_2x"}]]]
resize_pblock [get_pblocks {CLKAG_dac_clk_2x}] -add {CLOCKREGION_X1Y1:CLOCKREGION_X1Y1}
#endgroup

# Clock net "dac_clk_2p" driven by instance "bufg_dac_clk_2p" located at site "BUFGCTRL_X0Y4"
#startgroup
create_pblock {CLKAG_dac_clk_2p}
add_cells_to_pblock [get_pblocks  {CLKAG_dac_clk_2p}] [get_cells -filter { PRIMITIVE_GROUP != I/O && IS_PRIMITIVE==1 && PRIMITIVE_LEVEL !=INTERNAL } -of_object [get_pins -filter {DIRECTION==IN} -of_objects [get_nets -hierarchical -filter {PARENT=="dac_clk_2p"}]]]
resize_pblock [get_pblocks {CLKAG_dac_clk_2p}] -add {CLOCKREGION_X1Y1:CLOCKREGION_X1Y1}
#endgroup

# Clock net "dac_clk_1x" driven by instance "bufg_dac_clk_1x" located at site "BUFGCTRL_X0Y3"
#startgroup
create_pblock {CLKAG_dac_clk_1x}
add_cells_to_pblock [get_pblocks  {CLKAG_dac_clk_1x}] [get_cells -filter { PRIMITIVE_GROUP != I/O && IS_PRIMITIVE==1 && PRIMITIVE_LEVEL !=INTERNAL } -of_object [get_pins -filter {DIRECTION==IN} -of_objects [get_nets -hierarchical -filter {PARENT=="dac_clk_1x"}]]]
resize_pblock [get_pblocks {CLKAG_dac_clk_1x}] -add {CLOCKREGION_X1Y0:CLOCKREGION_X1Y0 CLOCKREGION_X1Y1:CLOCKREGION_X1Y1}
#endgroup

# Clock net "adc_clk" driven by instance "bufg_adc_clk" located at site "BUFGCTRL_X0Y0"
#startgroup
create_pblock {CLKAG_adc_clk}
add_cells_to_pblock [get_pblocks  {CLKAG_adc_clk}] [get_cells -filter { PRIMITIVE_GROUP != I/O && IS_PRIMITIVE==1 && PRIMITIVE_LEVEL !=INTERNAL } -of_object [get_pins -filter {DIRECTION==IN} -of_objects [get_nets -hierarchical -filter {PARENT=="adc_clk"}]]]
resize_pblock [get_pblocks {CLKAG_adc_clk}] -add {CLOCKREGION_X0Y0:CLOCKREGION_X0Y0 CLOCKREGION_X0Y1:CLOCKREGION_X0Y1 CLOCKREGION_X1Y0:CLOCKREGION_X1Y0 CLOCKREGION_X1Y1:CLOCKREGION_X1Y1}
#endgroup
