Copyright 1986-2016 Xilinx, Inc. All Rights Reserved.
-------------------------------------------------------------------------------------------
| Tool Version : Vivado v.2016.4 (win64) Build 1733598 Wed Dec 14 22:35:39 MST 2016
| Date         : Thu Apr 13 20:04:46 2017
| Host         : vova-PC running 64-bit Service Pack 1  (build 7601)
| Command      : report_control_sets -verbose -file red_pitaya_top_control_sets_placed.rpt
| Design       : red_pitaya_top
| Device       : xc7z010
-------------------------------------------------------------------------------------------

Control Set Information

Table of Contents
-----------------
1. Summary
2. Flip-Flop Distribution
3. Detailed Control Set Information

1. Summary
----------

+----------------------------------------------------------+-------+
|                          Status                          | Count |
+----------------------------------------------------------+-------+
| Number of unique control sets                            |   208 |
| Unused register locations in slices containing registers |   510 |
+----------------------------------------------------------+-------+


2. Flip-Flop Distribution
-------------------------

+--------------+-----------------------+------------------------+-----------------+--------------+
| Clock Enable | Synchronous Set/Reset | Asynchronous Set/Reset | Total Registers | Total Slices |
+--------------+-----------------------+------------------------+-----------------+--------------+
| No           | No                    | No                     |             244 |           99 |
| No           | No                    | Yes                    |               0 |            0 |
| No           | Yes                   | No                     |             649 |          208 |
| Yes          | No                    | No                     |            1467 |          481 |
| Yes          | No                    | Yes                    |               0 |            0 |
| Yes          | Yes                   | No                     |            2130 |          638 |
+--------------+-----------------------+------------------------+-----------------+--------------+


3. Detailed Control Set Information
-----------------------------------

+------------------------------------------------+---------------------------------------------------------------------------------------------------------------------------------------------------+------------------------------------------------------------------------------------------------------------------------------+------------------+----------------+
|                  Clock Signal                  |                                                                   Enable Signal                                                                   |                                                       Set/Reset Signal                                                       | Slice Load Count | Bel Load Count |
+------------------------------------------------+---------------------------------------------------------------------------------------------------------------------------------------------------+------------------------------------------------------------------------------------------------------------------------------+------------------+----------------+
|  pwm_clk                                       |                                                                                                                                                   |                                                                                                                              |                1 |              1 |
|  adc_clk                                       | ps/axi_master[0]/axi_awpop                                                                                                                        | ps/axi_master[0]/axi_awburst_o[0]_i_1__0_n_0                                                                                 |                1 |              1 |
|  adc_clk                                       | ps/axi_master[1]/axi_awpop                                                                                                                        | ps/axi_master[1]/axi_awburst_o[0]_i_1_n_0                                                                                    |                1 |              1 |
|  ps/system_i/processing_system7/inst/FCLK_CLK3 | ps/system_i/axi_protocol_converter_0/inst/gen_axilite.gen_b2s_conv.axilite_b2s/WR.b_channel_0/bid_fifo_0/bresp_push                               |                                                                                                                              |                1 |              2 |
|  ps/system_i/processing_system7/inst/FCLK_CLK3 |                                                                                                                                                   | ps/system_i/axi_protocol_converter_0/inst/gen_axilite.gen_b2s_conv.axilite_b2s/SI_REG/ar_pipe/m_valid_i_reg_0                |                3 |              4 |
|  adc_clk                                       | i_scope/i_wr1/dat_cnt[3]_i_1__0_n_0                                                                                                               | i_scope/i_wr1/clear                                                                                                          |                1 |              4 |
|  adc_clk                                       | ps/axi_master[1]/axi_awpush                                                                                                                       | i_scope/i_dfilt1_chb/bb_mult_0                                                                                               |                1 |              4 |
|  pwm_clk                                       | pwm[1]/bcnt                                                                                                                                       | pwm[1]/SR[0]                                                                                                                 |                2 |              4 |
|  adc_clk                                       | i_scope/i_wr1/wr_cnt_reg[0]_0[0]                                                                                                                  | i_scope/i_dfilt1_chb/bb_mult_0                                                                                               |                2 |              4 |
|  adc_clk                                       | i_scope/i_wr1/E[0]                                                                                                                                | i_scope/i_dfilt1_chb/bb_mult_0                                                                                               |                1 |              4 |
|  pwm_clk                                       | pwm[2]/bcnt                                                                                                                                       | pwm[1]/SR[0]                                                                                                                 |                1 |              4 |
|  adc_clk                                       | ps/axi_master[1]/axi_awpop                                                                                                                        | i_scope/i_dfilt1_chb/bb_mult_0                                                                                               |                2 |              4 |
|  adc_clk                                       | ps/axi_master[1]/axi_wpop                                                                                                                         | i_scope/i_dfilt1_chb/bb_mult_0                                                                                               |                1 |              4 |
|  pwm_clk                                       | pwm[3]/bcnt                                                                                                                                       | pwm[1]/SR[0]                                                                                                                 |                1 |              4 |
|  adc_clk                                       | i_scope/i_wr0/dat_cnt[3]_i_1_n_0                                                                                                                  | i_scope/i_wr0/clear                                                                                                          |                2 |              4 |
|  adc_clk                                       | i_scope/set_trig_src[3]_i_1_n_0                                                                                                                   | i_scope/i_dfilt1_chb/bb_mult_0                                                                                               |                1 |              4 |
|  adc_clk                                       | i_scope/i_wr0/axi_wwr_pt_reg[0][0]                                                                                                                | i_scope/i_dfilt1_chb/bb_mult_0                                                                                               |                1 |              4 |
|  adc_clk                                       |                                                                                                                                                   | i_scope/i_wr0/clear                                                                                                          |                2 |              4 |
|  adc_clk                                       |                                                                                                                                                   | i_scope/i_wr1/clear                                                                                                          |                3 |              4 |
|  adc_clk                                       | i_scope/i_wr0/wr_cnt_reg[0]_0[0]                                                                                                                  | i_scope/i_dfilt1_chb/bb_mult_0                                                                                               |                2 |              4 |
|  adc_clk                                       |                                                                                                                                                   | i_scope/axi_b_dat_sel                                                                                                        |                1 |              4 |
|  ps/system_i/processing_system7/inst/FCLK_CLK3 | ps/system_i/axi_protocol_converter_0/inst/gen_axilite.gen_b2s_conv.axilite_b2s/WR.aw_channel_0/aw_cmd_fsm_0/E[0]                                  | ps/system_i/axi_protocol_converter_0/inst/gen_axilite.gen_b2s_conv.axilite_b2s/WR.aw_channel_0/aw_cmd_fsm_0/axlen_cnt_reg[7] |                2 |              4 |
|  ps/system_i/processing_system7/inst/FCLK_CLK3 | ps/system_i/xadc/inst/AXI_XADC_CORE_I/D[6]                                                                                                        | ps/system_i/xadc/inst/SOFT_RESET_I/reset2ip_reset                                                                            |                2 |              4 |
|  ps/system_i/processing_system7/inst/FCLK_CLK3 | ps/system_i/axi_protocol_converter_0/inst/gen_axilite.gen_b2s_conv.axilite_b2s/RD.ar_channel_0/ar_cmd_fsm_0/axlen_cnt_reg[3][0]                   | ps/system_i/axi_protocol_converter_0/inst/gen_axilite.gen_b2s_conv.axilite_b2s/RD.ar_channel_0/ar_cmd_fsm_0/axlen_cnt_reg[7] |                1 |              4 |
|  ps/system_i/processing_system7/inst/FCLK_CLK3 |                                                                                                                                                   | ps/system_i/axi_protocol_converter_0/inst/gen_axilite.gen_b2s_conv.axilite_b2s/SI_REG/aw_pipe/s_ready_i_reg_0                |                3 |              4 |
|  adc_clk                                       | ps/axi_master[1]/axi_rfill_lvl[3]_i_1_n_0                                                                                                         | i_scope/i_dfilt1_chb/bb_mult_0                                                                                               |                1 |              4 |
|  adc_clk                                       | ps/axi_master[0]/axi_awpop                                                                                                                        | i_scope/i_dfilt1_chb/bb_mult_0                                                                                               |                1 |              4 |
|  adc_clk                                       | ps/axi_master[0]/axi_awlen_o[3]_i_1__0_n_0                                                                                                        | ps/axi_master[0]/axi_awaddr_o[31]_i_1__0_n_0                                                                                 |                1 |              4 |
|  adc_clk                                       | ps/axi_master[0]/axi_awpush                                                                                                                       | i_scope/i_dfilt1_chb/bb_mult_0                                                                                               |                1 |              4 |
|  adc_clk                                       | ps/axi_master[0]/axi_rfill_lvl[3]_i_1__0_n_0                                                                                                      | i_scope/i_dfilt1_chb/bb_mult_0                                                                                               |                1 |              4 |
|  adc_clk                                       | ps/axi_master[0]/axi_wfill_lvl[3]_i_1__0_n_0                                                                                                      | i_scope/i_dfilt1_chb/bb_mult_0                                                                                               |                1 |              4 |
|  adc_clk                                       | ps/axi_master[0]/axi_awfill_lvl[3]_i_1__0_n_0                                                                                                     | i_scope/i_dfilt1_chb/bb_mult_0                                                                                               |                2 |              4 |
|  adc_clk                                       | ps/axi_master[0]/axi_wpop                                                                                                                         | i_scope/i_dfilt1_chb/bb_mult_0                                                                                               |                2 |              4 |
|  adc_clk                                       | ps/axi_master[1]/axi_wfill_lvl[3]_i_1_n_0                                                                                                         | i_scope/i_dfilt1_chb/bb_mult_0                                                                                               |                2 |              4 |
|  adc_clk                                       | ps/axi_master[1]/axi_awlen_o[3]_i_1_n_0                                                                                                           | ps/axi_master[1]/axi_awaddr_o[31]_i_1_n_0                                                                                    |                1 |              4 |
|  adc_clk                                       | ps/axi_slave_gp0/set_21_irst_reg_0                                                                                                                | i_scope/i_dfilt1_chb/bb_mult_0                                                                                               |                1 |              4 |
|  ps/system_i/processing_system7/inst/FCLK_CLK3 |                                                                                                                                                   | ps/system_i/proc_sys_reset/U0/EXT_LPF/lpf_int                                                                                |                2 |              5 |
|  adc_clk                                       | ps/axi_slave_gp0/ack_cnt[5]_i_2_n_0                                                                                                               | ps/axi_slave_gp0/ack_cnt[5]                                                                                                  |                1 |              5 |
|  adc_clk                                       | rstn                                                                                                                                              | ps/axi_slave_gp0/sys_rdata_reg[25]                                                                                           |                3 |              6 |
|  ps/system_i/processing_system7/inst/FCLK_CLK3 | ps/system_i/proc_sys_reset/U0/SEQ/seq_cnt_en                                                                                                      | ps/system_i/proc_sys_reset/U0/SEQ/SEQ_COUNTER/clear                                                                          |                1 |              6 |
|  ps/system_i/processing_system7/inst/FCLK_CLK3 |                                                                                                                                                   | ps/system_i/xadc/inst/AXI_LITE_IPIF_I/I_SLAVE_ATTACHMENT/p_2_out                                                             |                2 |              7 |
|  adc_clk                                       | ps/axi_slave_gp0/exp_n_dat_o_reg[7][0]                                                                                                            | i_scope/i_dfilt1_chb/bb_mult_0                                                                                               |                2 |              8 |
|  pwm_clk                                       | pwm[1]/v[7]_i_1__1_n_0                                                                                                                            |                                                                                                                              |                3 |              8 |
|  adc_clk                                       | ps/axi_slave_gp0/exp_n_dir_o_reg[7][0]                                                                                                            | i_scope/i_dfilt1_chb/bb_mult_0                                                                                               |                1 |              8 |
|  pwm_clk                                       | pwm[2]/v[7]_i_1__0_n_0                                                                                                                            |                                                                                                                              |                1 |              8 |
|  adc_clk                                       | ps/axi_slave_gp0/exp_p_dat_o_reg[7][0]                                                                                                            | i_scope/i_dfilt1_chb/bb_mult_0                                                                                               |                3 |              8 |
|  pwm_clk                                       | pwm[3]/v[7]_i_1_n_0                                                                                                                               |                                                                                                                              |                1 |              8 |
|  adc_clk                                       | ps/axi_slave_gp0/exp_p_dir_o_reg[7][0]                                                                                                            | i_scope/i_dfilt1_chb/bb_mult_0                                                                                               |                2 |              8 |
|  ps/system_i/processing_system7/inst/FCLK_CLK3 | ps/system_i/axi_protocol_converter_0/inst/gen_axilite.gen_b2s_conv.axilite_b2s/WR.b_channel_0/mhandshake_r                                        | ps/system_i/axi_protocol_converter_0/inst/gen_axilite.gen_b2s_conv.axilite_b2s/WR.b_channel_0/bid_fifo_0/SR[0]               |                2 |              8 |
|  adc_clk                                       | i_scope/i_wr0/push                                                                                                                                | i_scope/i_wr0/clear                                                                                                          |                2 |              8 |
|  adc_clk                                       | i_scope/i_wr0/pop                                                                                                                                 | i_scope/i_wr0/clear                                                                                                          |                2 |              8 |
|  adc_clk                                       | rstn                                                                                                                                              | ps/axi_slave_gp0/axi\\.RDATA[31]_i_1_n_0                                                                                     |                2 |              8 |
|  adc_clk                                       | i_scope/i_wr1/push                                                                                                                                | i_scope/i_wr1/clear                                                                                                          |                2 |              8 |
|  adc_clk                                       | i_scope/i_wr1/pop                                                                                                                                 | i_scope/i_wr1/clear                                                                                                          |                2 |              8 |
|  adc_clk                                       | i_scope/i_wr0/fill_lvl[8]_i_1_n_0                                                                                                                 | i_scope/i_wr0/clear                                                                                                          |                3 |              9 |
|  adc_clk                                       | ps/axi_master[0]/axi_wstrb_o[7]_i_1__0_n_0                                                                                                        | ps/axi_master[0]/axi_wdata_o[63]_i_1__0_n_0                                                                                  |                3 |              9 |
|  adc_clk                                       | i_hk/sel                                                                                                                                          | i_scope/i_dfilt1_chb/bb_mult_0                                                                                               |                3 |              9 |
|  adc_clk                                       | i_scope/i_wr1/fill_lvl[8]_i_1__0_n_0                                                                                                              | i_scope/i_wr1/clear                                                                                                          |                3 |              9 |
|  adc_clk                                       | ps/axi_master[1]/axi_wstrb_o[7]_i_1_n_0                                                                                                           | ps/axi_master[1]/axi_wdata_o[63]_i_1_n_0                                                                                     |                3 |              9 |
|  ps/system_i/processing_system7/inst/FCLK_CLK3 | ps/system_i/axi_protocol_converter_0/inst/gen_axilite.gen_b2s_conv.axilite_b2s/WR.aw_channel_0/cmd_translator_0/incr_cmd_0/axaddr_incr[0]_i_1_n_0 |                                                                                                                              |                3 |             12 |
|  ps/system_i/processing_system7/inst/FCLK_CLK3 | ps/system_i/axi_protocol_converter_0/inst/gen_axilite.gen_b2s_conv.axilite_b2s/RD.ar_channel_0/ar_cmd_fsm_0/E[0]                                  |                                                                                                                              |                5 |             12 |
|  ps/system_i/processing_system7/inst/FCLK_CLK3 | ps/system_i/axi_protocol_converter_0/inst/gen_axilite.gen_b2s_conv.axilite_b2s/WR.aw_channel_0/aw_cmd_fsm_0/wrap_boundary_axaddr_r_reg[0][0]      |                                                                                                                              |                6 |             12 |
|  ps/system_i/processing_system7/inst/FCLK_CLK3 | ps/system_i/axi_protocol_converter_0/inst/gen_axilite.gen_b2s_conv.axilite_b2s/RD.ar_channel_0/ar_cmd_fsm_0/axaddr_incr_reg[11]                   |                                                                                                                              |                3 |             12 |
|  adc_clk                                       | e_def/ch[1]/len_cnt[13]_i_2_n_0                                                                                                                   | e_def/ch[1]/len_cnt[13]_i_1_n_0                                                                                              |                4 |             13 |
|  ps/system_i/processing_system7/inst/FCLK_CLK3 | ps/system_i/axi_protocol_converter_0/inst/gen_axilite.gen_b2s_conv.axilite_b2s/RD.r_channel_0/r_push_r                                            |                                                                                                                              |                5 |             13 |
|  adc_clk                                       | ps/axi_slave_gp0/set_12_ki_reg[13][0]                                                                                                             | i_scope/i_dfilt1_chb/bb_mult_0                                                                                               |                4 |             14 |
|  adc_clk                                       | i_scope/axi_b_dat[31]_i_1_n_0                                                                                                                     |                                                                                                                              |                3 |             14 |
|  adc_clk                                       | i_scope/axi_b_dat[47]_i_1_n_0                                                                                                                     |                                                                                                                              |                2 |             14 |
|  adc_clk                                       | i_scope/axi_b_dat_dv0                                                                                                                             |                                                                                                                              |                4 |             14 |
|  adc_clk                                       | ps/axi_slave_gp0/set_12_kp_reg[13][0]                                                                                                             | i_scope/i_dfilt1_chb/bb_mult_0                                                                                               |                4 |             14 |
|  adc_clk                                       | ps/axi_slave_gp0/set_12_sp_reg[13][0]                                                                                                             | i_scope/i_dfilt1_chb/bb_mult_0                                                                                               |                5 |             14 |
|  adc_clk                                       | ps/axi_slave_gp0/set_21_kd_reg[13][0]                                                                                                             | i_scope/i_dfilt1_chb/bb_mult_0                                                                                               |                5 |             14 |
|  adc_clk                                       | ps/axi_slave_gp0/set_21_ki_reg[13][0]                                                                                                             | i_scope/i_dfilt1_chb/bb_mult_0                                                                                               |                4 |             14 |
|  adc_clk                                       | ps/axi_slave_gp0/set_21_kp_reg[13]_0[0]                                                                                                           | i_scope/i_dfilt1_chb/bb_mult_0                                                                                               |                6 |             14 |
|  adc_clk                                       | ps/axi_slave_gp0/set_21_sp_reg[13][0]                                                                                                             | i_scope/i_dfilt1_chb/bb_mult_0                                                                                               |                4 |             14 |
|  adc_clk                                       | ps/axi_slave_gp0/set_22_ki_reg[13][0]                                                                                                             | i_scope/i_dfilt1_chb/bb_mult_0                                                                                               |                4 |             14 |
|  adc_clk                                       | ps/axi_slave_gp0/set_22_kp_reg[13][0]                                                                                                             | i_scope/i_dfilt1_chb/bb_mult_0                                                                                               |                2 |             14 |
|  adc_clk                                       | ps/axi_slave_gp0/set_22_sp_reg[13][0]                                                                                                             | i_scope/i_dfilt1_chb/bb_mult_0                                                                                               |                4 |             14 |
|  adc_clk                                       | ps/axi_slave_gp0/set_11_kp_reg[13][0]                                                                                                             | i_scope/i_dfilt1_chb/bb_mult_0                                                                                               |                4 |             14 |
|  adc_clk                                       | ps/axi_slave_gp0/set_11_ki_reg[13][0]                                                                                                             | i_scope/i_dfilt1_chb/bb_mult_0                                                                                               |                4 |             14 |
|  adc_clk                                       | ps/axi_slave_gp0/set_11_kd_reg[13][0]                                                                                                             | i_scope/i_dfilt1_chb/bb_mult_0                                                                                               |                5 |             14 |
|  adc_clk                                       | ps/axi_slave_gp0/set_11_sp_reg[13][0]                                                                                                             | i_scope/i_dfilt1_chb/bb_mult_0                                                                                               |                6 |             14 |
|  adc_clk                                       | ps/axi_slave_gp0/set_12_kd_reg[13][0]                                                                                                             | i_scope/i_dfilt1_chb/bb_mult_0                                                                                               |                5 |             14 |
|  adc_clk                                       | ps/axi_slave_gp0/set_a_tresh_reg[13][0]                                                                                                           | i_scope/i_dfilt1_chb/bb_mult_0                                                                                               |                3 |             14 |
|  adc_clk                                       | ps/axi_slave_gp0/set_a_hyst_reg[13][0]                                                                                                            | i_scope/i_dfilt1_chb/bb_mult_0                                                                                               |                3 |             14 |
|  adc_clk                                       | ps/axi_slave_gp0/set_22_kd_reg[13][0]                                                                                                             | i_scope/i_dfilt1_chb/bb_mult_0                                                                                               |                3 |             14 |
|  adc_clk                                       | ps/axi_slave_gp0/led_o_reg[7][0]                                                                                                                  | i_scope/i_dfilt1_chb/bb_mult_0                                                                                               |                4 |             14 |
|  adc_clk                                       | i_scope/adc_wp_trig0                                                                                                                              | i_scope/axi_b_dat_sel                                                                                                        |                7 |             14 |
|  adc_clk                                       | i_scope/axi_a_dat[15]_i_1_n_0                                                                                                                     |                                                                                                                              |                4 |             14 |
|  adc_clk                                       | i_scope/axi_a_dat[31]_i_1_n_0                                                                                                                     |                                                                                                                              |                2 |             14 |
|  adc_clk                                       | ps/axi_slave_gp0/set_b_hyst_reg[13][0]                                                                                                            | i_scope/i_dfilt1_chb/bb_mult_0                                                                                               |                5 |             14 |
|  adc_clk                                       | i_scope/axi_a_dat[47]_i_1_n_0                                                                                                                     |                                                                                                                              |                2 |             14 |
|  adc_clk                                       | i_scope/axi_a_dat_dv0                                                                                                                             |                                                                                                                              |                2 |             14 |
|  adc_clk                                       | e_def/ch[1]/dac_do                                                                                                                                | e_def/ch[1]/dac_pnt[16]_i_1_n_0                                                                                              |                4 |             14 |
|  adc_clk                                       | ps/axi_slave_gp0/set_b_tresh_reg[13][0]                                                                                                           | i_scope/i_dfilt1_chb/bb_mult_0                                                                                               |                5 |             14 |
|  adc_clk                                       | i_scope/axi_b_dat[15]_i_1_n_0                                                                                                                     |                                                                                                                              |                2 |             14 |
|  adc_clk                                       | e_def/ch[0]/dac_do_reg_n_0                                                                                                                        | e_def/ch[0]/dac_pnt[16]_i_1__0_n_0                                                                                           |                4 |             14 |
|  ps/system_i/processing_system7/inst/FCLK_CLK3 | ps/system_i/axi_protocol_converter_0/inst/gen_axilite.gen_b2s_conv.axilite_b2s/SI_REG/b_pipe/p_1_in                                               |                                                                                                                              |                3 |             14 |
|  ps/system_i/processing_system7/inst/FCLK_CLK3 | ps/system_i/axi_protocol_converter_0/inst/gen_axilite.gen_b2s_conv.axilite_b2s/SI_REG/b_pipe/skid_buffer_reg[0]_0                                 |                                                                                                                              |                4 |             14 |
|  adc_clk                                       | e_def/ch[0]/len_cnt[13]_i_1_n_0                                                                                                                   |                                                                                                                              |                5 |             14 |
|  adc_clk                                       | rstn                                                                                                                                              | ps/axi_slave_gp0/sys_rdata_reg[0]_3                                                                                          |                7 |             15 |
|  pwm_clk                                       | pwm[2]/b                                                                                                                                          |                                                                                                                              |                4 |             16 |
|  pwm_clk                                       | pwm[3]/b                                                                                                                                          |                                                                                                                              |                4 |             16 |
|  adc_clk                                       | ps/axi_slave_gp0/pwm_data_o_reg[15][0]                                                                                                            | i_scope/i_dfilt1_chb/bb_mult_0                                                                                               |                6 |             16 |
|  adc_clk                                       | ps/axi_slave_gp0/pwm_cnf_o_reg[15][0]                                                                                                             | i_scope/i_dfilt1_chb/bb_mult_0                                                                                               |                6 |             16 |
|  adc_clk                                       | ps/axi_slave_gp0/pwm_rng_o_reg[15][0]                                                                                                             | i_scope/i_dfilt1_chb/bb_mult_0                                                                                               |                6 |             16 |
|  adc_clk                                       | e_def/pwm_long/str_rdy_carry__0_n_2                                                                                                               | i_scope/i_dfilt1_chb/bb_mult_0                                                                                               |                4 |             16 |
|  pwm_clk                                       | pwm[1]/b                                                                                                                                          |                                                                                                                              |                5 |             16 |
|  adc_clk                                       | ps/axi_slave_gp0/trig_b_src_reg[0]                                                                                                                | i_scope/i_dfilt1_chb/bb_mult_0                                                                                               |                8 |             16 |
|  adc_clk                                       | ps/axi_slave_gp0/len_a_reg[15][0]                                                                                                                 | i_scope/i_dfilt1_chb/bb_mult_0                                                                                               |                4 |             16 |
|  ps/system_i/processing_system7/inst/FCLK_CLK3 | ps/system_i/axi_protocol_converter_0/inst/gen_axilite.gen_b2s_conv.axilite_b2s/WR.aw_channel_0/aw_cmd_fsm_0/b_push                                |                                                                                                                              |                3 |             16 |
|  adc_clk                                       | e_def/pwm_long/inc_cnt_reg_n_0                                                                                                                    | e_def/pwm_long/cnt[0]_i_1_n_0                                                                                                |                4 |             16 |
|  adc_clk                                       |                                                                                                                                                   | i_scope/adc_dec_cnt[16]                                                                                                      |                4 |             16 |
|  adc_clk                                       |                                                                                                                                                   | e_def/pwm_long/cnt_pre[0]_i_1_n_0                                                                                            |                4 |             16 |
|  adc_clk                                       | ps/axi_slave_gp0/pwm_pre_o_reg[15][0]                                                                                                             | i_scope/i_dfilt1_chb/bb_mult_0                                                                                               |                4 |             16 |
|  ps/system_i/processing_system7/inst/FCLK_CLK3 |                                                                                                                                                   | ps/system_i/xadc/inst/SOFT_RESET_I/SR[0]                                                                                     |                3 |             16 |
|  adc_clk                                       | e_def/ch[1]/ext_trig_debn[19]_i_2_n_0                                                                                                             | e_def/ch[1]/ext_trig_debn[19]_i_1_n_0                                                                                        |                5 |             17 |
|  adc_clk                                       | e_def/ch[0]/ext_trig_debn[19]_i_2__0_n_0                                                                                                          | e_def/ch[0]/ext_trig_debn[19]_i_1__0_n_0                                                                                     |                5 |             17 |
|  adc_clk                                       | e_def/ch[0]/ext_trig_debp[19]_i_2__0_n_0                                                                                                          | e_def/ch[0]/ext_trig_debp[19]_i_1_n_0                                                                                        |                6 |             17 |
|  adc_clk                                       | e_def/ch[1]/ext_trig_debp[19]_i_2_n_0                                                                                                             | e_def/ch[1]/ext_trig_debp[19]_i_1__0_n_0                                                                                     |                5 |             17 |
|  ps/system_i/processing_system7/inst/FCLK_CLK3 | ps/system_i/xadc/inst/AXI_LITE_IPIF_I/I_SLAVE_ATTACHMENT/I_DECODER/E[0]                                                                           | ps/system_i/xadc/inst/SOFT_RESET_I/reset2ip_reset                                                                            |                4 |             17 |
|  adc_clk                                       | rstn                                                                                                                                              | ps/axi_slave_gp0/sys_rdata_reg[8]                                                                                            |                8 |             17 |
|  adc_clk                                       | ps/axi_slave_gp0/set_dec_reg[16][0]                                                                                                               | i_scope/i_dfilt1_chb/bb_mult_0                                                                                               |                4 |             17 |
|  dac_clk_1x                                    | sel                                                                                                                                               | e_def/ch[0]/asg_trig_in_reg[1]                                                                                               |                5 |             17 |
|  adc_clk                                       | ps/axi_slave_gp0/set_b_filt_aa_reg[17][0]                                                                                                         | i_scope/i_dfilt1_chb/bb_mult_0                                                                                               |                5 |             18 |
|  adc_clk                                       | ps/axi_slave_gp0/set_a_filt_aa_reg[17][0]                                                                                                         | i_scope/i_dfilt1_chb/bb_mult_0                                                                                               |                5 |             18 |
|  adc_clk                                       | i_scope/asg_trig_debn[0]_i_1_n_0                                                                                                                  | i_scope/i_dfilt1_chb/bb_mult_0                                                                                               |                5 |             20 |
|  ps/system_i/processing_system7/inst/FCLK_CLK3 | ps/system_i/axi_protocol_converter_0/inst/gen_axilite.gen_b2s_conv.axilite_b2s/RD.ar_channel_0/ar_cmd_fsm_0/axlen_cnt_reg[3][0]                   |                                                                                                                              |                9 |             20 |
|  adc_clk                                       | ps/axi_slave_gp0/set_deb_len_reg[19][0]                                                                                                           | i_scope/i_dfilt1_chb/bb_mult_0                                                                                               |                7 |             20 |
|  adc_clk                                       | e_def/ch[1]/ext_trig_debp_reg[19]_0                                                                                                               | i_scope/i_dfilt1_chb/bb_mult_0                                                                                               |                5 |             20 |
|  ps/system_i/processing_system7/inst/FCLK_CLK3 | ps/system_i/xadc/inst/AXI_LITE_IPIF_I/I_SLAVE_ATTACHMENT/s_axi_rdata_i                                                                            | ps/system_i/xadc/inst/AXI_LITE_IPIF_I/I_SLAVE_ATTACHMENT/SR[0]                                                               |                4 |             20 |
|  ps/system_i/processing_system7/inst/FCLK_CLK3 | ps/system_i/axi_protocol_converter_0/inst/gen_axilite.gen_b2s_conv.axilite_b2s/WR.aw_channel_0/aw_cmd_fsm_0/E[0]                                  |                                                                                                                              |                8 |             20 |
|  adc_clk                                       | e_def/ch[1]/ext_trig_debn_reg[19]_0                                                                                                               | i_scope/i_dfilt1_chb/bb_mult_0                                                                                               |                5 |             20 |
|  adc_clk                                       | i_scope/asg_trig_debp[0]_i_1_n_0                                                                                                                  | i_scope/i_dfilt1_chb/bb_mult_0                                                                                               |                5 |             20 |
|  adc_clk                                       | ps/axi_slave_gp0/dac_c_o_reg[23][0]                                                                                                               | i_scope/i_dfilt1_chb/bb_mult_0                                                                                               |                6 |             24 |
|  adc_clk                                       | ps/axi_slave_gp0/dac_b_o_reg[23][0]                                                                                                               | i_scope/i_dfilt1_chb/bb_mult_0                                                                                               |                5 |             24 |
|  adc_clk                                       | ps/axi_slave_gp0/E[0]                                                                                                                             | i_scope/i_dfilt1_chb/bb_mult_0                                                                                               |                5 |             24 |
|  ps/system_i/processing_system7/inst/FCLK_CLK3 |                                                                                                                                                   | ps/system_i/xadc/inst/AXI_LITE_IPIF_I/I_SLAVE_ATTACHMENT/SR[0]                                                               |                8 |             24 |
|  pwm_clk                                       |                                                                                                                                                   | pwm[1]/SR[0]                                                                                                                 |               10 |             24 |
|  adc_clk                                       | rstn                                                                                                                                              | ps/axi_slave_gp0/sys_rdata_reg[0]_2                                                                                          |                8 |             24 |
|  adc_clk                                       | ps/axi_slave_gp0/dac_d_o_reg[23][0]                                                                                                               | i_scope/i_dfilt1_chb/bb_mult_0                                                                                               |                6 |             24 |
|  adc_clk                                       | ps/axi_slave_gp0/set_a_filt_kk_reg[24][0]                                                                                                         | i_scope/i_dfilt1_chb/bb_mult_0                                                                                               |                9 |             25 |
|  ps/system_i/processing_system7/inst/FCLK_CLK3 | ps/system_i/xadc/inst/AXI_LITE_IPIF_I/I_SLAVE_ATTACHMENT/I_DECODER/start                                                                          | ps/system_i/xadc/inst/AXI_LITE_IPIF_I/I_SLAVE_ATTACHMENT/I_DECODER/cs_ce_clr                                                 |                8 |             25 |
|  adc_clk                                       | ps/axi_slave_gp0/set_a_filt_pp_reg[24][0]                                                                                                         | i_scope/i_dfilt1_chb/bb_mult_0                                                                                               |                9 |             25 |
|  adc_clk                                       | ps/axi_slave_gp0/set_b_filt_bb_reg[24][0]                                                                                                         | i_scope/i_dfilt1_chb/bb_mult_0                                                                                               |               11 |             25 |
|  adc_clk                                       | ps/axi_slave_gp0/set_a_filt_bb_reg[24][0]                                                                                                         | i_scope/i_dfilt1_chb/bb_mult_0                                                                                               |                6 |             25 |
|  adc_clk                                       | ps/axi_slave_gp0/set_b_filt_kk_reg[24]_0[0]                                                                                                       | i_scope/i_dfilt1_chb/bb_mult_0                                                                                               |                4 |             25 |
|  adc_clk                                       | ps/axi_slave_gp0/set_b_filt_pp_reg[24][0]                                                                                                         | i_scope/i_dfilt1_chb/bb_mult_0                                                                                               |                4 |             25 |
|  adc_clk                                       | ps/axi_slave_gp0/buf_a_rpnt_rd_reg[15][0]                                                                                                         |                                                                                                                              |               11 |             28 |
|  adc_clk                                       | ps/axi_slave_gp0/set_b_amp_reg[0][0]                                                                                                              | i_scope/i_dfilt1_chb/bb_mult_0                                                                                               |               13 |             28 |
|  adc_clk                                       | i_scope/p_0_in28_out                                                                                                                              | i_scope/axi_b_dat_sel                                                                                                        |                7 |             28 |
|  adc_clk                                       | ps/axi_slave_gp0/set_a_amp_reg[0][0]                                                                                                              | i_scope/i_dfilt1_chb/bb_mult_0                                                                                               |               14 |             28 |
|  dac_clk_1x                                    |                                                                                                                                                   |                                                                                                                              |               13 |             30 |
|  adc_clk                                       | ps/axi_slave_gp0/set_a_step_reg[29]_1[0]                                                                                                          | i_scope/i_dfilt1_chb/bb_mult_0                                                                                               |               11 |             30 |
|  adc_clk                                       | ps/axi_slave_gp0/set_a_size_reg[29][0]                                                                                                            | i_scope/i_dfilt1_chb/bb_mult_0                                                                                               |               13 |             30 |
|  adc_clk                                       | ps/axi_slave_gp0/set_a_ofs_reg[29][0]                                                                                                             | i_scope/i_dfilt1_chb/bb_mult_0                                                                                               |               17 |             30 |
|  adc_clk                                       | ps/axi_slave_gp0/set_b_size_reg[29][0]                                                                                                            | i_scope/i_dfilt1_chb/bb_mult_0                                                                                               |               14 |             30 |
|  adc_clk                                       | ps/axi_slave_gp0/set_b_step_reg[29][0]                                                                                                            | i_scope/i_dfilt1_chb/bb_mult_0                                                                                               |               12 |             30 |
|  adc_clk                                       | ps/axi_slave_gp0/set_b_ofs_reg[29][0]                                                                                                             | i_scope/i_dfilt1_chb/bb_mult_0                                                                                               |               12 |             30 |
|  adc_clk                                       | i_scope/set_b_axi_trig0                                                                                                                           | i_scope/adc_rst_do                                                                                                           |               10 |             31 |
|  adc_clk                                       | i_scope/set_a_axi_trig0                                                                                                                           | i_scope/adc_rst_do                                                                                                           |               13 |             31 |
|  adc_clk                                       | ps/axi_slave_gp0/set_b_axi_stop_reg[31][0]                                                                                                        |                                                                                                                              |               10 |             32 |
|  adc_clk                                       | ps/axi_slave_gp0/set_b_axi_start_reg[31][0]                                                                                                       |                                                                                                                              |               14 |             32 |
|  adc_clk                                       | ps/axi_slave_gp0/set_b_axi_dly_reg[31][0]                                                                                                         |                                                                                                                              |               15 |             32 |
|  adc_clk                                       | ps/axi_master[1]/axi_awaddr_o0_in                                                                                                                 | ps/axi_master[1]/axi_awaddr_o[31]_i_1_n_0                                                                                    |                6 |             32 |
|  adc_clk                                       | ps/axi_slave_gp0/set_a_rdly_reg[31]_1[0]                                                                                                          | i_scope/i_dfilt1_chb/bb_mult_0                                                                                               |                9 |             32 |
|  adc_clk                                       | i_scope/i_wr0/E[0]                                                                                                                                |                                                                                                                              |               10 |             32 |
|  adc_clk                                       | ps/axi_slave_gp0/set_a_axi_stop_reg[31][0]                                                                                                        |                                                                                                                              |               13 |             32 |
|  adc_clk                                       | ps/axi_slave_gp0/set_a_axi_start_reg[31][0]                                                                                                       |                                                                                                                              |                8 |             32 |
|  adc_clk                                       | i_scope/i_wr1/set_b_axi_cur_reg[0]_0[0]                                                                                                           |                                                                                                                              |                9 |             32 |
|  adc_clk                                       | i_scope/adc_dly_cnt[0]_i_1_n_0                                                                                                                    | i_scope/i_dfilt1_chb/bb_mult_0                                                                                               |                8 |             32 |
|  adc_clk                                       | i_scope/adc_we_cnt[0]_i_2_n_0                                                                                                                     | i_scope/adc_we_cnt[0]_i_1_n_0                                                                                                |                8 |             32 |
|  adc_clk                                       | ps/axi_slave_gp0/wr_wdata                                                                                                                         |                                                                                                                              |               12 |             32 |
|  adc_clk                                       | e_def/ch[1]/dly_cnt[31]_i_1_n_0                                                                                                                   |                                                                                                                              |               12 |             32 |
|  adc_clk                                       | i_scope/axi_a_dly_cnt[0]_i_1_n_0                                                                                                                  | i_scope/i_dfilt1_chb/bb_mult_0                                                                                               |                8 |             32 |
|  adc_clk                                       | i_scope/axi_b_dly_cnt[0]_i_1_n_0                                                                                                                  | i_scope/i_dfilt1_chb/bb_mult_0                                                                                               |                8 |             32 |
|  adc_clk                                       | ps/axi_slave_gp0/set_dly_reg[31][0]                                                                                                               | i_scope/i_dfilt1_chb/bb_mult_0                                                                                               |               11 |             32 |
|  adc_clk                                       | ps/axi_master[0]/axi_awaddr_o0_in                                                                                                                 | ps/axi_master[0]/axi_awaddr_o[31]_i_1__0_n_0                                                                                 |                6 |             32 |
|  ps/system_i/processing_system7/inst/FCLK_CLK3 | ps/system_i/axi_protocol_converter_0/inst/gen_axilite.gen_b2s_conv.axilite_b2s/SI_REG/ar_pipe/s_axi_arready                                       |                                                                                                                              |                8 |             32 |
|  ps/system_i/processing_system7/inst/FCLK_CLK3 | ps/system_i/axi_protocol_converter_0/inst/gen_axilite.gen_b2s_conv.axilite_b2s/SI_REG/aw_pipe/s_axi_awready                                       |                                                                                                                              |                7 |             32 |
|  adc_clk                                       | e_def/ch[0]/dly_cnt[31]_i_1__0_n_0                                                                                                                |                                                                                                                              |               12 |             32 |
|  adc_clk                                       | ps/axi_slave_gp0/set_b_rdly_reg[31][0]                                                                                                            | i_scope/i_dfilt1_chb/bb_mult_0                                                                                               |                6 |             32 |
|  ps/system_i/processing_system7/inst/FCLK_CLK3 | ps/system_i/axi_protocol_converter_0/inst/gen_axilite.gen_b2s_conv.axilite_b2s/RD.ar_channel_0/ar_cmd_fsm_0/m_payload_i_reg[0]_1[0]               |                                                                                                                              |                5 |             32 |
|  adc_clk                                       | ps/axi_slave_gp0/set_a_axi_dly_reg[31][0]                                                                                                         |                                                                                                                              |               12 |             32 |
|  ps/system_i/processing_system7/inst/FCLK_CLK3 | ps/system_i/axi_protocol_converter_0/inst/gen_axilite.gen_b2s_conv.axilite_b2s/WR.aw_channel_0/aw_cmd_fsm_0/m_payload_i_reg[0][0]                 |                                                                                                                              |                7 |             32 |
|  ps/system_i/processing_system7/inst/FCLK_CLK3 | ps/system_i/axi_protocol_converter_0/inst/gen_axilite.gen_b2s_conv.axilite_b2s/RD.r_channel_0/rd_data_fifo_0/wr_en0                               |                                                                                                                              |                9 |             34 |
|  adc_clk                                       | ps/axi_slave_gp0/rd_arid                                                                                                                          |                                                                                                                              |               15 |             35 |
|  adc_clk                                       | ps/axi_slave_gp0/wr_awid                                                                                                                          |                                                                                                                              |               13 |             35 |
|  ps/system_i/processing_system7/inst/FCLK_CLK3 | ps/system_i/axi_protocol_converter_0/inst/gen_axilite.gen_b2s_conv.axilite_b2s/SI_REG/r_pipe/skid_buffer_reg[0]_0                                 |                                                                                                                              |                8 |             47 |
|  ps/system_i/processing_system7/inst/FCLK_CLK3 | ps/system_i/axi_protocol_converter_0/inst/gen_axilite.gen_b2s_conv.axilite_b2s/SI_REG/r_pipe/p_1_in                                               |                                                                                                                              |                8 |             47 |
|  pwm_clk                                       | pwm_rstn                                                                                                                                          |                                                                                                                              |               12 |             48 |
|  adc_clk                                       | ps/axi_master[0]/axi_awfifo_reg_0_15_0_5_i_1__0_n_0                                                                                               |                                                                                                                              |                7 |             56 |
|  adc_clk                                       | ps/axi_master[1]/axi_awfifo_reg_0_15_0_5_i_1_n_0                                                                                                  |                                                                                                                              |                7 |             56 |
|  adc_clk                                       | i_hk/dna_value0                                                                                                                                   | i_scope/i_dfilt1_chb/bb_mult_0                                                                                               |               10 |             57 |
|  ps/system_i/processing_system7/inst/FCLK_CLK3 |                                                                                                                                                   | ps/system_i/axi_protocol_converter_0/inst/gen_axilite.gen_b2s_conv.axilite_b2s/areset_d1                                     |               13 |             57 |
|  adc_clk                                       | i_scope/i_wr1/next_address                                                                                                                        |                                                                                                                              |               19 |             62 |
|  adc_clk                                       | i_scope/i_wr0/next_address                                                                                                                        |                                                                                                                              |               19 |             62 |
|  adc_clk                                       | ps/axi_master[1]/axi_wdata_o0_in                                                                                                                  | ps/axi_master[1]/axi_wdata_o[63]_i_1_n_0                                                                                     |               11 |             64 |
|  adc_clk                                       | ps/axi_master[0]/axi_wdata_o0_in                                                                                                                  | ps/axi_master[0]/axi_wdata_o[63]_i_1__0_n_0                                                                                  |               11 |             64 |
|  adc_clk                                       | i_scope/i_wr0/clear                                                                                                                               |                                                                                                                              |               23 |             64 |
|  adc_clk                                       | i_scope/i_wr1/clear                                                                                                                               |                                                                                                                              |               26 |             64 |
|  adc_clk                                       |                                                                                                                                                   |                                                                                                                              |               44 |            104 |
|  adc_clk                                       | ps/axi_master[0]/axi_wfifo_reg_0_15_0_5_i_1__0_n_0                                                                                                |                                                                                                                              |               13 |            104 |
|  adc_clk                                       | ps/axi_master[1]/axi_wfifo_reg_0_15_0_5_i_1_n_0                                                                                                   |                                                                                                                              |               13 |            104 |
|  ps/system_i/processing_system7/inst/FCLK_CLK3 |                                                                                                                                                   |                                                                                                                              |               43 |            111 |
|  ps/system_i/processing_system7/inst/FCLK_CLK3 |                                                                                                                                                   | ps/system_i/xadc/inst/SOFT_RESET_I/reset2ip_reset                                                                            |               33 |            115 |
|  adc_clk                                       | rstn                                                                                                                                              |                                                                                                                              |               88 |            181 |
|  adc_clk                                       |                                                                                                                                                   | i_scope/i_dfilt1_chb/bb_mult_0                                                                                               |              117 |            349 |
+------------------------------------------------+---------------------------------------------------------------------------------------------------------------------------------------------------+------------------------------------------------------------------------------------------------------------------------------+------------------+----------------+


+--------+-----------------------+
| Fanout | Number of ControlSets |
+--------+-----------------------+
| 1      |                     3 |
| 2      |                     1 |
| 4      |                    32 |
| 5      |                     2 |
| 6      |                     2 |
| 7      |                     1 |
| 8      |                    13 |
| 9      |                     5 |
| 12     |                     4 |
| 13     |                     2 |
| 14     |                    35 |
| 15     |                     1 |
| 16+    |                   107 |
+--------+-----------------------+


