Copyright 1986-2016 Xilinx, Inc. All Rights Reserved.
-----------------------------------------------------------------------------------------------------------------------------------
| Tool Version : Vivado v.2016.4 (win64) Build 1733598 Wed Dec 14 22:35:39 MST 2016
| Date         : Thu Apr 13 20:05:26 2017
| Host         : vova-PC running 64-bit Service Pack 1  (build 7601)
| Command      : report_methodology -file red_pitaya_top_methodology_drc_routed.rpt -rpx red_pitaya_top_methodology_drc_routed.rpx
| Design       : red_pitaya_top
| Device       : xc7z010clg400-1
| Speed File   : -1
| Design State : Routed
-----------------------------------------------------------------------------------------------------------------------------------

Report Methodology

Table of Contents
-----------------
1. REPORT SUMMARY
2. REPORT DETAILS

1. REPORT SUMMARY
-----------------
            Netlist: netlist
          Floorplan: design_1
      Design limits: <entire design considered>
             Max violations: <unlimited>
             Violations found: 145
+-----------+----------+-------------------------------------------------+------------+
| Rule      | Severity | Description                                     | Violations |
+-----------+----------+-------------------------------------------------+------------+
| SYNTH-6   | Warning  | Timing of a block RAM might be sub-optimal      | 30         |
| SYNTH-11  | Warning  | DSP output not registered                       | 8          |
| TIMING-15 | Warning  | Large hold violation on inter-clock path        | 28         |
| TIMING-17 | Warning  | Non-clocked sequential cell                     | 1          |
| TIMING-18 | Warning  | Missing input or output delay                   | 46         |
| XDCC-5    | Warning  | User Non-Timing constraint/property overwritten | 4          |
| XDCH-2    | Warning  | Same min and max delay values on IO port        | 28         |
+-----------+----------+-------------------------------------------------+------------+

2. REPORT DETAILS
-----------------
SYNTH-6#1 Warning
Timing of a block RAM might be sub-optimal  
The timing for the instance e_def/ch[0]/dac_buf_reg_0, implemented as a block RAM, might be sub-optimal as no output register was merged into the block
Related violations: <none>

SYNTH-6#2 Warning
Timing of a block RAM might be sub-optimal  
The timing for the instance e_def/ch[0]/dac_buf_reg_1, implemented as a block RAM, might be sub-optimal as no output register was merged into the block
Related violations: <none>

SYNTH-6#3 Warning
Timing of a block RAM might be sub-optimal  
The timing for the instance e_def/ch[0]/dac_buf_reg_2, implemented as a block RAM, might be sub-optimal as no output register was merged into the block
Related violations: <none>

SYNTH-6#4 Warning
Timing of a block RAM might be sub-optimal  
The timing for the instance e_def/ch[0]/dac_buf_reg_3, implemented as a block RAM, might be sub-optimal as no output register was merged into the block
Related violations: <none>

SYNTH-6#5 Warning
Timing of a block RAM might be sub-optimal  
The timing for the instance e_def/ch[0]/dac_buf_reg_4, implemented as a block RAM, might be sub-optimal as no output register was merged into the block
Related violations: <none>

SYNTH-6#6 Warning
Timing of a block RAM might be sub-optimal  
The timing for the instance e_def/ch[0]/dac_buf_reg_5, implemented as a block RAM, might be sub-optimal as no output register was merged into the block
Related violations: <none>

SYNTH-6#7 Warning
Timing of a block RAM might be sub-optimal  
The timing for the instance e_def/ch[0]/dac_buf_reg_6, implemented as a block RAM, might be sub-optimal as no output register was merged into the block
Related violations: <none>

SYNTH-6#8 Warning
Timing of a block RAM might be sub-optimal  
The timing for the instance e_def/ch[1]/dac_buf_reg_0, implemented as a block RAM, might be sub-optimal as no output register was merged into the block
Related violations: <none>

SYNTH-6#9 Warning
Timing of a block RAM might be sub-optimal  
The timing for the instance e_def/ch[1]/dac_buf_reg_1, implemented as a block RAM, might be sub-optimal as no output register was merged into the block
Related violations: <none>

SYNTH-6#10 Warning
Timing of a block RAM might be sub-optimal  
The timing for the instance e_def/ch[1]/dac_buf_reg_2, implemented as a block RAM, might be sub-optimal as no output register was merged into the block
Related violations: <none>

SYNTH-6#11 Warning
Timing of a block RAM might be sub-optimal  
The timing for the instance e_def/ch[1]/dac_buf_reg_3, implemented as a block RAM, might be sub-optimal as no output register was merged into the block
Related violations: <none>

SYNTH-6#12 Warning
Timing of a block RAM might be sub-optimal  
The timing for the instance e_def/ch[1]/dac_buf_reg_4, implemented as a block RAM, might be sub-optimal as no output register was merged into the block
Related violations: <none>

SYNTH-6#13 Warning
Timing of a block RAM might be sub-optimal  
The timing for the instance e_def/ch[1]/dac_buf_reg_5, implemented as a block RAM, might be sub-optimal as no output register was merged into the block
Related violations: <none>

SYNTH-6#14 Warning
Timing of a block RAM might be sub-optimal  
The timing for the instance e_def/ch[1]/dac_buf_reg_6, implemented as a block RAM, might be sub-optimal as no output register was merged into the block
Related violations: <none>

SYNTH-6#15 Warning
Timing of a block RAM might be sub-optimal  
The timing for the instance i_scope/adc_a_buf_reg_0, implemented as a block RAM, might be sub-optimal as no output register was merged into the block
Related violations: <none>

SYNTH-6#16 Warning
Timing of a block RAM might be sub-optimal  
The timing for the instance i_scope/adc_a_buf_reg_1, implemented as a block RAM, might be sub-optimal as no output register was merged into the block
Related violations: <none>

SYNTH-6#17 Warning
Timing of a block RAM might be sub-optimal  
The timing for the instance i_scope/adc_a_buf_reg_2, implemented as a block RAM, might be sub-optimal as no output register was merged into the block
Related violations: <none>

SYNTH-6#18 Warning
Timing of a block RAM might be sub-optimal  
The timing for the instance i_scope/adc_a_buf_reg_3, implemented as a block RAM, might be sub-optimal as no output register was merged into the block
Related violations: <none>

SYNTH-6#19 Warning
Timing of a block RAM might be sub-optimal  
The timing for the instance i_scope/adc_a_buf_reg_4, implemented as a block RAM, might be sub-optimal as no output register was merged into the block
Related violations: <none>

SYNTH-6#20 Warning
Timing of a block RAM might be sub-optimal  
The timing for the instance i_scope/adc_a_buf_reg_5, implemented as a block RAM, might be sub-optimal as no output register was merged into the block
Related violations: <none>

SYNTH-6#21 Warning
Timing of a block RAM might be sub-optimal  
The timing for the instance i_scope/adc_a_buf_reg_6, implemented as a block RAM, might be sub-optimal as no output register was merged into the block
Related violations: <none>

SYNTH-6#22 Warning
Timing of a block RAM might be sub-optimal  
The timing for the instance i_scope/adc_b_buf_reg_0, implemented as a block RAM, might be sub-optimal as no output register was merged into the block
Related violations: <none>

SYNTH-6#23 Warning
Timing of a block RAM might be sub-optimal  
The timing for the instance i_scope/adc_b_buf_reg_1, implemented as a block RAM, might be sub-optimal as no output register was merged into the block
Related violations: <none>

SYNTH-6#24 Warning
Timing of a block RAM might be sub-optimal  
The timing for the instance i_scope/adc_b_buf_reg_2, implemented as a block RAM, might be sub-optimal as no output register was merged into the block
Related violations: <none>

SYNTH-6#25 Warning
Timing of a block RAM might be sub-optimal  
The timing for the instance i_scope/adc_b_buf_reg_3, implemented as a block RAM, might be sub-optimal as no output register was merged into the block
Related violations: <none>

SYNTH-6#26 Warning
Timing of a block RAM might be sub-optimal  
The timing for the instance i_scope/adc_b_buf_reg_4, implemented as a block RAM, might be sub-optimal as no output register was merged into the block
Related violations: <none>

SYNTH-6#27 Warning
Timing of a block RAM might be sub-optimal  
The timing for the instance i_scope/adc_b_buf_reg_5, implemented as a block RAM, might be sub-optimal as no output register was merged into the block
Related violations: <none>

SYNTH-6#28 Warning
Timing of a block RAM might be sub-optimal  
The timing for the instance i_scope/adc_b_buf_reg_6, implemented as a block RAM, might be sub-optimal as no output register was merged into the block
Related violations: <none>

SYNTH-6#29 Warning
Timing of a block RAM might be sub-optimal  
The timing for the instance i_scope/i_wr0/fifo_reg, implemented as a block RAM, might be sub-optimal as no output register was merged into the block
Related violations: <none>

SYNTH-6#30 Warning
Timing of a block RAM might be sub-optimal  
The timing for the instance i_scope/i_wr1/fifo_reg, implemented as a block RAM, might be sub-optimal as no output register was merged into the block
Related violations: <none>

SYNTH-11#1 Warning
DSP output not registered  
DSP instance i_scope/i_dfilt1_cha/kk_mult is not fully pipelined on the output side. MREG/PREG are not used.
Related violations: <none>

SYNTH-11#2 Warning
DSP output not registered  
DSP instance i_scope/i_dfilt1_cha/pp_mult is not fully pipelined on the output side. MREG/PREG are not used.
Related violations: <none>

SYNTH-11#3 Warning
DSP output not registered  
DSP instance i_scope/i_dfilt1_cha/r3_sum is not fully pipelined on the output side. MREG/PREG are not used.
Related violations: <none>

SYNTH-11#4 Warning
DSP output not registered  
DSP instance i_scope/i_dfilt1_cha/r3_sum__0 is not fully pipelined on the output side. MREG/PREG are not used.
Related violations: <none>

SYNTH-11#5 Warning
DSP output not registered  
DSP instance i_scope/i_dfilt1_chb/kk_mult is not fully pipelined on the output side. MREG/PREG are not used.
Related violations: <none>

SYNTH-11#6 Warning
DSP output not registered  
DSP instance i_scope/i_dfilt1_chb/pp_mult is not fully pipelined on the output side. MREG/PREG are not used.
Related violations: <none>

SYNTH-11#7 Warning
DSP output not registered  
DSP instance i_scope/i_dfilt1_chb/r3_sum is not fully pipelined on the output side. MREG/PREG are not used.
Related violations: <none>

SYNTH-11#8 Warning
DSP output not registered  
DSP instance i_scope/i_dfilt1_chb/r3_sum__0 is not fully pipelined on the output side. MREG/PREG are not used.
Related violations: <none>

TIMING-15#1 Warning
Large hold violation on inter-clock path  
There is a large inter-clock skew of 2.596 ns between adc_dat_i[0][13] (clocked by adc_clk) and adc_dat_raw_reg[0][11]/D (clocked by pll_adc_clk) that results in large hold timing violation(s) of -2.034 ns. Fixing large hold violations during routing might impact setup slack and result in more difficult timing closure
Related violations: <none>

TIMING-15#2 Warning
Large hold violation on inter-clock path  
There is a large inter-clock skew of 2.596 ns between adc_dat_i[0][5] (clocked by adc_clk) and adc_dat_raw_reg[0][3]/D (clocked by pll_adc_clk) that results in large hold timing violation(s) of -2.040 ns. Fixing large hold violations during routing might impact setup slack and result in more difficult timing closure
Related violations: <none>

TIMING-15#3 Warning
Large hold violation on inter-clock path  
There is a large inter-clock skew of 2.596 ns between adc_dat_i[1][7] (clocked by adc_clk) and adc_dat_raw_reg[1][5]/D (clocked by pll_adc_clk) that results in large hold timing violation(s) of -2.119 ns. Fixing large hold violations during routing might impact setup slack and result in more difficult timing closure
Related violations: <none>

TIMING-15#4 Warning
Large hold violation on inter-clock path  
There is a large inter-clock skew of 2.596 ns between adc_dat_i[1][9] (clocked by adc_clk) and adc_dat_raw_reg[1][7]/D (clocked by pll_adc_clk) that results in large hold timing violation(s) of -2.123 ns. Fixing large hold violations during routing might impact setup slack and result in more difficult timing closure
Related violations: <none>

TIMING-15#5 Warning
Large hold violation on inter-clock path  
There is a large inter-clock skew of 2.600 ns between adc_dat_i[0][14] (clocked by adc_clk) and adc_dat_raw_reg[0][12]/D (clocked by pll_adc_clk) that results in large hold timing violation(s) of -2.078 ns. Fixing large hold violations during routing might impact setup slack and result in more difficult timing closure
Related violations: <none>

TIMING-15#6 Warning
Large hold violation on inter-clock path  
There is a large inter-clock skew of 2.600 ns between adc_dat_i[1][10] (clocked by adc_clk) and adc_dat_raw_reg[1][8]/D (clocked by pll_adc_clk) that results in large hold timing violation(s) of -2.116 ns. Fixing large hold violations during routing might impact setup slack and result in more difficult timing closure
Related violations: <none>

TIMING-15#7 Warning
Large hold violation on inter-clock path  
There is a large inter-clock skew of 2.600 ns between adc_dat_i[1][11] (clocked by adc_clk) and adc_dat_raw_reg[1][9]/D (clocked by pll_adc_clk) that results in large hold timing violation(s) of -2.114 ns. Fixing large hold violations during routing might impact setup slack and result in more difficult timing closure
Related violations: <none>

TIMING-15#8 Warning
Large hold violation on inter-clock path  
There is a large inter-clock skew of 2.603 ns between adc_dat_i[0][6] (clocked by adc_clk) and adc_dat_raw_reg[0][4]/D (clocked by pll_adc_clk) that results in large hold timing violation(s) of -2.027 ns. Fixing large hold violations during routing might impact setup slack and result in more difficult timing closure
Related violations: <none>

TIMING-15#9 Warning
Large hold violation on inter-clock path  
There is a large inter-clock skew of 2.603 ns between adc_dat_i[0][7] (clocked by adc_clk) and adc_dat_raw_reg[0][5]/D (clocked by pll_adc_clk) that results in large hold timing violation(s) of -2.025 ns. Fixing large hold violations during routing might impact setup slack and result in more difficult timing closure
Related violations: <none>

TIMING-15#10 Warning
Large hold violation on inter-clock path  
There is a large inter-clock skew of 2.603 ns between adc_dat_i[1][13] (clocked by adc_clk) and adc_dat_raw_reg[1][11]/D (clocked by pll_adc_clk) that results in large hold timing violation(s) of -2.118 ns. Fixing large hold violations during routing might impact setup slack and result in more difficult timing closure
Related violations: <none>

TIMING-15#11 Warning
Large hold violation on inter-clock path  
There is a large inter-clock skew of 2.603 ns between adc_dat_i[1][15] (clocked by adc_clk) and adc_dat_raw_reg[1][13]/D (clocked by pll_adc_clk) that results in large hold timing violation(s) of -2.111 ns. Fixing large hold violations during routing might impact setup slack and result in more difficult timing closure
Related violations: <none>

TIMING-15#12 Warning
Large hold violation on inter-clock path  
There is a large inter-clock skew of 2.604 ns between adc_dat_i[0][15] (clocked by adc_clk) and adc_dat_raw_reg[0][13]/D (clocked by pll_adc_clk) that results in large hold timing violation(s) of -2.139 ns. Fixing large hold violations during routing might impact setup slack and result in more difficult timing closure
Related violations: <none>

TIMING-15#13 Warning
Large hold violation on inter-clock path  
There is a large inter-clock skew of 2.604 ns between adc_dat_i[0][2] (clocked by adc_clk) and adc_dat_raw_reg[0][0]/D (clocked by pll_adc_clk) that results in large hold timing violation(s) of -2.051 ns. Fixing large hold violations during routing might impact setup slack and result in more difficult timing closure
Related violations: <none>

TIMING-15#14 Warning
Large hold violation on inter-clock path  
There is a large inter-clock skew of 2.604 ns between adc_dat_i[0][3] (clocked by adc_clk) and adc_dat_raw_reg[0][1]/D (clocked by pll_adc_clk) that results in large hold timing violation(s) of -2.134 ns. Fixing large hold violations during routing might impact setup slack and result in more difficult timing closure
Related violations: <none>

TIMING-15#15 Warning
Large hold violation on inter-clock path  
There is a large inter-clock skew of 2.604 ns between adc_dat_i[0][4] (clocked by adc_clk) and adc_dat_raw_reg[0][2]/D (clocked by pll_adc_clk) that results in large hold timing violation(s) of -2.044 ns. Fixing large hold violations during routing might impact setup slack and result in more difficult timing closure
Related violations: <none>

TIMING-15#16 Warning
Large hold violation on inter-clock path  
There is a large inter-clock skew of 2.607 ns between adc_dat_i[0][11] (clocked by adc_clk) and adc_dat_raw_reg[0][9]/D (clocked by pll_adc_clk) that results in large hold timing violation(s) of -2.105 ns. Fixing large hold violations during routing might impact setup slack and result in more difficult timing closure
Related violations: <none>

TIMING-15#17 Warning
Large hold violation on inter-clock path  
There is a large inter-clock skew of 2.607 ns between adc_dat_i[0][12] (clocked by adc_clk) and adc_dat_raw_reg[0][10]/D (clocked by pll_adc_clk) that results in large hold timing violation(s) of -2.102 ns. Fixing large hold violations during routing might impact setup slack and result in more difficult timing closure
Related violations: <none>

TIMING-15#18 Warning
Large hold violation on inter-clock path  
There is a large inter-clock skew of 2.607 ns between adc_dat_i[1][2] (clocked by adc_clk) and adc_dat_raw_reg[1][0]/D (clocked by pll_adc_clk) that results in large hold timing violation(s) of -2.154 ns. Fixing large hold violations during routing might impact setup slack and result in more difficult timing closure
Related violations: <none>

TIMING-15#19 Warning
Large hold violation on inter-clock path  
There is a large inter-clock skew of 2.608 ns between adc_dat_i[0][10] (clocked by adc_clk) and adc_dat_raw_reg[0][8]/D (clocked by pll_adc_clk) that results in large hold timing violation(s) of -2.095 ns. Fixing large hold violations during routing might impact setup slack and result in more difficult timing closure
Related violations: <none>

TIMING-15#20 Warning
Large hold violation on inter-clock path  
There is a large inter-clock skew of 2.608 ns between adc_dat_i[0][8] (clocked by adc_clk) and adc_dat_raw_reg[0][6]/D (clocked by pll_adc_clk) that results in large hold timing violation(s) of -2.075 ns. Fixing large hold violations during routing might impact setup slack and result in more difficult timing closure
Related violations: <none>

TIMING-15#21 Warning
Large hold violation on inter-clock path  
There is a large inter-clock skew of 2.608 ns between adc_dat_i[0][9] (clocked by adc_clk) and adc_dat_raw_reg[0][7]/D (clocked by pll_adc_clk) that results in large hold timing violation(s) of -2.082 ns. Fixing large hold violations during routing might impact setup slack and result in more difficult timing closure
Related violations: <none>

TIMING-15#22 Warning
Large hold violation on inter-clock path  
There is a large inter-clock skew of 2.608 ns between adc_dat_i[1][12] (clocked by adc_clk) and adc_dat_raw_reg[1][10]/D (clocked by pll_adc_clk) that results in large hold timing violation(s) of -2.142 ns. Fixing large hold violations during routing might impact setup slack and result in more difficult timing closure
Related violations: <none>

TIMING-15#23 Warning
Large hold violation on inter-clock path  
There is a large inter-clock skew of 2.608 ns between adc_dat_i[1][14] (clocked by adc_clk) and adc_dat_raw_reg[1][12]/D (clocked by pll_adc_clk) that results in large hold timing violation(s) of -2.141 ns. Fixing large hold violations during routing might impact setup slack and result in more difficult timing closure
Related violations: <none>

TIMING-15#24 Warning
Large hold violation on inter-clock path  
There is a large inter-clock skew of 2.610 ns between adc_dat_i[1][4] (clocked by adc_clk) and adc_dat_raw_reg[1][2]/D (clocked by pll_adc_clk) that results in large hold timing violation(s) of -2.129 ns. Fixing large hold violations during routing might impact setup slack and result in more difficult timing closure
Related violations: <none>

TIMING-15#25 Warning
Large hold violation on inter-clock path  
There is a large inter-clock skew of 2.610 ns between adc_dat_i[1][5] (clocked by adc_clk) and adc_dat_raw_reg[1][3]/D (clocked by pll_adc_clk) that results in large hold timing violation(s) of -2.120 ns. Fixing large hold violations during routing might impact setup slack and result in more difficult timing closure
Related violations: <none>

TIMING-15#26 Warning
Large hold violation on inter-clock path  
There is a large inter-clock skew of 2.611 ns between adc_dat_i[1][3] (clocked by adc_clk) and adc_dat_raw_reg[1][1]/D (clocked by pll_adc_clk) that results in large hold timing violation(s) of -2.163 ns. Fixing large hold violations during routing might impact setup slack and result in more difficult timing closure
Related violations: <none>

TIMING-15#27 Warning
Large hold violation on inter-clock path  
There is a large inter-clock skew of 2.611 ns between adc_dat_i[1][6] (clocked by adc_clk) and adc_dat_raw_reg[1][4]/D (clocked by pll_adc_clk) that results in large hold timing violation(s) of -2.120 ns. Fixing large hold violations during routing might impact setup slack and result in more difficult timing closure
Related violations: <none>

TIMING-15#28 Warning
Large hold violation on inter-clock path  
There is a large inter-clock skew of 2.611 ns between adc_dat_i[1][8] (clocked by adc_clk) and adc_dat_raw_reg[1][6]/D (clocked by pll_adc_clk) that results in large hold timing violation(s) of -2.152 ns. Fixing large hold violations during routing might impact setup slack and result in more difficult timing closure
Related violations: <none>

TIMING-17#1 Warning
Non-clocked sequential cell  
The clock pin i_hk/i_DNA/CLK is not reached by a timing clock
Related violations: <none>

TIMING-18#1 Warning
Missing input or output delay  
An input delay is missing on exp_n_io[0] relative to clock(s) adc_clk 
Related violations: <none>

TIMING-18#2 Warning
Missing input or output delay  
An input delay is missing on exp_n_io[1] relative to clock(s) adc_clk 
Related violations: <none>

TIMING-18#3 Warning
Missing input or output delay  
An input delay is missing on exp_n_io[2] relative to clock(s) adc_clk 
Related violations: <none>

TIMING-18#4 Warning
Missing input or output delay  
An input delay is missing on exp_n_io[3] relative to clock(s) adc_clk 
Related violations: <none>

TIMING-18#5 Warning
Missing input or output delay  
An input delay is missing on exp_n_io[4] relative to clock(s) adc_clk 
Related violations: <none>

TIMING-18#6 Warning
Missing input or output delay  
An input delay is missing on exp_n_io[5] relative to clock(s) adc_clk 
Related violations: <none>

TIMING-18#7 Warning
Missing input or output delay  
An input delay is missing on exp_n_io[6] relative to clock(s) adc_clk 
Related violations: <none>

TIMING-18#8 Warning
Missing input or output delay  
An input delay is missing on exp_n_io[7] relative to clock(s) adc_clk 
Related violations: <none>

TIMING-18#9 Warning
Missing input or output delay  
An input delay is missing on exp_p_io[0] relative to clock(s) adc_clk 
Related violations: <none>

TIMING-18#10 Warning
Missing input or output delay  
An input delay is missing on exp_p_io[1] relative to clock(s) adc_clk 
Related violations: <none>

TIMING-18#11 Warning
Missing input or output delay  
An input delay is missing on exp_p_io[2] relative to clock(s) adc_clk 
Related violations: <none>

TIMING-18#12 Warning
Missing input or output delay  
An input delay is missing on exp_p_io[3] relative to clock(s) adc_clk 
Related violations: <none>

TIMING-18#13 Warning
Missing input or output delay  
An input delay is missing on exp_p_io[4] relative to clock(s) adc_clk 
Related violations: <none>

TIMING-18#14 Warning
Missing input or output delay  
An input delay is missing on exp_p_io[5] relative to clock(s) adc_clk 
Related violations: <none>

TIMING-18#15 Warning
Missing input or output delay  
An input delay is missing on exp_p_io[6] relative to clock(s) adc_clk 
Related violations: <none>

TIMING-18#16 Warning
Missing input or output delay  
An input delay is missing on exp_p_io[7] relative to clock(s) adc_clk 
Related violations: <none>

TIMING-18#17 Warning
Missing input or output delay  
An input delay is missing on led_o[0] relative to clock(s) adc_clk 
Related violations: <none>

TIMING-18#18 Warning
Missing input or output delay  
An input delay is missing on led_o[1] relative to clock(s) adc_clk 
Related violations: <none>

TIMING-18#19 Warning
Missing input or output delay  
An input delay is missing on led_o[2] relative to clock(s) adc_clk 
Related violations: <none>

TIMING-18#20 Warning
Missing input or output delay  
An input delay is missing on led_o[3] relative to clock(s) adc_clk 
Related violations: <none>

TIMING-18#21 Warning
Missing input or output delay  
An input delay is missing on led_o[4] relative to clock(s) adc_clk 
Related violations: <none>

TIMING-18#22 Warning
Missing input or output delay  
An input delay is missing on led_o[5] relative to clock(s) adc_clk 
Related violations: <none>

TIMING-18#23 Warning
Missing input or output delay  
An input delay is missing on led_o[6] relative to clock(s) adc_clk 
Related violations: <none>

TIMING-18#24 Warning
Missing input or output delay  
An input delay is missing on led_o[7] relative to clock(s) adc_clk 
Related violations: <none>

TIMING-18#25 Warning
Missing input or output delay  
An output delay is missing on dac_clk_o relative to clock(s) VIRTUAL_pll_dac_clk_2p 
Related violations: <none>

TIMING-18#26 Warning
Missing input or output delay  
An output delay is missing on dac_dat_o[0] relative to clock(s) adc_clk 
Related violations: <none>

TIMING-18#27 Warning
Missing input or output delay  
An output delay is missing on dac_dat_o[10] relative to clock(s) adc_clk 
Related violations: <none>

TIMING-18#28 Warning
Missing input or output delay  
An output delay is missing on dac_dat_o[11] relative to clock(s) adc_clk 
Related violations: <none>

TIMING-18#29 Warning
Missing input or output delay  
An output delay is missing on dac_dat_o[12] relative to clock(s) adc_clk 
Related violations: <none>

TIMING-18#30 Warning
Missing input or output delay  
An output delay is missing on dac_dat_o[13] relative to clock(s) adc_clk 
Related violations: <none>

TIMING-18#31 Warning
Missing input or output delay  
An output delay is missing on dac_dat_o[1] relative to clock(s) adc_clk 
Related violations: <none>

TIMING-18#32 Warning
Missing input or output delay  
An output delay is missing on dac_dat_o[2] relative to clock(s) adc_clk 
Related violations: <none>

TIMING-18#33 Warning
Missing input or output delay  
An output delay is missing on dac_dat_o[3] relative to clock(s) adc_clk 
Related violations: <none>

TIMING-18#34 Warning
Missing input or output delay  
An output delay is missing on dac_dat_o[4] relative to clock(s) adc_clk 
Related violations: <none>

TIMING-18#35 Warning
Missing input or output delay  
An output delay is missing on dac_dat_o[5] relative to clock(s) adc_clk 
Related violations: <none>

TIMING-18#36 Warning
Missing input or output delay  
An output delay is missing on dac_dat_o[6] relative to clock(s) adc_clk 
Related violations: <none>

TIMING-18#37 Warning
Missing input or output delay  
An output delay is missing on dac_dat_o[7] relative to clock(s) adc_clk 
Related violations: <none>

TIMING-18#38 Warning
Missing input or output delay  
An output delay is missing on dac_dat_o[8] relative to clock(s) adc_clk 
Related violations: <none>

TIMING-18#39 Warning
Missing input or output delay  
An output delay is missing on dac_dat_o[9] relative to clock(s) adc_clk 
Related violations: <none>

TIMING-18#40 Warning
Missing input or output delay  
An output delay is missing on dac_pwm_o[0] relative to clock(s) VIRTUAL_pll_pwm_clk adc_clk 
Related violations: <none>

TIMING-18#41 Warning
Missing input or output delay  
An output delay is missing on dac_pwm_o[1] relative to clock(s) VIRTUAL_pll_pwm_clk adc_clk 
Related violations: <none>

TIMING-18#42 Warning
Missing input or output delay  
An output delay is missing on dac_pwm_o[2] relative to clock(s) VIRTUAL_pll_pwm_clk adc_clk 
Related violations: <none>

TIMING-18#43 Warning
Missing input or output delay  
An output delay is missing on dac_pwm_o[3] relative to clock(s) VIRTUAL_pll_pwm_clk adc_clk 
Related violations: <none>

TIMING-18#44 Warning
Missing input or output delay  
An output delay is missing on dac_rst_o relative to clock(s) adc_clk 
Related violations: <none>

TIMING-18#45 Warning
Missing input or output delay  
An output delay is missing on dac_sel_o relative to clock(s) adc_clk 
Related violations: <none>

TIMING-18#46 Warning
Missing input or output delay  
An output delay is missing on dac_wrt_o relative to clock(s) VIRTUAL_pll_pwm_clk 
Related violations: <none>

XDCC-5#1 Warning
User Non-Timing constraint/property overwritten  
A new XDC property IOSTANDARD on dac_pwm_o[0] overrides a previous user property.
New Source: D:/proj/velograph/ugen_z/fpga/prj/u_gen/project/redpitaya.srcs/constrs_1/imports/sdc/red_pitaya.xdc (Line: 111)
Previous Source: D:/proj/velograph/ugen_z/fpga/prj/u_gen/project/redpitaya.srcs/constrs_1/imports/sdc/red_pitaya.xdc (Line: 100)
Related violations: <none>

XDCC-5#2 Warning
User Non-Timing constraint/property overwritten  
A new XDC property IOSTANDARD on dac_pwm_o[1] overrides a previous user property.
New Source: D:/proj/velograph/ugen_z/fpga/prj/u_gen/project/redpitaya.srcs/constrs_1/imports/sdc/red_pitaya.xdc (Line: 111)
Previous Source: D:/proj/velograph/ugen_z/fpga/prj/u_gen/project/redpitaya.srcs/constrs_1/imports/sdc/red_pitaya.xdc (Line: 100)
Related violations: <none>

XDCC-5#3 Warning
User Non-Timing constraint/property overwritten  
A new XDC property IOSTANDARD on dac_pwm_o[2] overrides a previous user property.
New Source: D:/proj/velograph/ugen_z/fpga/prj/u_gen/project/redpitaya.srcs/constrs_1/imports/sdc/red_pitaya.xdc (Line: 111)
Previous Source: D:/proj/velograph/ugen_z/fpga/prj/u_gen/project/redpitaya.srcs/constrs_1/imports/sdc/red_pitaya.xdc (Line: 100)
Related violations: <none>

XDCC-5#4 Warning
User Non-Timing constraint/property overwritten  
A new XDC property IOSTANDARD on dac_pwm_o[3] overrides a previous user property.
New Source: D:/proj/velograph/ugen_z/fpga/prj/u_gen/project/redpitaya.srcs/constrs_1/imports/sdc/red_pitaya.xdc (Line: 111)
Previous Source: D:/proj/velograph/ugen_z/fpga/prj/u_gen/project/redpitaya.srcs/constrs_1/imports/sdc/red_pitaya.xdc (Line: 100)
Related violations: <none>

XDCH-2#1 Warning
Same min and max delay values on IO port  
The same input delay of 3.400 ns has been defined on port 'adc_dat_i[0][10]' relative to clock adc_clk for both max and min. Make sure this reflects the design intent.
set_input_delay -clock adc_clk 3.400 [get_ports {adc_dat_i[*][*]}]
D:/proj/velograph/ugen_z/fpga/prj/u_gen/project/redpitaya.srcs/constrs_1/imports/sdc/red_pitaya.xdc (Line: 208)
Related violations: <none>

XDCH-2#2 Warning
Same min and max delay values on IO port  
The same input delay of 3.400 ns has been defined on port 'adc_dat_i[0][11]' relative to clock adc_clk for both max and min. Make sure this reflects the design intent.
set_input_delay -clock adc_clk 3.400 [get_ports {adc_dat_i[*][*]}]
D:/proj/velograph/ugen_z/fpga/prj/u_gen/project/redpitaya.srcs/constrs_1/imports/sdc/red_pitaya.xdc (Line: 208)
Related violations: <none>

XDCH-2#3 Warning
Same min and max delay values on IO port  
The same input delay of 3.400 ns has been defined on port 'adc_dat_i[0][12]' relative to clock adc_clk for both max and min. Make sure this reflects the design intent.
set_input_delay -clock adc_clk 3.400 [get_ports {adc_dat_i[*][*]}]
D:/proj/velograph/ugen_z/fpga/prj/u_gen/project/redpitaya.srcs/constrs_1/imports/sdc/red_pitaya.xdc (Line: 208)
Related violations: <none>

XDCH-2#4 Warning
Same min and max delay values on IO port  
The same input delay of 3.400 ns has been defined on port 'adc_dat_i[0][13]' relative to clock adc_clk for both max and min. Make sure this reflects the design intent.
set_input_delay -clock adc_clk 3.400 [get_ports {adc_dat_i[*][*]}]
D:/proj/velograph/ugen_z/fpga/prj/u_gen/project/redpitaya.srcs/constrs_1/imports/sdc/red_pitaya.xdc (Line: 208)
Related violations: <none>

XDCH-2#5 Warning
Same min and max delay values on IO port  
The same input delay of 3.400 ns has been defined on port 'adc_dat_i[0][14]' relative to clock adc_clk for both max and min. Make sure this reflects the design intent.
set_input_delay -clock adc_clk 3.400 [get_ports {adc_dat_i[*][*]}]
D:/proj/velograph/ugen_z/fpga/prj/u_gen/project/redpitaya.srcs/constrs_1/imports/sdc/red_pitaya.xdc (Line: 208)
Related violations: <none>

XDCH-2#6 Warning
Same min and max delay values on IO port  
The same input delay of 3.400 ns has been defined on port 'adc_dat_i[0][15]' relative to clock adc_clk for both max and min. Make sure this reflects the design intent.
set_input_delay -clock adc_clk 3.400 [get_ports {adc_dat_i[*][*]}]
D:/proj/velograph/ugen_z/fpga/prj/u_gen/project/redpitaya.srcs/constrs_1/imports/sdc/red_pitaya.xdc (Line: 208)
Related violations: <none>

XDCH-2#7 Warning
Same min and max delay values on IO port  
The same input delay of 3.400 ns has been defined on port 'adc_dat_i[0][2]' relative to clock adc_clk for both max and min. Make sure this reflects the design intent.
set_input_delay -clock adc_clk 3.400 [get_ports {adc_dat_i[*][*]}]
D:/proj/velograph/ugen_z/fpga/prj/u_gen/project/redpitaya.srcs/constrs_1/imports/sdc/red_pitaya.xdc (Line: 208)
Related violations: <none>

XDCH-2#8 Warning
Same min and max delay values on IO port  
The same input delay of 3.400 ns has been defined on port 'adc_dat_i[0][3]' relative to clock adc_clk for both max and min. Make sure this reflects the design intent.
set_input_delay -clock adc_clk 3.400 [get_ports {adc_dat_i[*][*]}]
D:/proj/velograph/ugen_z/fpga/prj/u_gen/project/redpitaya.srcs/constrs_1/imports/sdc/red_pitaya.xdc (Line: 208)
Related violations: <none>

XDCH-2#9 Warning
Same min and max delay values on IO port  
The same input delay of 3.400 ns has been defined on port 'adc_dat_i[0][4]' relative to clock adc_clk for both max and min. Make sure this reflects the design intent.
set_input_delay -clock adc_clk 3.400 [get_ports {adc_dat_i[*][*]}]
D:/proj/velograph/ugen_z/fpga/prj/u_gen/project/redpitaya.srcs/constrs_1/imports/sdc/red_pitaya.xdc (Line: 208)
Related violations: <none>

XDCH-2#10 Warning
Same min and max delay values on IO port  
The same input delay of 3.400 ns has been defined on port 'adc_dat_i[0][5]' relative to clock adc_clk for both max and min. Make sure this reflects the design intent.
set_input_delay -clock adc_clk 3.400 [get_ports {adc_dat_i[*][*]}]
D:/proj/velograph/ugen_z/fpga/prj/u_gen/project/redpitaya.srcs/constrs_1/imports/sdc/red_pitaya.xdc (Line: 208)
Related violations: <none>

XDCH-2#11 Warning
Same min and max delay values on IO port  
The same input delay of 3.400 ns has been defined on port 'adc_dat_i[0][6]' relative to clock adc_clk for both max and min. Make sure this reflects the design intent.
set_input_delay -clock adc_clk 3.400 [get_ports {adc_dat_i[*][*]}]
D:/proj/velograph/ugen_z/fpga/prj/u_gen/project/redpitaya.srcs/constrs_1/imports/sdc/red_pitaya.xdc (Line: 208)
Related violations: <none>

XDCH-2#12 Warning
Same min and max delay values on IO port  
The same input delay of 3.400 ns has been defined on port 'adc_dat_i[0][7]' relative to clock adc_clk for both max and min. Make sure this reflects the design intent.
set_input_delay -clock adc_clk 3.400 [get_ports {adc_dat_i[*][*]}]
D:/proj/velograph/ugen_z/fpga/prj/u_gen/project/redpitaya.srcs/constrs_1/imports/sdc/red_pitaya.xdc (Line: 208)
Related violations: <none>

XDCH-2#13 Warning
Same min and max delay values on IO port  
The same input delay of 3.400 ns has been defined on port 'adc_dat_i[0][8]' relative to clock adc_clk for both max and min. Make sure this reflects the design intent.
set_input_delay -clock adc_clk 3.400 [get_ports {adc_dat_i[*][*]}]
D:/proj/velograph/ugen_z/fpga/prj/u_gen/project/redpitaya.srcs/constrs_1/imports/sdc/red_pitaya.xdc (Line: 208)
Related violations: <none>

XDCH-2#14 Warning
Same min and max delay values on IO port  
The same input delay of 3.400 ns has been defined on port 'adc_dat_i[0][9]' relative to clock adc_clk for both max and min. Make sure this reflects the design intent.
set_input_delay -clock adc_clk 3.400 [get_ports {adc_dat_i[*][*]}]
D:/proj/velograph/ugen_z/fpga/prj/u_gen/project/redpitaya.srcs/constrs_1/imports/sdc/red_pitaya.xdc (Line: 208)
Related violations: <none>

XDCH-2#15 Warning
Same min and max delay values on IO port  
The same input delay of 3.400 ns has been defined on port 'adc_dat_i[1][10]' relative to clock adc_clk for both max and min. Make sure this reflects the design intent.
set_input_delay -clock adc_clk 3.400 [get_ports {adc_dat_i[*][*]}]
D:/proj/velograph/ugen_z/fpga/prj/u_gen/project/redpitaya.srcs/constrs_1/imports/sdc/red_pitaya.xdc (Line: 208)
Related violations: <none>

XDCH-2#16 Warning
Same min and max delay values on IO port  
The same input delay of 3.400 ns has been defined on port 'adc_dat_i[1][11]' relative to clock adc_clk for both max and min. Make sure this reflects the design intent.
set_input_delay -clock adc_clk 3.400 [get_ports {adc_dat_i[*][*]}]
D:/proj/velograph/ugen_z/fpga/prj/u_gen/project/redpitaya.srcs/constrs_1/imports/sdc/red_pitaya.xdc (Line: 208)
Related violations: <none>

XDCH-2#17 Warning
Same min and max delay values on IO port  
The same input delay of 3.400 ns has been defined on port 'adc_dat_i[1][12]' relative to clock adc_clk for both max and min. Make sure this reflects the design intent.
set_input_delay -clock adc_clk 3.400 [get_ports {adc_dat_i[*][*]}]
D:/proj/velograph/ugen_z/fpga/prj/u_gen/project/redpitaya.srcs/constrs_1/imports/sdc/red_pitaya.xdc (Line: 208)
Related violations: <none>

XDCH-2#18 Warning
Same min and max delay values on IO port  
The same input delay of 3.400 ns has been defined on port 'adc_dat_i[1][13]' relative to clock adc_clk for both max and min. Make sure this reflects the design intent.
set_input_delay -clock adc_clk 3.400 [get_ports {adc_dat_i[*][*]}]
D:/proj/velograph/ugen_z/fpga/prj/u_gen/project/redpitaya.srcs/constrs_1/imports/sdc/red_pitaya.xdc (Line: 208)
Related violations: <none>

XDCH-2#19 Warning
Same min and max delay values on IO port  
The same input delay of 3.400 ns has been defined on port 'adc_dat_i[1][14]' relative to clock adc_clk for both max and min. Make sure this reflects the design intent.
set_input_delay -clock adc_clk 3.400 [get_ports {adc_dat_i[*][*]}]
D:/proj/velograph/ugen_z/fpga/prj/u_gen/project/redpitaya.srcs/constrs_1/imports/sdc/red_pitaya.xdc (Line: 208)
Related violations: <none>

XDCH-2#20 Warning
Same min and max delay values on IO port  
The same input delay of 3.400 ns has been defined on port 'adc_dat_i[1][15]' relative to clock adc_clk for both max and min. Make sure this reflects the design intent.
set_input_delay -clock adc_clk 3.400 [get_ports {adc_dat_i[*][*]}]
D:/proj/velograph/ugen_z/fpga/prj/u_gen/project/redpitaya.srcs/constrs_1/imports/sdc/red_pitaya.xdc (Line: 208)
Related violations: <none>

XDCH-2#21 Warning
Same min and max delay values on IO port  
The same input delay of 3.400 ns has been defined on port 'adc_dat_i[1][2]' relative to clock adc_clk for both max and min. Make sure this reflects the design intent.
set_input_delay -clock adc_clk 3.400 [get_ports {adc_dat_i[*][*]}]
D:/proj/velograph/ugen_z/fpga/prj/u_gen/project/redpitaya.srcs/constrs_1/imports/sdc/red_pitaya.xdc (Line: 208)
Related violations: <none>

XDCH-2#22 Warning
Same min and max delay values on IO port  
The same input delay of 3.400 ns has been defined on port 'adc_dat_i[1][3]' relative to clock adc_clk for both max and min. Make sure this reflects the design intent.
set_input_delay -clock adc_clk 3.400 [get_ports {adc_dat_i[*][*]}]
D:/proj/velograph/ugen_z/fpga/prj/u_gen/project/redpitaya.srcs/constrs_1/imports/sdc/red_pitaya.xdc (Line: 208)
Related violations: <none>

XDCH-2#23 Warning
Same min and max delay values on IO port  
The same input delay of 3.400 ns has been defined on port 'adc_dat_i[1][4]' relative to clock adc_clk for both max and min. Make sure this reflects the design intent.
set_input_delay -clock adc_clk 3.400 [get_ports {adc_dat_i[*][*]}]
D:/proj/velograph/ugen_z/fpga/prj/u_gen/project/redpitaya.srcs/constrs_1/imports/sdc/red_pitaya.xdc (Line: 208)
Related violations: <none>

XDCH-2#24 Warning
Same min and max delay values on IO port  
The same input delay of 3.400 ns has been defined on port 'adc_dat_i[1][5]' relative to clock adc_clk for both max and min. Make sure this reflects the design intent.
set_input_delay -clock adc_clk 3.400 [get_ports {adc_dat_i[*][*]}]
D:/proj/velograph/ugen_z/fpga/prj/u_gen/project/redpitaya.srcs/constrs_1/imports/sdc/red_pitaya.xdc (Line: 208)
Related violations: <none>

XDCH-2#25 Warning
Same min and max delay values on IO port  
The same input delay of 3.400 ns has been defined on port 'adc_dat_i[1][6]' relative to clock adc_clk for both max and min. Make sure this reflects the design intent.
set_input_delay -clock adc_clk 3.400 [get_ports {adc_dat_i[*][*]}]
D:/proj/velograph/ugen_z/fpga/prj/u_gen/project/redpitaya.srcs/constrs_1/imports/sdc/red_pitaya.xdc (Line: 208)
Related violations: <none>

XDCH-2#26 Warning
Same min and max delay values on IO port  
The same input delay of 3.400 ns has been defined on port 'adc_dat_i[1][7]' relative to clock adc_clk for both max and min. Make sure this reflects the design intent.
set_input_delay -clock adc_clk 3.400 [get_ports {adc_dat_i[*][*]}]
D:/proj/velograph/ugen_z/fpga/prj/u_gen/project/redpitaya.srcs/constrs_1/imports/sdc/red_pitaya.xdc (Line: 208)
Related violations: <none>

XDCH-2#27 Warning
Same min and max delay values on IO port  
The same input delay of 3.400 ns has been defined on port 'adc_dat_i[1][8]' relative to clock adc_clk for both max and min. Make sure this reflects the design intent.
set_input_delay -clock adc_clk 3.400 [get_ports {adc_dat_i[*][*]}]
D:/proj/velograph/ugen_z/fpga/prj/u_gen/project/redpitaya.srcs/constrs_1/imports/sdc/red_pitaya.xdc (Line: 208)
Related violations: <none>

XDCH-2#28 Warning
Same min and max delay values on IO port  
The same input delay of 3.400 ns has been defined on port 'adc_dat_i[1][9]' relative to clock adc_clk for both max and min. Make sure this reflects the design intent.
set_input_delay -clock adc_clk 3.400 [get_ports {adc_dat_i[*][*]}]
D:/proj/velograph/ugen_z/fpga/prj/u_gen/project/redpitaya.srcs/constrs_1/imports/sdc/red_pitaya.xdc (Line: 208)
Related violations: <none>


