Archive member included to satisfy reference by file (symbol)

../../RTOSDemo_bsp/ps7_cortexa9_0/lib\libxil.a(xgpiops.o)
                              ./src/ParTest.o (XGpioPs_CfgInitialize)
../../RTOSDemo_bsp/ps7_cortexa9_0/lib\libxil.a(xgpiops_intr.o)
                              ../../RTOSDemo_bsp/ps7_cortexa9_0/lib\libxil.a(xgpiops.o) (StubHandler)
../../RTOSDemo_bsp/ps7_cortexa9_0/lib\libxil.a(xgpiops_sinit.o)
                              ./src/ParTest.o (XGpioPs_LookupConfig)
../../RTOSDemo_bsp/ps7_cortexa9_0/lib\libxil.a(xscugic.o)
                              ./src/FreeRTOS_tick_config.o (XScuGic_CfgInitialize)
../../RTOSDemo_bsp/ps7_cortexa9_0/lib\libxil.a(xscugic_g.o)
                              ./src/FreeRTOS_tick_config.o (XScuGic_ConfigTable)
../../RTOSDemo_bsp/ps7_cortexa9_0/lib\libxil.a(xscugic_sinit.o)
                              ./src/FreeRTOS_tick_config.o (XScuGic_LookupConfig)
../../RTOSDemo_bsp/ps7_cortexa9_0/lib\libxil.a(xscutimer.o)
                              ./src/FreeRTOS_tick_config.o (XScuTimer_CfgInitialize)
../../RTOSDemo_bsp/ps7_cortexa9_0/lib\libxil.a(xscutimer_sinit.o)
                              ./src/FreeRTOS_tick_config.o (XScuTimer_LookupConfig)
../../RTOSDemo_bsp/ps7_cortexa9_0/lib\libxil.a(xscuwdt.o)
                              ./src/main.o (XScuWdt_CfgInitialize)
../../RTOSDemo_bsp/ps7_cortexa9_0/lib\libxil.a(xscuwdt_sinit.o)
                              ./src/main.o (XScuWdt_LookupConfig)
../../RTOSDemo_bsp/ps7_cortexa9_0/lib\libxil.a(asm_vectors.o)
                              (_vector_table)
../../RTOSDemo_bsp/ps7_cortexa9_0/lib\libxil.a(boot.o)
                              ./src/FreeRTOS_asm_vectors.o (_boot)
../../RTOSDemo_bsp/ps7_cortexa9_0/lib\libxil.a(translation_table.o)
                              ../../RTOSDemo_bsp/ps7_cortexa9_0/lib\libxil.a(boot.o) (MMUTable)
../../RTOSDemo_bsp/ps7_cortexa9_0/lib\libxil.a(vectors.o)
                              ../../RTOSDemo_bsp/ps7_cortexa9_0/lib\libxil.a(asm_vectors.o) (UndefinedException)
../../RTOSDemo_bsp/ps7_cortexa9_0/lib\libxil.a(xil-crt0.o)
                              ../../RTOSDemo_bsp/ps7_cortexa9_0/lib\libxil.a(boot.o) (_start)
../../RTOSDemo_bsp/ps7_cortexa9_0/lib\libxil.a(xil_assert.o)
                              ../../RTOSDemo_bsp/ps7_cortexa9_0/lib\libxil.a(xgpiops.o) (Xil_Assert)
../../RTOSDemo_bsp/ps7_cortexa9_0/lib\libxil.a(xil_cache.o)
                              ./src/platform.o (Xil_DCacheDisable)
../../RTOSDemo_bsp/ps7_cortexa9_0/lib\libxil.a(xil_exception.o)
                              ../../RTOSDemo_bsp/ps7_cortexa9_0/lib\libxil.a(asm_vectors.o) (PrefetchAbortAddr)
../../RTOSDemo_bsp/ps7_cortexa9_0/lib\libxil.a(xil_io.o)
                              ./src/FreeRTOS_Source/tasks.o (Xil_In32)
../../RTOSDemo_bsp/ps7_cortexa9_0/lib\libxil.a(xplatform_info.o)
                              ../../RTOSDemo_bsp/ps7_cortexa9_0/lib\libxil.a(xgpiops.o) (XGetPlatform_Info)
../../RTOSDemo_bsp/ps7_cortexa9_0/lib\libxil.a(xtime_l.o)
                              ../../RTOSDemo_bsp/ps7_cortexa9_0/lib\libxil.a(xil-crt0.o) (XTime_SetTime)
../../RTOSDemo_bsp/ps7_cortexa9_0/lib\libxil.a(xgpiops_g.o)
                              ../../RTOSDemo_bsp/ps7_cortexa9_0/lib\libxil.a(xgpiops_sinit.o) (XGpioPs_ConfigTable)
../../RTOSDemo_bsp/ps7_cortexa9_0/lib\libxil.a(xscutimer_g.o)
                              ../../RTOSDemo_bsp/ps7_cortexa9_0/lib\libxil.a(xscutimer_sinit.o) (XScuTimer_ConfigTable)
../../RTOSDemo_bsp/ps7_cortexa9_0/lib\libxil.a(xscuwdt_g.o)
                              ../../RTOSDemo_bsp/ps7_cortexa9_0/lib\libxil.a(xscuwdt_sinit.o) (XScuWdt_ConfigTable)
../../RTOSDemo_bsp/ps7_cortexa9_0/lib\libxil.a(cpu_init.o)
                              ../../RTOSDemo_bsp/ps7_cortexa9_0/lib\libxil.a(xil-crt0.o) (__cpu_init)
c:/xilinx/sdk/2018.1/gnu/aarch32/nt/gcc-arm-none-eabi/bin/../lib/gcc/arm-none-eabi/6.2.1/v7-a/fpv3/hard\libgcc.a(_udivsi3.o)
                              ./src/FreeRTOS_Source/tasks.o (__aeabi_uidiv)
c:/xilinx/sdk/2018.1/gnu/aarch32/nt/gcc-arm-none-eabi/bin/../lib/gcc/arm-none-eabi/6.2.1/v7-a/fpv3/hard\libgcc.a(_dvmd_tls.o)
                              c:/xilinx/sdk/2018.1/gnu/aarch32/nt/gcc-arm-none-eabi/bin/../lib/gcc/arm-none-eabi/6.2.1/v7-a/fpv3/hard\libgcc.a(_udivsi3.o) (__aeabi_idiv0)
c:/xilinx/sdk/2018.1/gnu/aarch32/nt/gcc-arm-none-eabi/bin/../arm-none-eabi/libc/usr/lib/v7-a/fpv3/hard\libc.a(lib_a-exit.o)
                              ../../RTOSDemo_bsp/ps7_cortexa9_0/lib\libxil.a(xil-crt0.o) (exit)
c:/xilinx/sdk/2018.1/gnu/aarch32/nt/gcc-arm-none-eabi/bin/../arm-none-eabi/libc/usr/lib/v7-a/fpv3/hard\libc.a(lib_a-fini.o)
                              ../../RTOSDemo_bsp/ps7_cortexa9_0/lib\libxil.a(xil-crt0.o) (__libc_fini_array)
c:/xilinx/sdk/2018.1/gnu/aarch32/nt/gcc-arm-none-eabi/bin/../arm-none-eabi/libc/usr/lib/v7-a/fpv3/hard\libc.a(lib_a-impure.o)
[...]
Memory Configuration

Name             Origin             Length             Attributes
ps7_ddr_0_S_AXI_BASEADDR 0x0000000000100000 0x000000003ff00000
ps7_qspi_linear_0_S_AXI_BASEADDR 0x00000000fc000000 0x0000000001000000
ps7_ram_0_S_AXI_BASEADDR 0x0000000000000000 0x0000000000030000
ps7_ram_1_S_AXI_BASEADDR 0x00000000ffff0000 0x000000000000fe00
*default*        0x0000000000000000 0xffffffffffffffff

Linker script and memory map

LOAD c:/xilinx/sdk/2018.1/gnu/aarch32/nt/gcc-arm-none-eabi/bin/../lib/gcc/arm-none-eabi/6.2.1/v7-a/fpv3/hard/crti.o
LOAD c:/xilinx/sdk/2018.1/gnu/aarch32/nt/gcc-arm-none-eabi/bin/../lib/gcc/arm-none-eabi/6.2.1/v7-a/fpv3/hard/crtbegin.o
                0x0000000000002000                _STACK_SIZE = DEFINED (_STACK_SIZE)?_STACK_SIZE:0x2000
                0x0000000000002000                _HEAP_SIZE = DEFINED (_HEAP_SIZE)?_HEAP_SIZE:0x2000
                0x0000000000000400                _ABORT_STACK_SIZE = DEFINED (_ABORT_STACK_SIZE)?_ABORT_STACK_SIZE:0x400
                0x0000000000000800                _SUPERVISOR_STACK_SIZE = DEFINED (_SUPERVISOR_STACK_SIZE)?_SUPERVISOR_STACK_SIZE:0x800
                0x0000000000000400                _IRQ_STACK_SIZE = DEFINED (_IRQ_STACK_SIZE)?_IRQ_STACK_SIZE:0x400
                0x0000000000000400                _FIQ_STACK_SIZE = DEFINED (_FIQ_STACK_SIZE)?_FIQ_STACK_SIZE:0x400
                0x0000000000000400                _UNDEF_STACK_SIZE = DEFINED (_UNDEF_STACK_SIZE)?_UNDEF_STACK_SIZE:0x400

.text           0x0000000000100000     0x8ce8
 *(.freertos_vectors)
 .freertos_vectors
                0x0000000000100000       0xa8 ./src/FreeRTOS_asm_vectors.o
                0x0000000000100000                _freertos_vector_table
                0x0000000000100090                vPortInstallFreeRTOSVectorTable
 *(.vectors)
 .vectors       0x00000000001000a8      0x12c ../../RTOSDemo_bsp/ps7_cortexa9_0/lib\libxil.a(asm_vectors.o)
                0x00000000001000a8                _vector_table
 *(.boot)
 .boot          0x00000000001001d4      0x370 ../../RTOSDemo_bsp/ps7_cortexa9_0/lib\libxil.a(boot.o)
                0x00000000001001d4                _prestart
                0x00000000001001d4                _boot
 *(.text)
 .text          0x0000000000100544      0x108 c:/xilinx/sdk/2018.1/gnu/aarch32/nt/gcc-arm-none-eabi/bin/../lib/gcc/arm-none-eabi/6.2.1/v7-a/fpv3/hard/crtbegin.o
 *fill*         0x000000000010064c        0x4 
 .text          0x0000000000100650      0x2e0 ./src/FreeRTOS_Source/portable/GCC/ARM_CA9/portASM.o
                0x0000000000100650                FreeRTOS_SWI_Handler
                0x00000000001006f8                vPortRestoreTaskContext
                0x0000000000100760                FreeRTOS_IRQ_Handler
                0x00000000001008d0                vApplicationIRQHandler
 .text          0x0000000000100930      0xcd4 ../../RTOSDemo_bsp/ps7_cortexa9_0/lib\libxil.a(xgpiops.o)
                0x0000000000100930                XGpioPs_CfgInitialize
                0x0000000000100a4c                XGpioPs_Read
                0x0000000000100b00                XGpioPs_Write
                0x0000000000100bb0                XGpioPs_SetDirection
                0x0000000000100c64                XGpioPs_GetDirection
                0x0000000000100d1c                XGpioPs_SetOutputEnable
                0x0000000000100dd0                XGpioPs_GetOutputEnable
                0x0000000000100e88                XGpioPs_GetBankPin
                0x0000000000100fcc                XGpioPs_ReadPin
                0x00000000001010b4                XGpioPs_WritePin
                0x00000000001011bc                XGpioPs_SetDirectionPin
                0x00000000001012f4                XGpioPs_GetDirectionPin
                0x00000000001013e0                XGpioPs_SetOutputEnablePin
                0x0000000000101518                XGpioPs_GetOutputEnablePin
 .text          0x0000000000101604      0xf3c ../../RTOSDemo_bsp/ps7_cortexa9_0/lib\libxil.a(xgpiops_intr.o)
                0x0000000000101604                XGpioPs_IntrEnable
                0x00000000001016b8                XGpioPs_IntrEnablePin
                0x0000000000101798                XGpioPs_IntrDisable
                0x000000000010184c                XGpioPs_IntrDisablePin
                0x000000000010192c                XGpioPs_IntrGetEnabled
                0x00000000001019ec                XGpioPs_IntrGetEnabledPin
                0x0000000000101ad8                XGpioPs_IntrGetStatus
                0x0000000000101b90                XGpioPs_IntrGetStatusPin
                0x0000000000101c7c                XGpioPs_IntrClear
                0x0000000000101d30                XGpioPs_IntrClearPin
                0x0000000000101e28                XGpioPs_SetIntrType
                0x0000000000101f0c                XGpioPs_GetIntrType
                0x0000000000101ff4                XGpioPs_SetIntrTypePin
                0x0000000000102228                XGpioPs_GetIntrTypePin
                0x0000000000102390                XGpioPs_SetCallbackHandler
                0x0000000000102430                XGpioPs_IntrHandler
                0x0000000000102518                StubHandler
 .text          0x0000000000102540       0x1c ../../RTOSDemo_bsp/ps7_cortexa9_0/lib\libxil.a(xgpiops_sinit.o)
                0x0000000000102540                XGpioPs_LookupConfig
 .text          0x000000000010255c      0x93c ../../RTOSDemo_bsp/ps7_cortexa9_0/lib\libxil.a(xscugic.o)
                0x00000000001025ac                XScuGic_CfgInitialize
                0x000000000010276c                XScuGic_Connect
                0x0000000000102844                XScuGic_Disconnect
                0x000000000010291c                XScuGic_Enable
                0x00000000001029d8                XScuGic_Disable
                0x0000000000102a94                XScuGic_SoftwareIntr
                0x0000000000102b80                XScuGic_SetPriorityTriggerType
                0x0000000000102d04                XScuGic_GetPriorityTriggerType
                0x0000000000102e44                XScuGic_InterruptMaptoCpu
 .text          0x0000000000102e98       0x1c ../../RTOSDemo_bsp/ps7_cortexa9_0/lib\libxil.a(xscugic_sinit.o)
                0x0000000000102e98                XScuGic_LookupConfig
 .text          0x0000000000102eb4      0x314 ../../RTOSDemo_bsp/ps7_cortexa9_0/lib\libxil.a(xscutimer.o)
                0x0000000000102eb4                XScuTimer_CfgInitialize
                0x0000000000102f64                XScuTimer_Start
                0x0000000000103000                XScuTimer_Stop
                0x0000000000103094                XScuTimer_SetPrescaler
                0x000000000010313c                XScuTimer_GetPrescaler
 .text          0x00000000001031c8       0x1c ../../RTOSDemo_bsp/ps7_cortexa9_0/lib\libxil.a(xscutimer_sinit.o)
                0x00000000001031c8                XScuTimer_LookupConfig
 .text          0x00000000001031e4      0x238 ../../RTOSDemo_bsp/ps7_cortexa9_0/lib\libxil.a(xscuwdt.o)
                0x00000000001031e4                XScuWdt_CfgInitialize
                0x00000000001032ec                XScuWdt_Start
                0x0000000000103388                XScuWdt_Stop
 .text          0x000000000010341c       0x1c ../../RTOSDemo_bsp/ps7_cortexa9_0/lib\libxil.a(xscuwdt_sinit.o)
                0x000000000010341c                XScuWdt_LookupConfig
 .text          0x0000000000103438       0x78 ../../RTOSDemo_bsp/ps7_cortexa9_0/lib\libxil.a(vectors.o)
                0x0000000000103438                UndefinedException
                0x000000000010344c                FIQInterrupt
                0x0000000000103460                IRQInterrupt
                0x0000000000103474                SWInterrupt
                0x0000000000103488                DataAbortInterrupt
                0x000000000010349c                PrefetchAbortInterrupt
 .text          0x00000000001034b0       0x78 ../../RTOSDemo_bsp/ps7_cortexa9_0/lib\libxil.a(xil-crt0.o)
                0x00000000001034c4                _start
 .text          0x0000000000103528       0x38 ../../RTOSDemo_bsp/ps7_cortexa9_0/lib\libxil.a(xil_assert.o)
                0x0000000000103528                Xil_Assert
                0x000000000010354c                Xil_AssertSetCallback
                0x000000000010355c                XNullHandler
 .text          0x0000000000103560       0x58 ../../RTOSDemo_bsp/ps7_cortexa9_0/lib\libxil.a(xil_exception.o)
                0x0000000000103564                Xil_DataAbortHandler
                0x000000000010356c                Xil_PrefetchAbortHandler
                0x0000000000103574                Xil_UndefinedExceptionHandler
                0x0000000000103578                Xil_ExceptionInit
                0x000000000010357c                Xil_ExceptionRegisterHandler
                0x0000000000103594                Xil_ExceptionRemoveHandler
 .text          0x00000000001035b8       0x78 ../../RTOSDemo_bsp/ps7_cortexa9_0/lib\libxil.a(xil_io.o)
                0x00000000001035b8                Xil_In8
                0x00000000001035c0                Xil_In16
                0x00000000001035c8                Xil_In32
                0x00000000001035d0                Xil_Out8
                0x00000000001035d8                Xil_Out16
                0x00000000001035e0                Xil_Out32
                0x00000000001035e8                Xil_In16BE
                0x00000000001035f8                Xil_In32BE
                0x0000000000103604                Xil_Out16BE
                0x0000000000103610                Xil_Out32BE
                0x000000000010361c                Xil_EndianSwap16
                0x0000000000103628                Xil_EndianSwap32
 .text          0x0000000000103630        0x8 ../../RTOSDemo_bsp/ps7_cortexa9_0/lib\libxil.a(xplatform_info.o)
                0x0000000000103630                XGetPlatform_Info
 .text          0x0000000000103638       0xa4 ../../RTOSDemo_bsp/ps7_cortexa9_0/lib\libxil.a(xtime_l.o)
                0x0000000000103638                XTime_SetTime
                0x0000000000103688                XTime_GetTime
 .text          0x00000000001036dc       0x3c ../../RTOSDemo_bsp/ps7_cortexa9_0/lib\libxil.a(cpu_init.o)
                0x00000000001036dc                __cpu_init
 .text          0x0000000000103718      0x20c c:/xilinx/sdk/2018.1/gnu/aarch32/nt/gcc-arm-none-eabi/bin/../lib/gcc/arm-none-eabi/6.2.1/v7-a/fpv3/hard\libgcc.a(_udivsi3.o)
                0x0000000000103718                __aeabi_uidiv
                0x0000000000103718                __udivsi3
                0x0000000000103904                __aeabi_uidivmod
 .text          0x0000000000103924        0x4 c:/xilinx/sdk/2018.1/gnu/aarch32/nt/gcc-arm-none-eabi/bin/../lib/gcc/arm-none-eabi/6.2.1/v7-a/fpv3/hard\libgcc.a(_dvmd_tls.o)
                0x0000000000103924                __aeabi_idiv0
                0x0000000000103924                __aeabi_ldiv0
 .text          0x0000000000103928       0x34 c:/xilinx/sdk/2018.1/gnu/aarch32/nt/gcc-arm-none-eabi/bin/../arm-none-eabi/libc/usr/lib/v7-a/fpv3/hard\libc.a(lib_a-exit.o)
                0x0000000000103928                exit
 .text          0x000000000010395c       0x40 c:/xilinx/sdk/2018.1/gnu/aarch32/nt/gcc-arm-none-eabi/bin/../arm-none-eabi/libc/usr/lib/v7-a/fpv3/hard\libc.a(lib_a-fini.o)
                0x000000000010395c                __libc_fini_array
 .text          0x000000000010399c       0x78 c:/xilinx/sdk/2018.1/gnu/aarch32/nt/gcc-arm-none-eabi/bin/../arm-none-eabi/libc/usr/lib/v7-a/fpv3/hard\libc.a(lib_a-init.o)
                0x000000000010399c                __libc_init_array
 .text          0x0000000000103a14      0x164 c:/xilinx/sdk/2018.1/gnu/aarch32/nt/gcc-arm-none-eabi/bin/../arm-none-eabi/libc/usr/lib/v7-a/fpv3/hard\libc.a(lib_a-__call_atexit.o)
                0x0000000000103a14                __call_exitprocs
 .text          0x0000000000103b78        0x4 ../../RTOSDemo_bsp/ps7_cortexa9_0/lib\libxil.a(_exit.o)
                0x0000000000103b78                _exit
 *(.text.*)
 .text.pvPortMalloc
                0x0000000000103b7c      0x2ac ./src/FreeRTOS_Source/portable/MemMang/heap_4.o
                0x0000000000103b7c                pvPortMalloc
 .text.vPortFree
                0x0000000000103e28      0x124 ./src/FreeRTOS_Source/portable/MemMang/heap_4.o
                0x0000000000103e28                vPortFree
 .text.xPortGetFreeHeapSize
                0x0000000000103f4c       0x24 ./src/FreeRTOS_Source/portable/MemMang/heap_4.o
                0x0000000000103f4c                xPortGetFreeHeapSize
 .text.xPortGetMinimumEverFreeHeapSize
                0x0000000000103f70       0x24 ./src/FreeRTOS_Source/portable/MemMang/heap_4.o
                0x0000000000103f70                xPortGetMinimumEverFreeHeapSize
 .text.prvHeapInit
                0x0000000000103f94      0x168 ./src/FreeRTOS_Source/portable/MemMang/heap_4.o
 .text.prvInsertBlockIntoFreeList
                0x00000000001040fc      0x158 ./src/FreeRTOS_Source/portable/MemMang/heap_4.o
 .text.pxPortInitialiseStack
                0x0000000000104254      0x294 ./src/FreeRTOS_Source/portable/GCC/ARM_CA9/port.o
                0x0000000000104254                pxPortInitialiseStack
 .text.xPortStartScheduler
                0x00000000001044e8      0x140 ./src/FreeRTOS_Source/portable/GCC/ARM_CA9/port.o
                0x00000000001044e8                xPortStartScheduler
 .text.vPortEnterCritical
                0x0000000000104628       0x68 ./src/FreeRTOS_Source/portable/GCC/ARM_CA9/port.o
                0x0000000000104628                vPortEnterCritical
 .text.vPortExitCritical
                0x0000000000104690       0x8c ./src/FreeRTOS_Source/portable/GCC/ARM_CA9/port.o
                0x0000000000104690                vPortExitCritical
 .text.FreeRTOS_Tick_Handler
                0x000000000010471c       0x94 ./src/FreeRTOS_Source/portable/GCC/ARM_CA9/port.o
                0x000000000010471c                FreeRTOS_Tick_Handler
 .text.vPortClearInterruptMask
                0x00000000001047b0       0x5c ./src/FreeRTOS_Source/portable/GCC/ARM_CA9/port.o
                0x00000000001047b0                vPortClearInterruptMask
 .text.ulPortSetInterruptMask
                0x000000000010480c       0x78 ./src/FreeRTOS_Source/portable/GCC/ARM_CA9/port.o
                0x000000000010480c                ulPortSetInterruptMask
 .text.vPortValidateInterruptPriority
                0x0000000000104884       0x5c ./src/FreeRTOS_Source/portable/GCC/ARM_CA9/port.o
                0x0000000000104884                vPortValidateInterruptPriority
 .text.vListInitialise
                0x00000000001048e0       0x68 ./src/FreeRTOS_Source/list.o
                0x00000000001048e0                vListInitialise
 .text.vListInitialiseItem
                0x0000000000104948       0x2c ./src/FreeRTOS_Source/list.o
                0x0000000000104948                vListInitialiseItem
 .text.vListInsertEnd
                0x0000000000104974       0x88 ./src/FreeRTOS_Source/list.o
                0x0000000000104974                vListInsertEnd
 .text.vListInsert
                0x00000000001049fc       0xd8 ./src/FreeRTOS_Source/list.o
                0x00000000001049fc                vListInsert
 .text.uxListRemove
                0x0000000000104ad4       0xa0 ./src/FreeRTOS_Source/list.o
                0x0000000000104ad4                uxListRemove
 .text.xQueueGenericReset
                0x0000000000104b74      0x138 ./src/FreeRTOS_Source/queue.o
                0x0000000000104b74                xQueueGenericReset
 .text.xQueueGenericCreateStatic
                0x0000000000104cac      0x140 ./src/FreeRTOS_Source/queue.o
                0x0000000000104cac                xQueueGenericCreateStatic
 .text.xQueueGenericCreate
                0x0000000000104dec       0xc8 ./src/FreeRTOS_Source/queue.o
                0x0000000000104dec                xQueueGenericCreate
 .text.prvInitialiseNewQueue
                0x0000000000104eb4       0x8c ./src/FreeRTOS_Source/queue.o
 .text.xQueueGenericSend
                0x0000000000104f40      0x2e4 ./src/FreeRTOS_Source/queue.o
                0x0000000000104f40                xQueueGenericSend
 .text.xQueueGenericSendFromISR
                0x0000000000105224      0x1e8 ./src/FreeRTOS_Source/queue.o
                0x0000000000105224                xQueueGenericSendFromISR
 .text.xQueueGenericReceive
                0x000000000010540c      0x310 ./src/FreeRTOS_Source/queue.o
                0x000000000010540c                xQueueGenericReceive
 .text.prvCopyDataToQueue
                0x000000000010571c      0x198 ./src/FreeRTOS_Source/queue.o
 .text.prvCopyDataFromQueue
                0x00000000001058b4       0x90 ./src/FreeRTOS_Source/queue.o
 .text.prvUnlockQueue
                0x0000000000105944      0x13c ./src/FreeRTOS_Source/queue.o
 .text.prvIsQueueEmpty
                0x0000000000105a80       0x4c ./src/FreeRTOS_Source/queue.o
 .text.prvIsQueueFull
                0x0000000000105acc       0x54 ./src/FreeRTOS_Source/queue.o
 .text.vQueueAddToRegistry
                0x0000000000105b20       0x94 ./src/FreeRTOS_Source/queue.o
                0x0000000000105b20                vQueueAddToRegistry
 .text.vQueueWaitForMessageRestricted
                0x0000000000105bb4       0xa4 ./src/FreeRTOS_Source/queue.o
                0x0000000000105bb4                vQueueWaitForMessageRestricted
 .text.prvNotifyQueueSetContainer
                0x0000000000105c58      0x114 ./src/FreeRTOS_Source/queue.o
 .text.xTaskCreateStatic
                0x0000000000105d6c       0xe4 ./src/FreeRTOS_Source/tasks.o
                0x0000000000105d6c                xTaskCreateStatic
 .text.xTaskCreate
                0x0000000000105e50       0xf0 ./src/FreeRTOS_Source/tasks.o
                0x0000000000105e50                xTaskCreate
 .text.prvInitialiseNewTask
                0x0000000000105f40      0x1e8 ./src/FreeRTOS_Source/tasks.o
 .text.prvAddNewTaskToReadyList
                0x0000000000106128      0x190 ./src/FreeRTOS_Source/tasks.o
 .text.vTaskDelayUntil
                0x00000000001062b8      0x164 ./src/FreeRTOS_Source/tasks.o
                0x00000000001062b8                vTaskDelayUntil
 .text.vTaskStartScheduler
                0x000000000010641c      0x128 ./src/FreeRTOS_Source/tasks.o
                0x000000000010641c                vTaskStartScheduler
 .text.vTaskSuspendAll
                0x0000000000106544       0x34 ./src/FreeRTOS_Source/tasks.o
                0x0000000000106544                vTaskSuspendAll
 .text.xTaskResumeAll
                0x0000000000106578      0x210 ./src/FreeRTOS_Source/tasks.o
                0x0000000000106578                xTaskResumeAll
 .text.xTaskGetTickCount
                0x0000000000106788       0x30 ./src/FreeRTOS_Source/tasks.o
                0x0000000000106788                xTaskGetTickCount
 .text.xTaskIncrementTick
                0x00000000001067b8      0x2e0 ./src/FreeRTOS_Source/tasks.o
                0x00000000001067b8                xTaskIncrementTick
 .text.vTaskSwitchContext
                0x0000000000106a98      0x260 ./src/FreeRTOS_Source/tasks.o
                0x0000000000106a98                vTaskSwitchContext
 .text.vTaskPlaceOnEventList
                0x0000000000106cf8       0x64 ./src/FreeRTOS_Source/tasks.o
                0x0000000000106cf8                vTaskPlaceOnEventList
 .text.vTaskPlaceOnEventListRestricted
                0x0000000000106d5c       0x7c ./src/FreeRTOS_Source/tasks.o
                0x0000000000106d5c                vTaskPlaceOnEventListRestricted
 .text.xTaskRemoveFromEventList
                0x0000000000106dd8      0x144 ./src/FreeRTOS_Source/tasks.o
                0x0000000000106dd8                xTaskRemoveFromEventList
 .text.vTaskSetTimeOutState
                0x0000000000106f1c       0x60 ./src/FreeRTOS_Source/tasks.o
                0x0000000000106f1c                vTaskSetTimeOutState
 .text.xTaskCheckForTimeOut
                0x0000000000106f7c      0x164 ./src/FreeRTOS_Source/tasks.o
                0x0000000000106f7c                xTaskCheckForTimeOut
 .text.vTaskMissedYield
                0x00000000001070e0       0x28 ./src/FreeRTOS_Source/tasks.o
                0x00000000001070e0                vTaskMissedYield
 .text.prvIdleTask
                0x0000000000107108       0x34 ./src/FreeRTOS_Source/tasks.o
 .text.prvInitialiseTaskLists
                0x000000000010713c       0xc8 ./src/FreeRTOS_Source/tasks.o
 .text.prvCheckTasksWaitingTermination
                0x0000000000107204       0xd0 ./src/FreeRTOS_Source/tasks.o
 .text.prvDeleteTCB
                0x00000000001072d4       0x84 ./src/FreeRTOS_Source/tasks.o
 .text.prvResetNextTaskUnblockTime
                0x0000000000107358       0x88 ./src/FreeRTOS_Source/tasks.o
 .text.xTaskGetSchedulerState
                0x00000000001073e0       0x68 ./src/FreeRTOS_Source/tasks.o
                0x00000000001073e0                xTaskGetSchedulerState
 .text.vTaskPriorityInherit
                0x0000000000107448      0x1d8 ./src/FreeRTOS_Source/tasks.o
                0x0000000000107448                vTaskPriorityInherit
 .text.xTaskPriorityDisinherit
                0x0000000000107620      0x1cc ./src/FreeRTOS_Source/tasks.o
                0x0000000000107620                xTaskPriorityDisinherit
 .text.pvTaskIncrementMutexHeldCount
                0x00000000001077ec       0x50 ./src/FreeRTOS_Source/tasks.o
                0x00000000001077ec                pvTaskIncrementMutexHeldCount
 .text.prvAddCurrentTaskToDelayedList
                0x000000000010783c      0x18c ./src/FreeRTOS_Source/tasks.o
 .text.xTimerCreateTimerTask
                0x00000000001079c8       0xe0 ./src/FreeRTOS_Source/timers.o
                0x00000000001079c8                xTimerCreateTimerTask
 .text.xTimerGenericCommand
                0x0000000000107aa8      0x100 ./src/FreeRTOS_Source/timers.o
                0x0000000000107aa8                xTimerGenericCommand
 .text.prvProcessExpiredTimer
                0x0000000000107ba8       0xd0 ./src/FreeRTOS_Source/timers.o
 .text.prvTimerTask
                0x0000000000107c78       0x38 ./src/FreeRTOS_Source/timers.o
 .text.prvProcessTimerOrBlockTask
                0x0000000000107cb0       0xe0 ./src/FreeRTOS_Source/timers.o
 .text.prvGetNextExpireTime
                0x0000000000107d90       0x84 ./src/FreeRTOS_Source/timers.o
 .text.prvSampleTimeNow
                0x0000000000107e14       0x70 ./src/FreeRTOS_Source/timers.o
 .text.prvInsertTimerInActiveList
                0x0000000000107e84       0xf4 ./src/FreeRTOS_Source/timers.o
 .text.prvProcessReceivedCommands
                0x0000000000107f78      0x21c ./src/FreeRTOS_Source/timers.o
 .text.prvSwitchTimerLists
                0x0000000000108194      0x168 ./src/FreeRTOS_Source/timers.o
 .text.prvCheckForValidListAndQueue
                0x00000000001082fc       0xd8 ./src/FreeRTOS_Source/timers.o
 .text.main_blinky
                0x00000000001083d4       0xa0 ./src/Blinky_Demo/main_blinky.o
                0x00000000001083d4                main_blinky
 .text.prvQueueSendTask
                0x0000000000108474       0x54 ./src/Blinky_Demo/main_blinky.o
 .text.prvQueueReceiveTask
                0x00000000001084c8       0x58 ./src/Blinky_Demo/main_blinky.o
 .text.vConfigureTickInterrupt
                0x0000000000108520      0x1cc ./src/FreeRTOS_tick_config.o
                0x0000000000108520                vConfigureTickInterrupt
 .text.vClearTickInterrupt
                0x00000000001086ec       0x2c ./src/FreeRTOS_tick_config.o
                0x00000000001086ec                vClearTickInterrupt
 .text.vApplicationFPUSafeIRQHandler
                0x0000000000108718       0x6c ./src/FreeRTOS_tick_config.o
                0x0000000000108718                vApplicationFPUSafeIRQHandler
 .text.vParTestInitialise
                0x0000000000108784       0x9c ./src/ParTest.o
                0x0000000000108784                vParTestInitialise
 .text.vParTestToggleLED
                0x0000000000108820       0x5c ./src/ParTest.o
                0x0000000000108820                vParTestToggleLED
 .text.main     0x000000000010887c       0x1c ./src/main.o
                0x000000000010887c                main
 .text.prvSetupHardware
                0x0000000000108898       0xd8 ./src/main.o
 .text.vApplicationMallocFailedHook
                0x0000000000108970       0x10 ./src/main.o
                0x0000000000108970                vApplicationMallocFailedHook
 .text.vApplicationStackOverflowHook
                0x0000000000108980       0x1c ./src/main.o
                0x0000000000108980                vApplicationStackOverflowHook
 .text.vApplicationIdleHook
                0x000000000010899c       0x38 ./src/main.o
                0x000000000010899c                vApplicationIdleHook
 .text.vAssertCalled
                0x00000000001089d4       0x44 ./src/main.o
                0x00000000001089d4                vAssertCalled
 .text.vApplicationTickHook
                0x0000000000108a18       0x18 ./src/main.o
                0x0000000000108a18                vApplicationTickHook
 .text.memcpy   0x0000000000108a30       0x98 ./src/main.o
                0x0000000000108a30                memcpy
 .text.memset   0x0000000000108ac8       0x74 ./src/main.o
                0x0000000000108ac8                memset
 .text.vInitialiseTimerForRunTimeStats
                0x0000000000108b3c      0x104 ./src/main.o
                0x0000000000108b3c                vInitialiseTimerForRunTimeStats
 .text.vApplicationGetIdleTaskMemory
                0x0000000000108c40       0x54 ./src/main.o
                0x0000000000108c40                vApplicationGetIdleTaskMemory
 .text.vApplicationGetTimerTaskMemory
                0x0000000000108c94       0x54 ./src/main.o
                0x0000000000108c94                vApplicationGetTimerTaskMemory
 *(.gnu.linkonce.t.*)
 *(.plt)
 *(.gnu_warning)
 *(.gcc_execpt_table)
 *(.glue_7)
 .glue_7        0x0000000000108ce8        0x0 linker stubs
 *(.glue_7t)
 .glue_7t       0x0000000000108ce8        0x0 linker stubs
 *(.vfp11_veneer)
 .vfp11_veneer  0x0000000000108ce8        0x0 linker stubs
 *(.ARM.extab)
 *(.gnu.linkonce.armextab.*)

.v4_bx          0x0000000000108ce8        0x0
 .v4_bx         0x0000000000108ce8        0x0 linker stubs

.iplt           0x0000000000108ce8        0x0
 .iplt          0x0000000000108ce8        0x0 c:/xilinx/sdk/2018.1/gnu/aarch32/nt/gcc-arm-none-eabi/bin/../lib/gcc/arm-none-eabi/6.2.1/v7-a/fpv3/hard/crtbegin.o

.init           0x0000000000108ce8       0x18
 *(.init)
 .init          0x0000000000108ce8        0xc c:/xilinx/sdk/2018.1/gnu/aarch32/nt/gcc-arm-none-eabi/bin/../lib/gcc/arm-none-eabi/6.2.1/v7-a/fpv3/hard/crti.o
                0x0000000000108ce8                _init
 .init          0x0000000000108cf4        0xc c:/xilinx/sdk/2018.1/gnu/aarch32/nt/gcc-arm-none-eabi/bin/../lib/gcc/arm-none-eabi/6.2.1/v7-a/fpv3/hard/crtn.o

.fini           0x0000000000108d00       0x18
 *(.fini)
 .fini          0x0000000000108d00        0xc c:/xilinx/sdk/2018.1/gnu/aarch32/nt/gcc-arm-none-eabi/bin/../lib/gcc/arm-none-eabi/6.2.1/v7-a/fpv3/hard/crti.o
                0x0000000000108d00                _fini
 .fini          0x0000000000108d0c        0xc c:/xilinx/sdk/2018.1/gnu/aarch32/nt/gcc-arm-none-eabi/bin/../lib/gcc/arm-none-eabi/6.2.1/v7-a/fpv3/hard/crtn.o

.rodata         0x0000000000108d18      0x298
                0x0000000000108d18                __rodata_start = .
 *(.rodata)
 .rodata        0x0000000000108d18       0x60 ./src/FreeRTOS_Source/portable/MemMang/heap_4.o
 .rodata        0x0000000000108d78       0x62 ./src/FreeRTOS_Source/portable/GCC/ARM_CA9/port.o
 *fill*         0x0000000000108dda        0x2 
 .rodata        0x0000000000108ddc       0x4e ./src/FreeRTOS_Source/queue.o
 *fill*         0x0000000000108e2a        0x2 
 .rodata        0x0000000000108e2c       0x80 ./src/FreeRTOS_Source/tasks.o
 .rodata        0x0000000000108eac       0x5d ./src/FreeRTOS_Source/timers.o
 *fill*         0x0000000000108f09        0x3 
 .rodata        0x0000000000108f0c        0x7 ./src/Blinky_Demo/main_blinky.o
 *fill*         0x0000000000108f13        0x1 
 .rodata        0x0000000000108f14       0x1e ./src/FreeRTOS_tick_config.o
 *fill*         0x0000000000108f32        0x2 
 .rodata        0x0000000000108f34       0x11 ./src/ParTest.o
 *fill*         0x0000000000108f45        0x3 
 .rodata        0x0000000000108f48        0xe ./src/main.o
 *fill*         0x0000000000108f56        0x2 
 .rodata        0x0000000000108f58        0x4 c:/xilinx/sdk/2018.1/gnu/aarch32/nt/gcc-arm-none-eabi/bin/../arm-none-eabi/libc/usr/lib/v7-a/fpv3/hard\libc.a(lib_a-impure.o)
                0x0000000000108f58                _global_impure_ptr
 *(.rodata.*)
 .rodata.ulICCIAR
                0x0000000000108f5c        0x4 ./src/FreeRTOS_Source/portable/GCC/ARM_CA9/port.o
                0x0000000000108f5c                ulICCIAR
 .rodata.ulICCEOIR
                0x0000000000108f60        0x4 ./src/FreeRTOS_Source/portable/GCC/ARM_CA9/port.o
                0x0000000000108f60                ulICCEOIR
 .rodata.ulICCPMR
                0x0000000000108f64        0x4 ./src/FreeRTOS_Source/portable/GCC/ARM_CA9/port.o
                0x0000000000108f64                ulICCPMR
 .rodata.ulMaxAPIPriorityMask
                0x0000000000108f68        0x4 ./src/FreeRTOS_Source/portable/GCC/ARM_CA9/port.o
                0x0000000000108f68                ulMaxAPIPriorityMask
 .rodata.str1.4
                0x0000000000108f6c        0xa ../../RTOSDemo_bsp/ps7_cortexa9_0/lib\libxil.a(xgpiops.o)
 *fill*         0x0000000000108f76        0x2 
 .rodata.str1.4
                0x0000000000108f78        0xf ../../RTOSDemo_bsp/ps7_cortexa9_0/lib\libxil.a(xgpiops_intr.o)
 *fill*         0x0000000000108f87        0x1 
 .rodata.str1.4
                0x0000000000108f88        0xa ../../RTOSDemo_bsp/ps7_cortexa9_0/lib\libxil.a(xscugic.o)
 *fill*         0x0000000000108f92        0x2 
 .rodata.str1.4
                0x0000000000108f94        0xc ../../RTOSDemo_bsp/ps7_cortexa9_0/lib\libxil.a(xscutimer.o)
 .rodata.str1.4
                0x0000000000108fa0        0xa ../../RTOSDemo_bsp/ps7_cortexa9_0/lib\libxil.a(xscuwdt.o)
 *fill*         0x0000000000108faa        0x2 
 .rodata.str1.4
                0x0000000000108fac        0x4 c:/xilinx/sdk/2018.1/gnu/aarch32/nt/gcc-arm-none-eabi/bin/../arm-none-eabi/libc/usr/lib/v7-a/fpv3/hard\libc.a(lib_a-impure.o)
                                          0x2 (size before relaxing)
 *(.gnu.linkonce.r.*)
                0x0000000000108fb0                __rodata_end = .

.rodata1        0x0000000000108fb0        0x0
                0x0000000000108fb0                __rodata1_start = .
 *(.rodata1)
 *(.rodata1.*)
                0x0000000000108fb0                __rodata1_end = .

.sdata2         0x0000000000108fb0        0x0
                0x0000000000108fb0                __sdata2_start = .
 *(.sdata2)
 *(.sdata2.*)
 *(.gnu.linkonce.s2.*)
                0x0000000000108fb0                __sdata2_end = .

.sbss2          0x0000000000108fb0        0x0
                0x0000000000108fb0                __sbss2_start = .
 *(.sbss2)
 *(.sbss2.*)
 *(.gnu.linkonce.sb2.*)
                0x0000000000108fb0                __sbss2_end = .

.data           0x0000000000108fb0      0xab0
                0x0000000000108fb0                __data_start = .
 *(.data)
 .data          0x0000000000108fb0      0x624 ../../RTOSDemo_bsp/ps7_cortexa9_0/lib\libxil.a(xscugic_g.o)
                0x0000000000108fb0                XScuGic_ConfigTable
 .data          0x00000000001095d4       0x38 ../../RTOSDemo_bsp/ps7_cortexa9_0/lib\libxil.a(xil_exception.o)
                0x00000000001095d4                XExc_VectorTable
 .data          0x000000000010960c        0x8 ../../RTOSDemo_bsp/ps7_cortexa9_0/lib\libxil.a(xgpiops_g.o)
                0x000000000010960c                XGpioPs_ConfigTable
 .data          0x0000000000109614        0x8 ../../RTOSDemo_bsp/ps7_cortexa9_0/lib\libxil.a(xscutimer_g.o)
                0x0000000000109614                XScuTimer_ConfigTable
 .data          0x000000000010961c        0x8 ../../RTOSDemo_bsp/ps7_cortexa9_0/lib\libxil.a(xscuwdt_g.o)
                0x000000000010961c                XScuWdt_ConfigTable
 *fill*         0x0000000000109624        0x4 
 .data          0x0000000000109628      0x430 c:/xilinx/sdk/2018.1/gnu/aarch32/nt/gcc-arm-none-eabi/bin/../arm-none-eabi/libc/usr/lib/v7-a/fpv3/hard\libc.a(lib_a-impure.o)
                0x0000000000109628                _impure_ptr
 *(.data.*)
 .data.ulCriticalNesting
                0x0000000000109a58        0x4 ./src/FreeRTOS_Source/portable/GCC/ARM_CA9/port.o
                0x0000000000109a58                ulCriticalNesting
 .data.pxVectorTable.6346
                0x0000000000109a5c        0x4 ./src/FreeRTOS_tick_config.o
 *(.gnu.linkonce.d.*)
 *(.jcr)
 .jcr           0x0000000000109a60        0x0 c:/xilinx/sdk/2018.1/gnu/aarch32/nt/gcc-arm-none-eabi/bin/../lib/gcc/arm-none-eabi/6.2.1/v7-a/fpv3/hard/crtbegin.o
 *(.got)
 *(.got.plt)
                0x0000000000109a60                __data_end = .

.tm_clone_table
                0x0000000000109a60        0x0
 .tm_clone_table
                0x0000000000109a60        0x0 c:/xilinx/sdk/2018.1/gnu/aarch32/nt/gcc-arm-none-eabi/bin/../lib/gcc/arm-none-eabi/6.2.1/v7-a/fpv3/hard/crtbegin.o
 .tm_clone_table
                0x0000000000109a60        0x0 c:/xilinx/sdk/2018.1/gnu/aarch32/nt/gcc-arm-none-eabi/bin/../lib/gcc/arm-none-eabi/6.2.1/v7-a/fpv3/hard/crtend.o

.igot.plt       0x0000000000109a60        0x0
 .igot.plt      0x0000000000109a60        0x0 c:/xilinx/sdk/2018.1/gnu/aarch32/nt/gcc-arm-none-eabi/bin/../lib/gcc/arm-none-eabi/6.2.1/v7-a/fpv3/hard/crtbegin.o

.data1          0x0000000000109a60        0x0
                0x0000000000109a60                __data1_start = .
 *(.data1)
 *(.data1.*)
                0x0000000000109a60                __data1_end = .

.got
 *(.got)

.ctors          0x0000000000109a60        0x0
                0x0000000000109a60                __CTOR_LIST__ = .
                0x0000000000109a60                ___CTORS_LIST___ = .
 *crtbegin.o(.ctors)
 *(EXCLUDE_FILE(*crtend.o) .ctors)
 *(SORT(.ctors.*))
 *(.ctors)
                0x0000000000109a60                __CTOR_END__ = .
                0x0000000000109a60                ___CTORS_END___ = .

.dtors          0x0000000000109a60        0x0
                0x0000000000109a60                __DTOR_LIST__ = .
                0x0000000000109a60                ___DTORS_LIST___ = .
 *crtbegin.o(.dtors)
 *(EXCLUDE_FILE(*crtend.o) .dtors)
 *(SORT(.dtors.*))
 *(.dtors)
                0x0000000000109a60                __DTOR_END__ = .
                0x0000000000109a60                ___DTORS_END___ = .

.fixup          0x0000000000109a60        0x0
                0x0000000000109a60                __fixup_start = .
 *(.fixup)
                0x0000000000109a60                __fixup_end = .

.eh_frame       0x0000000000109a60        0x0
 *(.eh_frame)
 .eh_frame      0x0000000000109a60        0x0 c:/xilinx/sdk/2018.1/gnu/aarch32/nt/gcc-arm-none-eabi/bin/../lib/gcc/arm-none-eabi/6.2.1/v7-a/fpv3/hard/crtbegin.o

.eh_framehdr    0x0000000000109a60        0x0
                0x0000000000109a60                __eh_framehdr_start = .
 *(.eh_framehdr)
                0x0000000000109a60                __eh_framehdr_end = .

.gcc_except_table
 *(.gcc_except_table)

.mmu_tbl        0x000000000010c000     0x4000
                0x000000000010c000                __mmu_tbl_start = .
 *(.mmu_tbl)
 .mmu_tbl       0x000000000010c000     0x4000 ../../RTOSDemo_bsp/ps7_cortexa9_0/lib\libxil.a(translation_table.o)
                0x000000000010c000                MMUTable
                0x0000000000110000                __mmu_tbl_end = .

.rel.dyn        0x0000000000110000        0x0
 .rel.iplt      0x0000000000110000        0x0 c:/xilinx/sdk/2018.1/gnu/aarch32/nt/gcc-arm-none-eabi/bin/../lib/gcc/arm-none-eabi/6.2.1/v7-a/fpv3/hard/crtbegin.o

.ARM.exidx      0x0000000000110000        0x0
                0x0000000000110000                __exidx_start = .
 *(.ARM.exidx*)
 *(.gnu.linkonce.armexidix.*.*)
                0x0000000000110000                __exidx_end = .

.preinit_array  0x0000000000110000        0x0
                0x0000000000110000                __preinit_array_start = .
 *(SORT(.preinit_array.*))
 *(.preinit_array)
                0x0000000000110000                __preinit_array_end = .

.init_array     0x0000000000110000        0x4
                0x0000000000110000                __init_array_start = .
 *(SORT(.init_array.*))
 *(.init_array)
 .init_array    0x0000000000110000        0x4 c:/xilinx/sdk/2018.1/gnu/aarch32/nt/gcc-arm-none-eabi/bin/../lib/gcc/arm-none-eabi/6.2.1/v7-a/fpv3/hard/crtbegin.o
                0x0000000000110004                __init_array_end = .

.fini_array     0x0000000000110004        0x4
                0x0000000000110004                __fini_array_start = .
 *(SORT(.fini_array.*))
 *(.fini_array)
 .fini_array    0x0000000000110004        0x4 c:/xilinx/sdk/2018.1/gnu/aarch32/nt/gcc-arm-none-eabi/bin/../lib/gcc/arm-none-eabi/6.2.1/v7-a/fpv3/hard/crtbegin.o
                0x0000000000110008                __fini_array_end = .

.ARM.attributes
                0x0000000000110008       0x33
                0x0000000000110008                __ARM.attributes_start = .
 *(.ARM.attributes)
 .ARM.attributes
                0x0000000000110008       0x21 c:/xilinx/sdk/2018.1/gnu/aarch32/nt/gcc-arm-none-eabi/bin/../lib/gcc/arm-none-eabi/6.2.1/v7-a/fpv3/hard/crti.o
 .ARM.attributes
                0x0000000000110029       0x33 c:/xilinx/sdk/2018.1/gnu/aarch32/nt/gcc-arm-none-eabi/bin/../lib/gcc/arm-none-eabi/6.2.1/v7-a/fpv3/hard/crtbegin.o
 .ARM.attributes
                0x000000000011005c       0x3d ./src/FreeRTOS_Source/portable/MemMang/heap_4.o
 .ARM.attributes
                0x0000000000110099       0x3d ./src/FreeRTOS_Source/portable/GCC/ARM_CA9/port.o
 .ARM.attributes
                0x00000000001100d6       0x29 ./src/FreeRTOS_Source/portable/GCC/ARM_CA9/portASM.o
 .ARM.attributes
                0x00000000001100ff       0x3d ./src/FreeRTOS_Source/list.o
 .ARM.attributes
                0x000000000011013c       0x3d ./src/FreeRTOS_Source/queue.o
 .ARM.attributes
                0x0000000000110179       0x3d ./src/FreeRTOS_Source/tasks.o
 .ARM.attributes
                0x00000000001101b6       0x3d ./src/FreeRTOS_Source/timers.o
 .ARM.attributes
                0x00000000001101f3       0x3d ./src/Blinky_Demo/main_blinky.o
 .ARM.attributes
                0x0000000000110230       0x29 ./src/FreeRTOS_asm_vectors.o
 .ARM.attributes
                0x0000000000110259       0x3d ./src/FreeRTOS_tick_config.o
 .ARM.attributes
                0x0000000000110296       0x3d ./src/ParTest.o
 .ARM.attributes
                0x00000000001102d3       0x3d ./src/main.o
 .ARM.attributes
                0x0000000000110310       0x3d ../../RTOSDemo_bsp/ps7_cortexa9_0/lib\libxil.a(xgpiops.o)
 .ARM.attributes
                0x000000000011034d       0x3d ../../RTOSDemo_bsp/ps7_cortexa9_0/lib\libxil.a(xgpiops_intr.o)
 .ARM.attributes
                0x000000000011038a       0x3d ../../RTOSDemo_bsp/ps7_cortexa9_0/lib\libxil.a(xgpiops_sinit.o)
 .ARM.attributes
                0x00000000001103c7       0x3d ../../RTOSDemo_bsp/ps7_cortexa9_0/lib\libxil.a(xscugic.o)
 .ARM.attributes
                0x0000000000110404       0x3d ../../RTOSDemo_bsp/ps7_cortexa9_0/lib\libxil.a(xscugic_g.o)
 .ARM.attributes
                0x0000000000110441       0x3d ../../RTOSDemo_bsp/ps7_cortexa9_0/lib\libxil.a(xscugic_sinit.o)
 .ARM.attributes
                0x000000000011047e       0x3d ../../RTOSDemo_bsp/ps7_cortexa9_0/lib\libxil.a(xscutimer.o)
 .ARM.attributes
                0x00000000001104bb       0x3d ../../RTOSDemo_bsp/ps7_cortexa9_0/lib\libxil.a(xscutimer_sinit.o)
 .ARM.attributes
                0x00000000001104f8       0x3d ../../RTOSDemo_bsp/ps7_cortexa9_0/lib\libxil.a(xscuwdt.o)
 .ARM.attributes
                0x0000000000110535       0x3d ../../RTOSDemo_bsp/ps7_cortexa9_0/lib\libxil.a(xscuwdt_sinit.o)
 .ARM.attributes
                0x0000000000110572       0x29 ../../RTOSDemo_bsp/ps7_cortexa9_0/lib\libxil.a(asm_vectors.o)
 .ARM.attributes
                0x000000000011059b       0x29 ../../RTOSDemo_bsp/ps7_cortexa9_0/lib\libxil.a(boot.o)
 .ARM.attributes
                0x00000000001105c4       0x29 ../../RTOSDemo_bsp/ps7_cortexa9_0/lib\libxil.a(translation_table.o)
 .ARM.attributes
                0x00000000001105ed       0x3d ../../RTOSDemo_bsp/ps7_cortexa9_0/lib\libxil.a(vectors.o)
 .ARM.attributes
                0x000000000011062a       0x29 ../../RTOSDemo_bsp/ps7_cortexa9_0/lib\libxil.a(xil-crt0.o)
 .ARM.attributes
                0x0000000000110653       0x3d ../../RTOSDemo_bsp/ps7_cortexa9_0/lib\libxil.a(xil_assert.o)
 .ARM.attributes
                0x0000000000110690       0x3d ../../RTOSDemo_bsp/ps7_cortexa9_0/lib\libxil.a(xil_exception.o)
 .ARM.attributes
                0x00000000001106cd       0x3d ../../RTOSDemo_bsp/ps7_cortexa9_0/lib\libxil.a(xil_io.o)
 .ARM.attributes
                0x000000000011070a       0x3d ../../RTOSDemo_bsp/ps7_cortexa9_0/lib\libxil.a(xplatform_info.o)
 .ARM.attributes
                0x0000000000110747       0x3d ../../RTOSDemo_bsp/ps7_cortexa9_0/lib\libxil.a(xtime_l.o)
 .ARM.attributes
                0x0000000000110784       0x3d ../../RTOSDemo_bsp/ps7_cortexa9_0/lib\libxil.a(xgpiops_g.o)
 .ARM.attributes
                0x00000000001107c1       0x3d ../../RTOSDemo_bsp/ps7_cortexa9_0/lib\libxil.a(xscutimer_g.o)
 .ARM.attributes
                0x00000000001107fe       0x3d ../../RTOSDemo_bsp/ps7_cortexa9_0/lib\libxil.a(xscuwdt_g.o)
 .ARM.attributes
                0x000000000011083b       0x29 ../../RTOSDemo_bsp/ps7_cortexa9_0/lib\libxil.a(cpu_init.o)
 .ARM.attributes
                0x0000000000110864       0x21 c:/xilinx/sdk/2018.1/gnu/aarch32/nt/gcc-arm-none-eabi/bin/../lib/gcc/arm-none-eabi/6.2.1/v7-a/fpv3/hard\libgcc.a(_udivsi3.o)
 .ARM.attributes
                0x0000000000110885       0x21 c:/xilinx/sdk/2018.1/gnu/aarch32/nt/gcc-arm-none-eabi/bin/../lib/gcc/arm-none-eabi/6.2.1/v7-a/fpv3/hard\libgcc.a(_dvmd_tls.o)
 .ARM.attributes
                0x00000000001108a6       0x33 c:/xilinx/sdk/2018.1/gnu/aarch32/nt/gcc-arm-none-eabi/bin/../arm-none-eabi/libc/usr/lib/v7-a/fpv3/hard\libc.a(lib_a-exit.o)
 .ARM.attributes
                0x00000000001108d9       0x33 c:/xilinx/sdk/2018.1/gnu/aarch32/nt/gcc-arm-none-eabi/bin/../arm-none-eabi/libc/usr/lib/v7-a/fpv3/hard\libc.a(lib_a-fini.o)
 .ARM.attributes
                0x000000000011090c       0x33 c:/xilinx/sdk/2018.1/gnu/aarch32/nt/gcc-arm-none-eabi/bin/../arm-none-eabi/libc/usr/lib/v7-a/fpv3/hard\libc.a(lib_a-impure.o)
 .ARM.attributes
                0x000000000011093f       0x33 c:/xilinx/sdk/2018.1/gnu/aarch32/nt/gcc-arm-none-eabi/bin/../arm-none-eabi/libc/usr/lib/v7-a/fpv3/hard\libc.a(lib_a-init.o)
 .ARM.attributes
                0x0000000000110972       0x33 c:/xilinx/sdk/2018.1/gnu/aarch32/nt/gcc-arm-none-eabi/bin/../arm-none-eabi/libc/usr/lib/v7-a/fpv3/hard\libc.a(lib_a-__call_atexit.o)
 .ARM.attributes
                0x00000000001109a5       0x3d ../../RTOSDemo_bsp/ps7_cortexa9_0/lib\libxil.a(_exit.o)
 .ARM.attributes
                0x00000000001109e2       0x33 c:/xilinx/sdk/2018.1/gnu/aarch32/nt/gcc-arm-none-eabi/bin/../lib/gcc/arm-none-eabi/6.2.1/v7-a/fpv3/hard/crtend.o
 .ARM.attributes
                0x0000000000110a15       0x21 c:/xilinx/sdk/2018.1/gnu/aarch32/nt/gcc-arm-none-eabi/bin/../lib/gcc/arm-none-eabi/6.2.1/v7-a/fpv3/hard/crtn.o
                0x0000000000110a36                __ARM.attributes_end = .

.sdata          0x0000000000110008        0x0
                0x0000000000110008                __sdata_start = .
 *(.sdata)
 *(.sdata.*)
 *(.gnu.linkonce.s.*)
                0x0000000000110008                __sdata_end = .

.sbss           0x0000000000110008        0x0
                0x0000000000110008                __sbss_start = .
 *(.sbss)
 *(.sbss.*)
 *(.gnu.linkonce.sb.*)
                0x0000000000110008                __sbss_end = .

.tdata          0x0000000000110008        0x0
                0x0000000000110008                __tdata_start = .
 *(.tdata)
 *(.tdata.*)
 *(.gnu.linkonce.td.*)
                0x0000000000110008                __tdata_end = .

.tbss           0x0000000000110008        0x0
                0x0000000000110008                __tbss_start = .
 *(.tbss)
 *(.tbss.*)
 *(.gnu.linkonce.tb.*)
                0x0000000000110008                __tbss_end = .

.bss            0x0000000000110008    0x17768
                0x0000000000110008                __bss_start = .
 *(.bss)
 .bss           0x0000000000110008       0x1c c:/xilinx/sdk/2018.1/gnu/aarch32/nt/gcc-arm-none-eabi/bin/../lib/gcc/arm-none-eabi/6.2.1/v7-a/fpv3/hard/crtbegin.o
 .bss           0x0000000000110024        0x4 ../../RTOSDemo_bsp/ps7_cortexa9_0/lib\libxil.a(xil_assert.o)
 *(.bss.*)
 .bss.ucHeap    0x0000000000110028    0x16800 ./src/FreeRTOS_Source/portable/MemMang/heap_4.o
 .bss.xStart    0x0000000000126828        0x8 ./src/FreeRTOS_Source/portable/MemMang/heap_4.o
 .bss.pxEnd     0x0000000000126830        0x4 ./src/FreeRTOS_Source/portable/MemMang/heap_4.o
 .bss.xFreeBytesRemaining
                0x0000000000126834        0x4 ./src/FreeRTOS_Source/portable/MemMang/heap_4.o
 .bss.xMinimumEverFreeBytesRemaining
                0x0000000000126838        0x4 ./src/FreeRTOS_Source/portable/MemMang/heap_4.o
 .bss.xBlockAllocatedBit
                0x000000000012683c        0x4 ./src/FreeRTOS_Source/portable/MemMang/heap_4.o
 .bss.ulPortTaskHasFPUContext
                0x0000000000126840        0x4 ./src/FreeRTOS_Source/portable/GCC/ARM_CA9/port.o
                0x0000000000126840                ulPortTaskHasFPUContext
 .bss.ulPortYieldRequired
                0x0000000000126844        0x4 ./src/FreeRTOS_Source/portable/GCC/ARM_CA9/port.o
                0x0000000000126844                ulPortYieldRequired
 .bss.ulPortInterruptNesting
                0x0000000000126848        0x4 ./src/FreeRTOS_Source/portable/GCC/ARM_CA9/port.o
                0x0000000000126848                ulPortInterruptNesting
 .bss.pxCurrentTCB
                0x000000000012684c        0x4 ./src/FreeRTOS_Source/tasks.o
                0x000000000012684c                pxCurrentTCB
 .bss.pxReadyTasksLists
                0x0000000000126850       0x8c ./src/FreeRTOS_Source/tasks.o
 .bss.xDelayedTaskList1
                0x00000000001268dc       0x14 ./src/FreeRTOS_Source/tasks.o
 .bss.xDelayedTaskList2
                0x00000000001268f0       0x14 ./src/FreeRTOS_Source/tasks.o
 .bss.pxDelayedTaskList
                0x0000000000126904        0x4 ./src/FreeRTOS_Source/tasks.o
 .bss.pxOverflowDelayedTaskList
                0x0000000000126908        0x4 ./src/FreeRTOS_Source/tasks.o
 .bss.xPendingReadyList
                0x000000000012690c       0x14 ./src/FreeRTOS_Source/tasks.o
 .bss.xTasksWaitingTermination
                0x0000000000126920       0x14 ./src/FreeRTOS_Source/tasks.o
 .bss.uxDeletedTasksWaitingCleanUp
                0x0000000000126934        0x4 ./src/FreeRTOS_Source/tasks.o
 .bss.xSuspendedTaskList
                0x0000000000126938       0x14 ./src/FreeRTOS_Source/tasks.o
 .bss.uxCurrentNumberOfTasks
                0x000000000012694c        0x4 ./src/FreeRTOS_Source/tasks.o
 .bss.xTickCount
                0x0000000000126950        0x4 ./src/FreeRTOS_Source/tasks.o
 .bss.uxTopReadyPriority
                0x0000000000126954        0x4 ./src/FreeRTOS_Source/tasks.o
 .bss.xSchedulerRunning
                0x0000000000126958        0x4 ./src/FreeRTOS_Source/tasks.o
 .bss.uxPendedTicks
                0x000000000012695c        0x4 ./src/FreeRTOS_Source/tasks.o
 .bss.xYieldPending
                0x0000000000126960        0x4 ./src/FreeRTOS_Source/tasks.o
 .bss.xNumOfOverflows
                0x0000000000126964        0x4 ./src/FreeRTOS_Source/tasks.o
 .bss.uxTaskNumber
                0x0000000000126968        0x4 ./src/FreeRTOS_Source/tasks.o
 .bss.xNextTaskUnblockTime
                0x000000000012696c        0x4 ./src/FreeRTOS_Source/tasks.o
 .bss.xIdleTaskHandle
                0x0000000000126970        0x4 ./src/FreeRTOS_Source/tasks.o
 .bss.uxSchedulerSuspended
                0x0000000000126974        0x4 ./src/FreeRTOS_Source/tasks.o
 .bss.ulTaskSwitchedInTime
                0x0000000000126978        0x4 ./src/FreeRTOS_Source/tasks.o
 .bss.ulTotalRunTime
                0x000000000012697c        0x4 ./src/FreeRTOS_Source/tasks.o
 .bss.xActiveTimerList1
                0x0000000000126980       0x14 ./src/FreeRTOS_Source/timers.o
 .bss.xActiveTimerList2
                0x0000000000126994       0x14 ./src/FreeRTOS_Source/timers.o
 .bss.pxCurrentTimerList
                0x00000000001269a8        0x4 ./src/FreeRTOS_Source/timers.o
 .bss.pxOverflowTimerList
                0x00000000001269ac        0x4 ./src/FreeRTOS_Source/timers.o
 .bss.xTimerQueue
                0x00000000001269b0        0x4 ./src/FreeRTOS_Source/timers.o
 .bss.xTimerTaskHandle
                0x00000000001269b4        0x4 ./src/FreeRTOS_Source/timers.o
 .bss.xLastTime.6939
                0x00000000001269b8        0x4 ./src/FreeRTOS_Source/timers.o
 .bss.ucStaticTimerQueueStorage.6986
                0x00000000001269bc       0x50 ./src/FreeRTOS_Source/timers.o
 .bss.xStaticTimerQueue.6985
                0x0000000000126a0c       0x54 ./src/FreeRTOS_Source/timers.o
 .bss.xQueue    0x0000000000126a60        0x4 ./src/Blinky_Demo/main_blinky.o
 .bss.xTimer    0x0000000000126a64       0x10 ./src/FreeRTOS_tick_config.o
 .bss.xGpio     0x0000000000126a74       0x20 ./src/ParTest.o
 .bss.xIdleTaskTCB.7317
                0x0000000000126a94       0x5c ./src/main.o
 .bss.uxIdleTaskStack.7318
                0x0000000000126af0      0x3e8 ./src/main.o
 .bss.xTimerTaskTCB.7324
                0x0000000000126ed8       0x5c ./src/main.o
 .bss.uxTimerTaskStack.7325
                0x0000000000126f34      0x7d0 ./src/main.o
 *(.gnu.linkonce.b.*)
 *(COMMON)
 COMMON         0x0000000000127704       0x40 ./src/FreeRTOS_Source/queue.o
                0x0000000000127704                xQueueRegistry
 COMMON         0x0000000000127744        0xc ./src/FreeRTOS_tick_config.o
                0x0000000000127744                xInterruptController
 COMMON         0x0000000000127750       0x10 ./src/main.o
                0x0000000000127750                xWatchDogInstance
 COMMON         0x0000000000127760        0x4 ../../RTOSDemo_bsp/ps7_cortexa9_0/lib\libxil.a(xil_assert.o)
                0x0000000000127760                Xil_AssertStatus
 COMMON         0x0000000000127764        0xc ../../RTOSDemo_bsp/ps7_cortexa9_0/lib\libxil.a(xil_exception.o)
                0x0000000000127764                UndefinedExceptionAddr
                0x0000000000127768                PrefetchAbortAddr
                0x000000000012776c                DataAbortAddr
                0x0000000000127770                __bss_end = .
                0x0000000000110008                _SDA_BASE_ = (__sdata_start + ((__sbss_end - __sdata_start) / 0x2))
                0x0000000000108fb0                _SDA2_BASE_ = (__sdata2_start + ((__sbss2_end - __sdata2_start) / 0x2))

.heap           0x0000000000127770     0x2000
                0x0000000000127770                . = ALIGN (0x10)
                0x0000000000127770                _heap = .
                0x0000000000127770                HeapBase = .
                0x0000000000127770                _heap_start = .
                0x0000000000129770                . = (. + _HEAP_SIZE)
 *fill*         0x0000000000127770     0x2000 
                0x0000000000129770                _heap_end = .
                0x0000000000129770                HeapLimit = .

.stack          0x0000000000129770     0x3800
                0x0000000000129770                . = ALIGN (0x10)
                0x0000000000129770                _stack_end = .
                0x000000000012b770                . = (. + _STACK_SIZE)
 *fill*         0x0000000000129770     0x2000 
                0x000000000012b770                . = ALIGN (0x10)
                0x000000000012b770                _stack = .
                0x000000000012b770                __stack = _stack
                0x000000000012b770                . = ALIGN (0x10)
                0x000000000012b770                _irq_stack_end = .
                0x000000000012bb70                . = (. + _IRQ_STACK_SIZE)
 *fill*         0x000000000012b770      0x400 
                0x000000000012bb70                . = ALIGN (0x10)
                0x000000000012bb70                __irq_stack = .
                0x000000000012bb70                _supervisor_stack_end = .
                0x000000000012c370                . = (. + _SUPERVISOR_STACK_SIZE)
 *fill*         0x000000000012bb70      0x800 
                0x000000000012c370                . = ALIGN (0x10)
                0x000000000012c370                __supervisor_stack = .
                0x000000000012c370                _abort_stack_end = .
                0x000000000012c770                . = (. + _ABORT_STACK_SIZE)
 *fill*         0x000000000012c370      0x400 
                0x000000000012c770                . = ALIGN (0x10)
                0x000000000012c770                __abort_stack = .
                0x000000000012c770                _fiq_stack_end = .
                0x000000000012cb70                . = (. + _FIQ_STACK_SIZE)
 *fill*         0x000000000012c770      0x400 
                0x000000000012cb70                . = ALIGN (0x10)
                0x000000000012cb70                __fiq_stack = .
                0x000000000012cb70                _undef_stack_end = .
                0x000000000012cf70                . = (. + _UNDEF_STACK_SIZE)
 *fill*         0x000000000012cb70      0x400 
                0x000000000012cf70                . = ALIGN (0x10)
                0x000000000012cf70                __undef_stack = .
                0x000000000012cf70                _end = .
LOAD ./src/FreeRTOS_Source/portable/MemMang/heap_4.o
LOAD ./src/FreeRTOS_Source/portable/GCC/ARM_CA9/port.o
LOAD ./src/FreeRTOS_Source/portable/GCC/ARM_CA9/portASM.o
LOAD ./src/FreeRTOS_Source/event_groups.o
LOAD ./src/FreeRTOS_Source/list.o
LOAD ./src/FreeRTOS_Source/queue.o
LOAD ./src/FreeRTOS_Source/tasks.o
LOAD ./src/FreeRTOS_Source/timers.o
LOAD ./src/Blinky_Demo/main_blinky.o
LOAD ./src/FreeRTOS_asm_vectors.o
LOAD ./src/FreeRTOS_tick_config.o
LOAD ./src/ParTest.o
LOAD ./src/main.o
LOAD ./src/platform.o
LOAD ./src/printf-stdarg.o
START GROUP
LOAD ../../RTOSDemo_bsp/ps7_cortexa9_0/lib\libxil.a
LOAD c:/xilinx/sdk/2018.1/gnu/aarch32/nt/gcc-arm-none-eabi/bin/../lib/gcc/arm-none-eabi/6.2.1/v7-a/fpv3/hard\libgcc.a
LOAD c:/xilinx/sdk/2018.1/gnu/aarch32/nt/gcc-arm-none-eabi/bin/../arm-none-eabi/libc/usr/lib/v7-a/fpv3/hard\libc.a
END GROUP
START GROUP
LOAD c:/xilinx/sdk/2018.1/gnu/aarch32/nt/gcc-arm-none-eabi/bin/../lib/gcc/arm-none-eabi/6.2.1/v7-a/fpv3/hard\libgcc.a
LOAD c:/xilinx/sdk/2018.1/gnu/aarch32/nt/gcc-arm-none-eabi/bin/../arm-none-eabi/libc/usr/lib/v7-a/fpv3/hard\libc.a
END GROUP
LOAD c:/xilinx/sdk/2018.1/gnu/aarch32/nt/gcc-arm-none-eabi/bin/../lib/gcc/arm-none-eabi/6.2.1/v7-a/fpv3/hard/crtend.o
LOAD c:/xilinx/sdk/2018.1/gnu/aarch32/nt/gcc-arm-none-eabi/bin/../lib/gcc/arm-none-eabi/6.2.1/v7-a/fpv3/hard/crtn.o
OUTPUT(RTOSDemo.elf elf32-littlearm)

.comment        0x0000000000000000       0x36
 .comment       0x0000000000000000       0x36 c:/xilinx/sdk/2018.1/gnu/aarch32/nt/gcc-arm-none-eabi/bin/../lib/gcc/arm-none-eabi/6.2.1/v7-a/fpv3/hard/crtbegin.o
                                         0x37 (size before relaxing)
 .comment       0x0000000000000036       0x37 ./src/FreeRTOS_Source/portable/MemMang/heap_4.o
 .comment       0x0000000000000036       0x37 ./src/FreeRTOS_Source/portable/GCC/ARM_CA9/port.o
 .comment       0x0000000000000036       0x37 ./src/FreeRTOS_Source/list.o
 .comment       0x0000000000000036       0x37 ./src/FreeRTOS_Source/queue.o
 .comment       0x0000000000000036       0x37 ./src/FreeRTOS_Source/tasks.o
 .comment       0x0000000000000036       0x37 ./src/FreeRTOS_Source/timers.o
 .comment       0x0000000000000036       0x37 ./src/Blinky_Demo/main_blinky.o
 .comment       0x0000000000000036       0x37 ./src/FreeRTOS_tick_config.o
 .comment       0x0000000000000036       0x37 ./src/ParTest.o
 .comment       0x0000000000000036       0x37 ./src/main.o
 .comment       0x0000000000000036       0x37 ../../RTOSDemo_bsp/ps7_cortexa9_0/lib\libxil.a(xgpiops.o)
 .comment       0x0000000000000036       0x37 ../../RTOSDemo_bsp/ps7_cortexa9_0/lib\libxil.a(xgpiops_intr.o)
 .comment       0x0000000000000036       0x37 ../../RTOSDemo_bsp/ps7_cortexa9_0/lib\libxil.a(xgpiops_sinit.o)
 .comment       0x0000000000000036       0x37 ../../RTOSDemo_bsp/ps7_cortexa9_0/lib\libxil.a(xscugic.o)
 .comment       0x0000000000000036       0x37 ../../RTOSDemo_bsp/ps7_cortexa9_0/lib\libxil.a(xscugic_g.o)
 .comment       0x0000000000000036       0x37 ../../RTOSDemo_bsp/ps7_cortexa9_0/lib\libxil.a(xscugic_sinit.o)
 .comment       0x0000000000000036       0x37 ../../RTOSDemo_bsp/ps7_cortexa9_0/lib\libxil.a(xscutimer.o)
 .comment       0x0000000000000036       0x37 ../../RTOSDemo_bsp/ps7_cortexa9_0/lib\libxil.a(xscutimer_sinit.o)
 .comment       0x0000000000000036       0x37 ../../RTOSDemo_bsp/ps7_cortexa9_0/lib\libxil.a(xscuwdt.o)
 .comment       0x0000000000000036       0x37 ../../RTOSDemo_bsp/ps7_cortexa9_0/lib\libxil.a(xscuwdt_sinit.o)
 .comment       0x0000000000000036       0x37 ../../RTOSDemo_bsp/ps7_cortexa9_0/lib\libxil.a(vectors.o)
 .comment       0x0000000000000036       0x37 ../../RTOSDemo_bsp/ps7_cortexa9_0/lib\libxil.a(xil_assert.o)
 .comment       0x0000000000000036       0x37 ../../RTOSDemo_bsp/ps7_cortexa9_0/lib\libxil.a(xil_exception.o)
 .comment       0x0000000000000036       0x37 ../../RTOSDemo_bsp/ps7_cortexa9_0/lib\libxil.a(xil_io.o)
 .comment       0x0000000000000036       0x37 ../../RTOSDemo_bsp/ps7_cortexa9_0/lib\libxil.a(xplatform_info.o)
 .comment       0x0000000000000036       0x37 ../../RTOSDemo_bsp/ps7_cortexa9_0/lib\libxil.a(xtime_l.o)
 .comment       0x0000000000000036       0x37 ../../RTOSDemo_bsp/ps7_cortexa9_0/lib\libxil.a(xgpiops_g.o)
 .comment       0x0000000000000036       0x37 ../../RTOSDemo_bsp/ps7_cortexa9_0/lib\libxil.a(xscutimer_g.o)
 .comment       0x0000000000000036       0x37 ../../RTOSDemo_bsp/ps7_cortexa9_0/lib\libxil.a(xscuwdt_g.o)
 .comment       0x0000000000000036       0x37 c:/xilinx/sdk/2018.1/gnu/aarch32/nt/gcc-arm-none-eabi/bin/../arm-none-eabi/libc/usr/lib/v7-a/fpv3/hard\libc.a(lib_a-exit.o)
 .comment       0x0000000000000036       0x37 c:/xilinx/sdk/2018.1/gnu/aarch32/nt/gcc-arm-none-eabi/bin/../arm-none-eabi/libc/usr/lib/v7-a/fpv3/hard\libc.a(lib_a-fini.o)
 .comment       0x0000000000000036       0x37 c:/xilinx/sdk/2018.1/gnu/aarch32/nt/gcc-arm-none-eabi/bin/../arm-none-eabi/libc/usr/lib/v7-a/fpv3/hard\libc.a(lib_a-impure.o)
 .comment       0x0000000000000036       0x37 c:/xilinx/sdk/2018.1/gnu/aarch32/nt/gcc-arm-none-eabi/bin/../arm-none-eabi/libc/usr/lib/v7-a/fpv3/hard\libc.a(lib_a-init.o)
 .comment       0x0000000000000036       0x37 c:/xilinx/sdk/2018.1/gnu/aarch32/nt/gcc-arm-none-eabi/bin/../arm-none-eabi/libc/usr/lib/v7-a/fpv3/hard\libc.a(lib_a-__call_atexit.o)
 .comment       0x0000000000000036       0x37 ../../RTOSDemo_bsp/ps7_cortexa9_0/lib\libxil.a(_exit.o)
 .comment       0x0000000000000036       0x37 c:/xilinx/sdk/2018.1/gnu/aarch32/nt/gcc-arm-none-eabi/bin/../lib/gcc/arm-none-eabi/6.2.1/v7-a/fpv3/hard/crtend.o

.debug_info     0x0000000000000000     0xae32
 .debug_info    0x0000000000000000      0xbef ./src/FreeRTOS_Source/portable/MemMang/heap_4.o
 .debug_info    0x0000000000000bef      0xbee ./src/FreeRTOS_Source/portable/GCC/ARM_CA9/port.o
 .debug_info    0x00000000000017dd       0xee ./src/FreeRTOS_Source/portable/GCC/ARM_CA9/portASM.o
 .debug_info    0x00000000000018cb      0xb82 ./src/FreeRTOS_Source/list.o
 .debug_info    0x000000000000244d     0x1bbf ./src/FreeRTOS_Source/queue.o
 .debug_info    0x000000000000400c     0x243c ./src/FreeRTOS_Source/tasks.o
 .debug_info    0x0000000000006448     0x17ff ./src/FreeRTOS_Source/timers.o
 .debug_info    0x0000000000007c47      0xa6c ./src/Blinky_Demo/main_blinky.o
 .debug_info    0x00000000000086b3       0xa7 ./src/FreeRTOS_asm_vectors.o
 .debug_info    0x000000000000875a      0xbf1 ./src/FreeRTOS_tick_config.o
 .debug_info    0x000000000000934b      0xb09 ./src/ParTest.o
 .debug_info    0x0000000000009e54      0xfde ./src/main.o

.debug_abbrev   0x0000000000000000     0x18d3
 .debug_abbrev  0x0000000000000000      0x296 ./src/FreeRTOS_Source/portable/MemMang/heap_4.o
 .debug_abbrev  0x0000000000000296      0x2a6 ./src/FreeRTOS_Source/portable/GCC/ARM_CA9/port.o
 .debug_abbrev  0x000000000000053c       0x14 ./src/FreeRTOS_Source/portable/GCC/ARM_CA9/portASM.o
 .debug_abbrev  0x0000000000000550      0x207 ./src/FreeRTOS_Source/list.o
 .debug_abbrev  0x0000000000000757      0x2c0 ./src/FreeRTOS_Source/queue.o
 .debug_abbrev  0x0000000000000a17      0x351 ./src/FreeRTOS_Source/tasks.o
 .debug_abbrev  0x0000000000000d68      0x283 ./src/FreeRTOS_Source/timers.o
 .debug_abbrev  0x0000000000000feb      0x208 ./src/Blinky_Demo/main_blinky.o
 .debug_abbrev  0x00000000000011f3       0x14 ./src/FreeRTOS_asm_vectors.o
 .debug_abbrev  0x0000000000001207      0x21a ./src/FreeRTOS_tick_config.o
 .debug_abbrev  0x0000000000001421      0x1d3 ./src/ParTest.o
 .debug_abbrev  0x00000000000015f4      0x2df ./src/main.o

.debug_aranges  0x0000000000000000      0x690
 .debug_aranges
                0x0000000000000000       0x50 ./src/FreeRTOS_Source/portable/MemMang/heap_4.o
 .debug_aranges
                0x0000000000000050       0x70 ./src/FreeRTOS_Source/portable/GCC/ARM_CA9/port.o
 .debug_aranges
                0x00000000000000c0       0x20 ./src/FreeRTOS_Source/portable/GCC/ARM_CA9/portASM.o
 .debug_aranges
                0x00000000000000e0       0x40 ./src/FreeRTOS_Source/list.o
 .debug_aranges
                0x0000000000000120      0x160 ./src/FreeRTOS_Source/queue.o
 .debug_aranges
                0x0000000000000280      0x210 ./src/FreeRTOS_Source/tasks.o
 .debug_aranges
                0x0000000000000490       0xd0 ./src/FreeRTOS_Source/timers.o
 .debug_aranges
                0x0000000000000560       0x30 ./src/Blinky_Demo/main_blinky.o
 .debug_aranges
                0x0000000000000590       0x20 ./src/FreeRTOS_asm_vectors.o
 .debug_aranges
                0x00000000000005b0       0x30 ./src/FreeRTOS_tick_config.o
 .debug_aranges
                0x00000000000005e0       0x30 ./src/ParTest.o
 .debug_aranges
                0x0000000000000610       0x80 ./src/main.o

.debug_ranges   0x0000000000000000      0x5b0
 .debug_ranges  0x0000000000000000       0x40 ./src/FreeRTOS_Source/portable/MemMang/heap_4.o
 .debug_ranges  0x0000000000000040       0x60 ./src/FreeRTOS_Source/portable/GCC/ARM_CA9/port.o
 .debug_ranges  0x00000000000000a0       0x30 ./src/FreeRTOS_Source/list.o
 .debug_ranges  0x00000000000000d0      0x150 ./src/FreeRTOS_Source/queue.o
 .debug_ranges  0x0000000000000220      0x200 ./src/FreeRTOS_Source/tasks.o
 .debug_ranges  0x0000000000000420       0xc0 ./src/FreeRTOS_Source/timers.o
 .debug_ranges  0x00000000000004e0       0x20 ./src/Blinky_Demo/main_blinky.o
 .debug_ranges  0x0000000000000500       0x20 ./src/FreeRTOS_tick_config.o
 .debug_ranges  0x0000000000000520       0x20 ./src/ParTest.o
 .debug_ranges  0x0000000000000540       0x70 ./src/main.o

.debug_macro    0x0000000000000000     0x6898
 .debug_macro   0x0000000000000000      0x273 ./src/FreeRTOS_Source/portable/MemMang/heap_4.o
 .debug_macro   0x0000000000000273      0x8ce ./src/FreeRTOS_Source/portable/MemMang/heap_4.o
 .debug_macro   0x0000000000000b41       0x22 ./src/FreeRTOS_Source/portable/MemMang/heap_4.o
 .debug_macro   0x0000000000000b63       0x52 ./src/FreeRTOS_Source/portable/MemMang/heap_4.o
 .debug_macro   0x0000000000000bb5       0x8d ./src/FreeRTOS_Source/portable/MemMang/heap_4.o
 .debug_macro   0x0000000000000c42       0x35 ./src/FreeRTOS_Source/portable/MemMang/heap_4.o
 .debug_macro   0x0000000000000c77       0x9c ./src/FreeRTOS_Source/portable/MemMang/heap_4.o
 .debug_macro   0x0000000000000d13       0x16 ./src/FreeRTOS_Source/portable/MemMang/heap_4.o
 .debug_macro   0x0000000000000d29      0x10e ./src/FreeRTOS_Source/portable/MemMang/heap_4.o
 .debug_macro   0x0000000000000e37       0x8d ./src/FreeRTOS_Source/portable/MemMang/heap_4.o
 .debug_macro   0x0000000000000ec4       0x4a ./src/FreeRTOS_Source/portable/MemMang/heap_4.o
 .debug_macro   0x0000000000000f0e       0x52 ./src/FreeRTOS_Source/portable/MemMang/heap_4.o
 .debug_macro   0x0000000000000f60       0x16 ./src/FreeRTOS_Source/portable/MemMang/heap_4.o
 .debug_macro   0x0000000000000f76       0x43 ./src/FreeRTOS_Source/portable/MemMang/heap_4.o
 .debug_macro   0x0000000000000fb9      0x187 ./src/FreeRTOS_Source/portable/MemMang/heap_4.o
 .debug_macro   0x0000000000001140      0x30d ./src/FreeRTOS_Source/portable/MemMang/heap_4.o
 .debug_macro   0x000000000000144d       0x16 ./src/FreeRTOS_Source/portable/MemMang/heap_4.o
 .debug_macro   0x0000000000001463       0x29 ./src/FreeRTOS_Source/portable/MemMang/heap_4.o
 .debug_macro   0x000000000000148c       0xfd ./src/FreeRTOS_Source/portable/MemMang/heap_4.o
 .debug_macro   0x0000000000001589       0x22 ./src/FreeRTOS_Source/portable/MemMang/heap_4.o
 .debug_macro   0x00000000000015ab      0x1df ./src/FreeRTOS_Source/portable/MemMang/heap_4.o
 .debug_macro   0x000000000000178a       0x16 ./src/FreeRTOS_Source/portable/MemMang/heap_4.o
 .debug_macro   0x00000000000017a0      0x587 ./src/FreeRTOS_Source/portable/MemMang/heap_4.o
 .debug_macro   0x0000000000001d27      0x56b ./src/FreeRTOS_Source/portable/MemMang/heap_4.o
 .debug_macro   0x0000000000002292      0x136 ./src/FreeRTOS_Source/portable/MemMang/heap_4.o
 .debug_macro   0x00000000000023c8       0x4a ./src/FreeRTOS_Source/portable/MemMang/heap_4.o
 .debug_macro   0x0000000000002412       0x36 ./src/FreeRTOS_Source/portable/MemMang/heap_4.o
 .debug_macro   0x0000000000002448      0x3f4 ./src/FreeRTOS_Source/portable/MemMang/heap_4.o
 .debug_macro   0x000000000000283c      0x696 ./src/FreeRTOS_Source/portable/MemMang/heap_4.o
 .debug_macro   0x0000000000002ed2       0x87 ./src/FreeRTOS_Source/portable/MemMang/heap_4.o
 .debug_macro   0x0000000000002f59       0xac ./src/FreeRTOS_Source/portable/MemMang/heap_4.o
 .debug_macro   0x0000000000003005       0x16 ./src/FreeRTOS_Source/portable/MemMang/heap_4.o
 .debug_macro   0x000000000000301b       0x35 ./src/FreeRTOS_Source/portable/MemMang/heap_4.o
 .debug_macro   0x0000000000003050       0x58 ./src/FreeRTOS_Source/portable/MemMang/heap_4.o
 .debug_macro   0x00000000000030a8      0x57d ./src/FreeRTOS_Source/portable/MemMang/heap_4.o
 .debug_macro   0x0000000000003625       0x4c ./src/FreeRTOS_Source/portable/MemMang/heap_4.o
 .debug_macro   0x0000000000003671       0x74 ./src/FreeRTOS_Source/portable/MemMang/heap_4.o
 .debug_macro   0x00000000000036e5       0x43 ./src/FreeRTOS_Source/portable/MemMang/heap_4.o
 .debug_macro   0x0000000000003728       0xc8 ./src/FreeRTOS_Source/portable/MemMang/heap_4.o
 .debug_macro   0x00000000000037f0      0x168 ./src/FreeRTOS_Source/portable/MemMang/heap_4.o
 .debug_macro   0x0000000000003958      0x146 ./src/FreeRTOS_Source/portable/MemMang/heap_4.o
 .debug_macro   0x0000000000003a9e       0x10 ./src/FreeRTOS_Source/portable/MemMang/heap_4.o
 .debug_macro   0x0000000000003aae       0x1f ./src/FreeRTOS_Source/portable/MemMang/heap_4.o
 .debug_macro   0x0000000000003acd      0x39f ./src/FreeRTOS_Source/portable/MemMang/heap_4.o
 .debug_macro   0x0000000000003e6c       0xc0 ./src/FreeRTOS_Source/portable/MemMang/heap_4.o
 .debug_macro   0x0000000000003f2c       0x8c ./src/FreeRTOS_Source/portable/MemMang/heap_4.o
 .debug_macro   0x0000000000003fb8      0x2d8 ./src/FreeRTOS_Source/portable/GCC/ARM_CA9/port.o
 .debug_macro   0x0000000000004290      0x24c ./src/FreeRTOS_Source/list.o
 .debug_macro   0x00000000000044dc      0x2a7 ./src/FreeRTOS_Source/queue.o
 .debug_macro   0x0000000000004783       0x9b ./src/FreeRTOS_Source/queue.o
 .debug_macro   0x000000000000481e      0x393 ./src/FreeRTOS_Source/tasks.o
 .debug_macro   0x0000000000004bb1       0x10 ./src/FreeRTOS_Source/tasks.o
 .debug_macro   0x0000000000004bc1       0x1c ./src/FreeRTOS_Source/tasks.o
 .debug_macro   0x0000000000004bdd       0x22 ./src/FreeRTOS_Source/tasks.o
 .debug_macro   0x0000000000004bff       0x3a ./src/FreeRTOS_Source/tasks.o
 .debug_macro   0x0000000000004c39       0x10 ./src/FreeRTOS_Source/tasks.o
 .debug_macro   0x0000000000004c49       0x40 ./src/FreeRTOS_Source/tasks.o
 .debug_macro   0x0000000000004c89       0x6c ./src/FreeRTOS_Source/tasks.o
 .debug_macro   0x0000000000004cf5       0x16 ./src/FreeRTOS_Source/tasks.o
 .debug_macro   0x0000000000004d0b      0x182 ./src/FreeRTOS_Source/tasks.o
 .debug_macro   0x0000000000004e8d      0x289 ./src/FreeRTOS_Source/timers.o
 .debug_macro   0x0000000000005116      0x270 ./src/Blinky_Demo/main_blinky.o
 .debug_macro   0x0000000000005386      0x174 ./src/Blinky_Demo/main_blinky.o
 .debug_macro   0x00000000000054fa       0x87 ./src/Blinky_Demo/main_blinky.o
 .debug_macro   0x0000000000005581       0x44 ./src/Blinky_Demo/main_blinky.o
 .debug_macro   0x00000000000055c5       0x58 ./src/Blinky_Demo/main_blinky.o
 .debug_macro   0x000000000000561d       0xa6 ./src/Blinky_Demo/main_blinky.o
 .debug_macro   0x00000000000056c3       0x10 ./src/Blinky_Demo/main_blinky.o
 .debug_macro   0x00000000000056d3       0x94 ./src/Blinky_Demo/main_blinky.o
 .debug_macro   0x0000000000005767      0x280 ./src/FreeRTOS_tick_config.o
 .debug_macro   0x00000000000059e7       0x8b ./src/FreeRTOS_tick_config.o
 .debug_macro   0x0000000000005a72       0x4a ./src/FreeRTOS_tick_config.o
 .debug_macro   0x0000000000005abc       0x81 ./src/FreeRTOS_tick_config.o
 .debug_macro   0x0000000000005b3d      0x2a2 ./src/FreeRTOS_tick_config.o
 .debug_macro   0x0000000000005ddf       0x20 ./src/FreeRTOS_tick_config.o
 .debug_macro   0x0000000000005dff      0x272 ./src/ParTest.o
 .debug_macro   0x0000000000006071       0xa2 ./src/ParTest.o
 .debug_macro   0x0000000000006113       0x52 ./src/ParTest.o
 .debug_macro   0x0000000000006165       0x62 ./src/ParTest.o
 .debug_macro   0x00000000000061c7      0x36c ./src/main.o
 .debug_macro   0x0000000000006533       0x16 ./src/main.o
 .debug_macro   0x0000000000006549       0x97 ./src/main.o
 .debug_macro   0x00000000000065e0       0xfd ./src/main.o
 .debug_macro   0x00000000000066dd       0x10 ./src/main.o
 .debug_macro   0x00000000000066ed       0x2b ./src/main.o
 .debug_macro   0x0000000000006718      0x118 ./src/main.o
 .debug_macro   0x0000000000006830       0x52 ./src/main.o
 .debug_macro   0x0000000000006882       0x16 ./src/main.o

.debug_line     0x0000000000000000     0x5573
 .debug_line    0x0000000000000000      0x6b5 ./src/FreeRTOS_Source/portable/MemMang/heap_4.o
 .debug_line    0x00000000000006b5      0x6a5 ./src/FreeRTOS_Source/portable/GCC/ARM_CA9/port.o
 .debug_line    0x0000000000000d5a       0xec ./src/FreeRTOS_Source/portable/GCC/ARM_CA9/portASM.o
 .debug_line    0x0000000000000e46      0x603 ./src/FreeRTOS_Source/list.o
 .debug_line    0x0000000000001449      0xcd7 ./src/FreeRTOS_Source/queue.o
 .debug_line    0x0000000000002120     0x11e7 ./src/FreeRTOS_Source/tasks.o
 .debug_line    0x0000000000003307      0x8c1 ./src/FreeRTOS_Source/timers.o
 .debug_line    0x0000000000003bc8      0x5a9 ./src/Blinky_Demo/main_blinky.o
 .debug_line    0x0000000000004171       0x6a ./src/FreeRTOS_asm_vectors.o
 .debug_line    0x00000000000041db      0x5e7 ./src/FreeRTOS_tick_config.o
 .debug_line    0x00000000000047c2      0x59c ./src/ParTest.o
 .debug_line    0x0000000000004d5e      0x815 ./src/main.o

.debug_str      0x0000000000000000    0x1ae34
 .debug_str     0x0000000000000000    0x12558 ./src/FreeRTOS_Source/portable/MemMang/heap_4.o
                                      0x127eb (size before relaxing)
 .debug_str     0x0000000000012558      0x63a ./src/FreeRTOS_Source/portable/GCC/ARM_CA9/port.o
                                      0x12b52 (size before relaxing)
 .debug_str     0x0000000000012b92      0x155 ./src/FreeRTOS_Source/list.o
                                      0x120cc (size before relaxing)
 .debug_str     0x0000000000012ce7     0x1266 ./src/FreeRTOS_Source/queue.o
                                      0x13934 (size before relaxing)
 .debug_str     0x0000000000013f4d     0x2cb1 ./src/FreeRTOS_Source/tasks.o
                                      0x154a5 (size before relaxing)
 .debug_str     0x0000000000016bfe      0x573 ./src/FreeRTOS_Source/timers.o
                                      0x13e9f (size before relaxing)
 .debug_str     0x0000000000017171      0xab4 ./src/Blinky_Demo/main_blinky.o
                                      0x137db (size before relaxing)
 .debug_str     0x0000000000017c25     0x240d ./src/FreeRTOS_tick_config.o
                                      0x14881 (size before relaxing)
 .debug_str     0x000000000001a032      0x7e8 ./src/ParTest.o
                                      0x12c3f (size before relaxing)
 .debug_str     0x000000000001a81a      0x61a ./src/main.o
                                      0x16f76 (size before relaxing)

.debug_frame    0x0000000000000000     0x163c
 .debug_frame   0x0000000000000000       0xf4 ./src/FreeRTOS_Source/portable/MemMang/heap_4.o
 .debug_frame   0x00000000000000f4      0x160 ./src/FreeRTOS_Source/portable/GCC/ARM_CA9/port.o
 .debug_frame   0x0000000000000254       0xb0 ./src/FreeRTOS_Source/list.o
 .debug_frame   0x0000000000000304      0x540 ./src/FreeRTOS_Source/queue.o
 .debug_frame   0x0000000000000844      0x804 ./src/FreeRTOS_Source/tasks.o
 .debug_frame   0x0000000000001048      0x2ec ./src/FreeRTOS_Source/timers.o
 .debug_frame   0x0000000000001334       0x64 ./src/Blinky_Demo/main_blinky.o
 .debug_frame   0x0000000000001398       0x70 ./src/FreeRTOS_tick_config.o
 .debug_frame   0x0000000000001408       0x70 ./src/ParTest.o
 .debug_frame   0x0000000000001478      0x1a4 ./src/main.o
 .debug_frame   0x000000000000161c       0x20 c:/xilinx/sdk/2018.1/gnu/aarch32/nt/gcc-arm-none-eabi/bin/../lib/gcc/arm-none-eabi/6.2.1/v7-a/fpv3/hard\libgcc.a(_udivsi3.o)
